Component: Arm Compiler for Embedded 6.21 Tool: armlink [5ec1fa00]

==============================================================================

Section Cross References

    main.o(.text.main) refers to stm32f4xx_gpio.o(.text.GPIO_SetBits) for GPIO_SetBits
    main.o(.text.main) refers to thread.o(.text.rt_thread_mdelay) for rt_thread_mdelay
    main.o(.text.main) refers to stm32f4xx_gpio.o(.text.GPIO_ResetBits) for GPIO_ResetBits
    main.o(.ARM.exidx.text.main) refers to main.o(.text.main) for [Anonymous Symbol]
    stm32f4xx_it.o(.ARM.exidx.text.NMI_Handler) refers to stm32f4xx_it.o(.text.NMI_Handler) for [Anonymous Symbol]
    stm32f4xx_it.o(.ARM.exidx.text.MemManage_Handler) refers to stm32f4xx_it.o(.text.MemManage_Handler) for [Anonymous Symbol]
    stm32f4xx_it.o(.ARM.exidx.text.BusFault_Handler) refers to stm32f4xx_it.o(.text.BusFault_Handler) for [Anonymous Symbol]
    stm32f4xx_it.o(.ARM.exidx.text.UsageFault_Handler) refers to stm32f4xx_it.o(.text.UsageFault_Handler) for [Anonymous Symbol]
    stm32f4xx_it.o(.ARM.exidx.text.DebugMon_Handler) refers to stm32f4xx_it.o(.text.DebugMon_Handler) for [Anonymous Symbol]
    system_stm32f4xx.o(.ARM.exidx.text.SystemInit) refers to system_stm32f4xx.o(.text.SystemInit) for [Anonymous Symbol]
    system_stm32f4xx.o(.text.SystemCoreClockUpdate) refers to system_stm32f4xx.o(.data.SystemCoreClock) for SystemCoreClock
    system_stm32f4xx.o(.text.SystemCoreClockUpdate) refers to system_stm32f4xx.o(.rodata.AHBPrescTable) for AHBPrescTable
    system_stm32f4xx.o(.ARM.exidx.text.SystemCoreClockUpdate) refers to system_stm32f4xx.o(.text.SystemCoreClockUpdate) for [Anonymous Symbol]
    startup_stm32f40_41xxx.o(STACK) refers (Special) to heapauxi.o(.text) for __use_two_region_memory
    startup_stm32f40_41xxx.o(HEAP) refers (Special) to heapauxi.o(.text) for __use_two_region_memory
    startup_stm32f40_41xxx.o(RESET) refers (Special) to heapauxi.o(.text) for __use_two_region_memory
    startup_stm32f40_41xxx.o(RESET) refers to startup_stm32f40_41xxx.o(STACK) for __initial_sp
    startup_stm32f40_41xxx.o(RESET) refers to startup_stm32f40_41xxx.o(.text) for Reset_Handler
    startup_stm32f40_41xxx.o(RESET) refers to stm32f4xx_it.o(.text.NMI_Handler) for NMI_Handler
    startup_stm32f40_41xxx.o(RESET) refers to context_rvds.o(.text) for HardFault_Handler
    startup_stm32f40_41xxx.o(RESET) refers to stm32f4xx_it.o(.text.MemManage_Handler) for MemManage_Handler
    startup_stm32f40_41xxx.o(RESET) refers to stm32f4xx_it.o(.text.BusFault_Handler) for BusFault_Handler
    startup_stm32f40_41xxx.o(RESET) refers to stm32f4xx_it.o(.text.UsageFault_Handler) for UsageFault_Handler
    startup_stm32f40_41xxx.o(RESET) refers to stm32f4xx_it.o(.text.DebugMon_Handler) for DebugMon_Handler
    startup_stm32f40_41xxx.o(RESET) refers to board.o(.text.SysTick_Handler) for SysTick_Handler
    startup_stm32f40_41xxx.o(RESET) refers to usart.o(.text.USART1_IRQHandler) for USART1_IRQHandler
    startup_stm32f40_41xxx.o(.text) refers (Special) to heapauxi.o(.text) for __use_two_region_memory
    startup_stm32f40_41xxx.o(.text) refers to system_stm32f4xx.o(.text.SystemInit) for SystemInit
    startup_stm32f40_41xxx.o(.text) refers to __main.o(!!!main) for __main
    startup_stm32f40_41xxx.o(.text) refers to startup_stm32f40_41xxx.o(HEAP) for Heap_Mem
    startup_stm32f40_41xxx.o(.text) refers to startup_stm32f40_41xxx.o(STACK) for Stack_Mem
    delay.o(.text.delay_init) refers to misc.o(.text.SysTick_CLKSourceConfig) for SysTick_CLKSourceConfig
    delay.o(.text.delay_init) refers to delay.o(.bss.fac_us) for fac_us
    delay.o(.text.delay_init) refers to delay.o(.bss.fac_ms) for fac_ms
    delay.o(.ARM.exidx.text.delay_init) refers to delay.o(.text.delay_init) for [Anonymous Symbol]
    delay.o(.text.delay_us) refers to delay.o(.bss.fac_us) for fac_us
    delay.o(.ARM.exidx.text.delay_us) refers to delay.o(.text.delay_us) for [Anonymous Symbol]
    delay.o(.text.delay_xms) refers to delay.o(.bss.fac_ms) for fac_ms
    delay.o(.ARM.exidx.text.delay_xms) refers to delay.o(.text.delay_xms) for [Anonymous Symbol]
    delay.o(.text.delay_ms) refers to delay.o(.bss.fac_ms) for fac_ms
    delay.o(.ARM.exidx.text.delay_ms) refers to delay.o(.text.delay_ms) for [Anonymous Symbol]
    sys.o(.ARM.exidx.text.WFI_SET) refers to sys.o(.text.WFI_SET) for [Anonymous Symbol]
    sys.o(.ARM.exidx.text.INTX_DISABLE) refers to sys.o(.text.INTX_DISABLE) for [Anonymous Symbol]
    sys.o(.ARM.exidx.text.INTX_ENABLE) refers to sys.o(.text.INTX_ENABLE) for [Anonymous Symbol]
    sys.o(.ARM.exidx.text.MSR_MSP) refers to sys.o(.text.MSR_MSP) for [Anonymous Symbol]
    usart.o(.text) refers (Special) to use_no_semi_2.o(.text) for __use_no_semihosting
    usart.o(.text._sys_exit) refers (Special) to use_no_semi_2.o(.text) for __use_no_semihosting
    usart.o(.ARM.exidx.text._sys_exit) refers (Special) to use_no_semi_2.o(.text) for __use_no_semihosting
[...]
    kservice.o(.text.rt_strncpy) refers to rt_memclr.o(.text) for __aeabi_memclr
    kservice.o(.ARM.exidx.text.rt_strncpy) refers to kservice.o(.text.rt_strncpy) for [Anonymous Symbol]
    kservice.o(.ARM.exidx.text.rt_strncmp) refers to kservice.o(.text.rt_strncmp) for [Anonymous Symbol]
    kservice.o(.ARM.exidx.text.rt_strcmp) refers to kservice.o(.text.rt_strcmp) for [Anonymous Symbol]
    kservice.o(.ARM.exidx.text.rt_strnlen) refers to kservice.o(.text.rt_strnlen) for [Anonymous Symbol]
    kservice.o(.text.rt_strdup) refers to mem.o(.text.rt_malloc) for rt_malloc
    kservice.o(.ARM.exidx.text.rt_strdup) refers to kservice.o(.text.rt_strdup) for [Anonymous Symbol]
    kservice.o(.ARM.exidx.text.rt_show_version) refers to kservice.o(.text.rt_show_version) for [Anonymous Symbol]
    kservice.o(.text.rt_vsnprintf) refers to kservice.o(.text.print_number) for print_number
    kservice.o(.ARM.exidx.text.rt_vsnprintf) refers to kservice.o(.text.rt_vsnprintf) for [Anonymous Symbol]
    kservice.o(.ARM.exidx.text.print_number) refers to kservice.o(.text.print_number) for [Anonymous Symbol]
    kservice.o(.text.rt_snprintf) refers to kservice.o(.text.rt_vsnprintf) for rt_vsnprintf
    kservice.o(.ARM.exidx.text.rt_snprintf) refers to kservice.o(.text.rt_snprintf) for [Anonymous Symbol]
    kservice.o(.text.rt_vsprintf) refers to kservice.o(.text.rt_vsnprintf) for rt_vsnprintf
    kservice.o(.ARM.exidx.text.rt_vsprintf) refers to kservice.o(.text.rt_vsprintf) for [Anonymous Symbol]
    kservice.o(.text.rt_sprintf) refers to kservice.o(.text.rt_vsnprintf) for rt_vsnprintf
    kservice.o(.ARM.exidx.text.rt_sprintf) refers to kservice.o(.text.rt_sprintf) for [Anonymous Symbol]
    kservice.o(.text.rt_malloc_align) refers to mem.o(.text.rt_malloc) for rt_malloc
    kservice.o(.ARM.exidx.text.rt_malloc_align) refers to kservice.o(.text.rt_malloc_align) for [Anonymous Symbol]
    kservice.o(.text.rt_free_align) refers to mem.o(.text.rt_free) for rt_free
    kservice.o(.ARM.exidx.text.rt_free_align) refers to kservice.o(.text.rt_free_align) for [Anonymous Symbol]
    kservice.o(.text.__rt_ffs) refers to kservice.o(.rodata.__lowest_bit_bitmap) for __lowest_bit_bitmap
    kservice.o(.ARM.exidx.text.__rt_ffs) refers to kservice.o(.text.__rt_ffs) for [Anonymous Symbol]
    mem.o(.text.rt_system_heap_init) refers to mem.o(.bss.mem_size_aligned) for mem_size_aligned
    mem.o(.text.rt_system_heap_init) refers to mem.o(.bss.heap_ptr) for heap_ptr
    mem.o(.text.rt_system_heap_init) refers to mem.o(.bss.heap_end) for heap_end
    mem.o(.text.rt_system_heap_init) refers to mem.o(.bss.heap_sem) for heap_sem
    mem.o(.text.rt_system_heap_init) refers to ipc.o(.text.rt_sem_init) for rt_sem_init
    mem.o(.text.rt_system_heap_init) refers to mem.o(.bss.lfree) for lfree
    mem.o(.ARM.exidx.text.rt_system_heap_init) refers to mem.o(.text.rt_system_heap_init) for [Anonymous Symbol]
    mem.o(.text.rt_malloc) refers to mem.o(.bss.mem_size_aligned) for mem_size_aligned
    mem.o(.text.rt_malloc) refers to mem.o(.bss.heap_sem) for heap_sem
    mem.o(.text.rt_malloc) refers to ipc.o(.text.rt_sem_take) for rt_sem_take
    mem.o(.text.rt_malloc) refers to mem.o(.bss.lfree) for lfree
    mem.o(.text.rt_malloc) refers to mem.o(.bss.heap_ptr) for heap_ptr
    mem.o(.text.rt_malloc) refers to mem.o(.bss.max_mem) for max_mem
    mem.o(.text.rt_malloc) refers to mem.o(.bss.used_mem) for used_mem
    mem.o(.text.rt_malloc) refers to ipc.o(.text.rt_sem_release) for rt_sem_release
    mem.o(.text.rt_malloc) refers to mem.o(.bss.heap_end) for heap_end
    mem.o(.ARM.exidx.text.rt_malloc) refers to mem.o(.text.rt_malloc) for [Anonymous Symbol]
    mem.o(.text.rt_realloc) refers to mem.o(.bss.mem_size_aligned) for mem_size_aligned
    mem.o(.text.rt_realloc) refers to mem.o(.bss.heap_sem) for heap_sem
    mem.o(.text.rt_realloc) refers to ipc.o(.text.rt_sem_take) for rt_sem_take
    mem.o(.text.rt_realloc) refers to mem.o(.bss.heap_ptr) for heap_ptr
    mem.o(.text.rt_realloc) refers to mem.o(.bss.heap_end) for heap_end
    mem.o(.text.rt_realloc) refers to ipc.o(.text.rt_sem_release) for rt_sem_release
    mem.o(.text.rt_realloc) refers to mem.o(.text.rt_free) for rt_free
    mem.o(.text.rt_realloc) refers to mem.o(.text.rt_malloc) for rt_malloc
    mem.o(.text.rt_realloc) refers to mem.o(.bss.used_mem) for used_mem
    mem.o(.text.rt_realloc) refers to mem.o(.bss.lfree) for lfree
    mem.o(.text.rt_realloc) refers to kservice.o(.text.rt_memcpy) for rt_memcpy
    mem.o(.ARM.exidx.text.rt_realloc) refers to mem.o(.text.rt_realloc) for [Anonymous Symbol]
    mem.o(.text.rt_free) refers to mem.o(.bss.heap_ptr) for heap_ptr
    mem.o(.text.rt_free) refers to mem.o(.bss.heap_end) for heap_end
    mem.o(.text.rt_free) refers to mem.o(.bss.heap_sem) for heap_sem
    mem.o(.text.rt_free) refers to ipc.o(.text.rt_sem_take) for rt_sem_take
    mem.o(.text.rt_free) refers to mem.o(.bss.lfree) for lfree
    mem.o(.text.rt_free) refers to mem.o(.bss.used_mem) for used_mem
    mem.o(.text.rt_free) refers to ipc.o(.text.rt_sem_release) for rt_sem_release
    mem.o(.ARM.exidx.text.rt_free) refers to mem.o(.text.rt_free) for [Anonymous Symbol]
    mem.o(.text.rt_calloc) refers to mem.o(.text.rt_malloc) for rt_malloc
    mem.o(.text.rt_calloc) refers to kservice.o(.text.rt_memset) for rt_memset
    mem.o(.ARM.exidx.text.rt_calloc) refers to mem.o(.text.rt_calloc) for [Anonymous Symbol]
    mem.o(.text.rt_memory_info) refers to mem.o(.bss.mem_size_aligned) for mem_size_aligned
    mem.o(.text.rt_memory_info) refers to mem.o(.bss.used_mem) for used_mem
    mem.o(.text.rt_memory_info) refers to mem.o(.bss.max_mem) for max_mem
    mem.o(.ARM.exidx.text.rt_memory_info) refers to mem.o(.text.rt_memory_info) for [Anonymous Symbol]
    object.o(.ARM.exidx.text.rt_system_object_init) refers to object.o(.text.rt_system_object_init) for [Anonymous Symbol]
    object.o(.text.rt_object_get_information) refers to object.o(.data.rt_object_container) for rt_object_container
    object.o(.ARM.exidx.text.rt_object_get_information) refers to object.o(.text.rt_object_get_information) for [Anonymous Symbol]
    object.o(.text.rt_object_get_length) refers to object.o(.data.rt_object_container) for rt_object_container
    object.o(.text.rt_object_get_length) refers to context_rvds.o(.text) for rt_hw_interrupt_disable
    object.o(.ARM.exidx.text.rt_object_get_length) refers to object.o(.text.rt_object_get_length) for [Anonymous Symbol]
    object.o(.text.rt_object_get_pointers) refers to object.o(.data.rt_object_container) for rt_object_container
    object.o(.text.rt_object_get_pointers) refers to context_rvds.o(.text) for rt_hw_interrupt_disable
    object.o(.ARM.exidx.text.rt_object_get_pointers) refers to object.o(.text.rt_object_get_pointers) for [Anonymous Symbol]
    object.o(.text.rt_object_init) refers to object.o(.data.rt_object_container) for rt_object_container
    object.o(.text.rt_object_init) refers to scheduler.o(.text.rt_enter_critical) for rt_enter_critical
    object.o(.text.rt_object_init) refers to scheduler.o(.text.rt_exit_critical) for rt_exit_critical
    object.o(.text.rt_object_init) refers to kservice.o(.text.rt_strncpy) for rt_strncpy
    object.o(.text.rt_object_init) refers to context_rvds.o(.text) for rt_hw_interrupt_disable
    object.o(.ARM.exidx.text.rt_object_init) refers to object.o(.text.rt_object_init) for [Anonymous Symbol]
    object.o(.text.rt_object_detach) refers to context_rvds.o(.text) for rt_hw_interrupt_disable
    object.o(.ARM.exidx.text.rt_object_detach) refers to object.o(.text.rt_object_detach) for [Anonymous Symbol]
    object.o(.text.rt_object_allocate) refers to object.o(.data.rt_object_container) for rt_object_container
    object.o(.text.rt_object_allocate) refers to mem.o(.text.rt_malloc) for rt_malloc
    object.o(.text.rt_object_allocate) refers to kservice.o(.text.rt_memset) for rt_memset
    object.o(.text.rt_object_allocate) refers to kservice.o(.text.rt_strncpy) for rt_strncpy
    object.o(.text.rt_object_allocate) refers to context_rvds.o(.text) for rt_hw_interrupt_disable
    object.o(.ARM.exidx.text.rt_object_allocate) refers to object.o(.text.rt_object_allocate) for [Anonymous Symbol]
    object.o(.text.rt_object_delete) refers to context_rvds.o(.text) for rt_hw_interrupt_disable
    object.o(.text.rt_object_delete) refers to mem.o(.text.rt_free) for rt_free
    object.o(.ARM.exidx.text.rt_object_delete) refers to object.o(.text.rt_object_delete) for [Anonymous Symbol]
    object.o(.ARM.exidx.text.rt_object_is_systemobject) refers to object.o(.text.rt_object_is_systemobject) for [Anonymous Symbol]
    object.o(.ARM.exidx.text.rt_object_get_type) refers to object.o(.text.rt_object_get_type) for [Anonymous Symbol]
    object.o(.text.rt_object_find) refers to object.o(.data.rt_object_container) for rt_object_container
    object.o(.text.rt_object_find) refers to scheduler.o(.text.rt_enter_critical) for rt_enter_critical
    object.o(.text.rt_object_find) refers to kservice.o(.text.rt_strncmp) for rt_strncmp
    object.o(.text.rt_object_find) refers to scheduler.o(.text.rt_exit_critical) for rt_exit_critical
    object.o(.ARM.exidx.text.rt_object_find) refers to object.o(.text.rt_object_find) for [Anonymous Symbol]
    scheduler.o(.text.rt_system_scheduler_init) refers to scheduler.o(.bss.rt_scheduler_lock_nest) for rt_scheduler_lock_nest
    scheduler.o(.text.rt_system_scheduler_init) refers to scheduler.o(.bss.rt_thread_priority_table) for rt_thread_priority_table
    scheduler.o(.text.rt_system_scheduler_init) refers to scheduler.o(.bss.rt_current_priority) for rt_current_priority
    scheduler.o(.text.rt_system_scheduler_init) refers to scheduler.o(.bss.rt_current_thread) for rt_current_thread
    scheduler.o(.text.rt_system_scheduler_init) refers to scheduler.o(.bss.rt_thread_ready_priority_group) for rt_thread_ready_priority_group
    scheduler.o(.text.rt_system_scheduler_init) refers to scheduler.o(.bss.rt_thread_defunct) for rt_thread_defunct
    scheduler.o(.ARM.exidx.text.rt_system_scheduler_init) refers to scheduler.o(.text.rt_system_scheduler_init) for [Anonymous Symbol]
    scheduler.o(.text.rt_system_scheduler_start) refers to scheduler.o(.bss.rt_thread_ready_priority_group) for rt_thread_ready_priority_group
    scheduler.o(.text.rt_system_scheduler_start) refers to kservice.o(.text.__rt_ffs) for __rt_ffs
    scheduler.o(.text.rt_system_scheduler_start) refers to scheduler.o(.bss.rt_thread_priority_table) for rt_thread_priority_table
    scheduler.o(.text.rt_system_scheduler_start) refers to scheduler.o(.bss.rt_current_thread) for rt_current_thread
    scheduler.o(.text.rt_system_scheduler_start) refers to context_rvds.o(.text) for rt_hw_context_switch_to
    scheduler.o(.ARM.exidx.text.rt_system_scheduler_start) refers to scheduler.o(.text.rt_system_scheduler_start) for [Anonymous Symbol]
    scheduler.o(.text.rt_schedule) refers to context_rvds.o(.text) for rt_hw_interrupt_disable
    scheduler.o(.text.rt_schedule) refers to scheduler.o(.bss.rt_scheduler_lock_nest) for rt_scheduler_lock_nest
    scheduler.o(.text.rt_schedule) refers to scheduler.o(.bss.rt_thread_ready_priority_group) for rt_thread_ready_priority_group
    scheduler.o(.text.rt_schedule) refers to kservice.o(.text.__rt_ffs) for __rt_ffs
    scheduler.o(.text.rt_schedule) refers to scheduler.o(.bss.rt_thread_priority_table) for rt_thread_priority_table
    scheduler.o(.text.rt_schedule) refers to scheduler.o(.bss.rt_current_thread) for rt_current_thread
    scheduler.o(.text.rt_schedule) refers to scheduler.o(.bss.rt_current_priority) for rt_current_priority
    scheduler.o(.text.rt_schedule) refers to irq.o(.bss.rt_interrupt_nest) for rt_interrupt_nest
    scheduler.o(.ARM.exidx.text.rt_schedule) refers to scheduler.o(.text.rt_schedule) for [Anonymous Symbol]
    scheduler.o(.text.rt_schedule_insert_thread) refers to context_rvds.o(.text) for rt_hw_interrupt_disable
    scheduler.o(.text.rt_schedule_insert_thread) refers to scheduler.o(.bss.rt_thread_priority_table) for rt_thread_priority_table
    scheduler.o(.text.rt_schedule_insert_thread) refers to scheduler.o(.bss.rt_thread_ready_priority_group) for rt_thread_ready_priority_group
    scheduler.o(.ARM.exidx.text.rt_schedule_insert_thread) refers to scheduler.o(.text.rt_schedule_insert_thread) for [Anonymous Symbol]
    scheduler.o(.text.rt_schedule_remove_thread) refers to context_rvds.o(.text) for rt_hw_interrupt_disable
    scheduler.o(.text.rt_schedule_remove_thread) refers to scheduler.o(.bss.rt_thread_priority_table) for rt_thread_priority_table
    scheduler.o(.text.rt_schedule_remove_thread) refers to scheduler.o(.bss.rt_thread_ready_priority_group) for rt_thread_ready_priority_group
    scheduler.o(.ARM.exidx.text.rt_schedule_remove_thread) refers to scheduler.o(.text.rt_schedule_remove_thread) for [Anonymous Symbol]
    scheduler.o(.text.rt_enter_critical) refers to context_rvds.o(.text) for rt_hw_interrupt_disable
    scheduler.o(.text.rt_enter_critical) refers to scheduler.o(.bss.rt_scheduler_lock_nest) for rt_scheduler_lock_nest
    scheduler.o(.ARM.exidx.text.rt_enter_critical) refers to scheduler.o(.text.rt_enter_critical) for [Anonymous Symbol]
    scheduler.o(.text.rt_exit_critical) refers to context_rvds.o(.text) for rt_hw_interrupt_disable
    scheduler.o(.text.rt_exit_critical) refers to scheduler.o(.bss.rt_scheduler_lock_nest) for rt_scheduler_lock_nest
    scheduler.o(.text.rt_exit_critical) refers to scheduler.o(.bss.rt_current_thread) for rt_current_thread
    scheduler.o(.text.rt_exit_critical) refers to scheduler.o(.text.rt_schedule) for rt_schedule
    scheduler.o(.ARM.exidx.text.rt_exit_critical) refers to scheduler.o(.text.rt_exit_critical) for [Anonymous Symbol]
    scheduler.o(.text.rt_critical_level) refers to scheduler.o(.bss.rt_scheduler_lock_nest) for rt_scheduler_lock_nest
    scheduler.o(.ARM.exidx.text.rt_critical_level) refers to scheduler.o(.text.rt_critical_level) for [Anonymous Symbol]
    thread.o(.text.rt_thread_exit) refers to scheduler.o(.bss.rt_current_thread) for rt_current_thread
    thread.o(.text.rt_thread_exit) refers to context_rvds.o(.text) for rt_hw_interrupt_disable
    thread.o(.text.rt_thread_exit) refers to scheduler.o(.text.rt_schedule_remove_thread) for rt_schedule_remove_thread
    thread.o(.text.rt_thread_exit) refers to timer.o(.text.rt_timer_detach) for rt_timer_detach
    thread.o(.text.rt_thread_exit) refers to object.o(.text.rt_object_is_systemobject) for rt_object_is_systemobject
    thread.o(.text.rt_thread_exit) refers to object.o(.text.rt_object_detach) for rt_object_detach
    thread.o(.text.rt_thread_exit) refers to scheduler.o(.bss.rt_thread_defunct) for rt_thread_defunct
    thread.o(.text.rt_thread_exit) refers to scheduler.o(.text.rt_schedule) for rt_schedule
    thread.o(.ARM.exidx.text.rt_thread_exit) refers to thread.o(.text.rt_thread_exit) for [Anonymous Symbol]
    thread.o(.text.rt_thread_init) refers to object.o(.text.rt_object_init) for rt_object_init
    thread.o(.text.rt_thread_init) refers to kservice.o(.text.rt_memset) for rt_memset
    thread.o(.text.rt_thread_init) refers to thread.o(.text.rt_thread_exit) for rt_thread_exit
    thread.o(.text.rt_thread_init) refers to cpuport.o(.text.rt_hw_stack_init) for rt_hw_stack_init
    thread.o(.text.rt_thread_init) refers to thread.o(.text.rt_thread_timeout) for rt_thread_timeout
    thread.o(.text.rt_thread_init) refers to timer.o(.text.rt_timer_init) for rt_timer_init
    thread.o(.ARM.exidx.text.rt_thread_init) refers to thread.o(.text.rt_thread_init) for [Anonymous Symbol]
    thread.o(.text.rt_thread_self) refers to scheduler.o(.bss.rt_current_thread) for rt_current_thread
    thread.o(.ARM.exidx.text.rt_thread_self) refers to thread.o(.text.rt_thread_self) for [Anonymous Symbol]
    thread.o(.text.rt_thread_startup) refers to context_rvds.o(.text) for rt_hw_interrupt_disable
    thread.o(.text.rt_thread_startup) refers to timer.o(.text.rt_timer_stop) for rt_timer_stop
    thread.o(.text.rt_thread_startup) refers to scheduler.o(.text.rt_schedule_insert_thread) for rt_schedule_insert_thread
    thread.o(.text.rt_thread_startup) refers to scheduler.o(.bss.rt_current_thread) for rt_current_thread
    thread.o(.text.rt_thread_startup) refers to scheduler.o(.text.rt_schedule) for rt_schedule
    thread.o(.ARM.exidx.text.rt_thread_startup) refers to thread.o(.text.rt_thread_startup) for [Anonymous Symbol]
    thread.o(.text.rt_thread_resume) refers to context_rvds.o(.text) for rt_hw_interrupt_disable
    thread.o(.text.rt_thread_resume) refers to timer.o(.text.rt_timer_stop) for rt_timer_stop
    thread.o(.text.rt_thread_resume) refers to scheduler.o(.text.rt_schedule_insert_thread) for rt_schedule_insert_thread
    thread.o(.ARM.exidx.text.rt_thread_resume) refers to thread.o(.text.rt_thread_resume) for [Anonymous Symbol]
    thread.o(.text.rt_thread_detach) refers to scheduler.o(.text.rt_schedule_remove_thread) for rt_schedule_remove_thread
    thread.o(.text.rt_thread_detach) refers to context_rvds.o(.text) for rt_hw_interrupt_disable
    thread.o(.text.rt_thread_detach) refers to timer.o(.text.rt_timer_detach) for rt_timer_detach
    thread.o(.text.rt_thread_detach) refers to object.o(.text.rt_object_is_systemobject) for rt_object_is_systemobject
    thread.o(.text.rt_thread_detach) refers to object.o(.text.rt_object_detach) for rt_object_detach
    thread.o(.text.rt_thread_detach) refers to scheduler.o(.bss.rt_thread_defunct) for rt_thread_defunct
    thread.o(.ARM.exidx.text.rt_thread_detach) refers to thread.o(.text.rt_thread_detach) for [Anonymous Symbol]
    thread.o(.text.rt_thread_create) refers to object.o(.text.rt_object_allocate) for rt_object_allocate
    thread.o(.text.rt_thread_create) refers to mem.o(.text.rt_malloc) for rt_malloc
    thread.o(.text.rt_thread_create) refers to kservice.o(.text.rt_memset) for rt_memset
    thread.o(.text.rt_thread_create) refers to thread.o(.text.rt_thread_exit) for rt_thread_exit
    thread.o(.text.rt_thread_create) refers to cpuport.o(.text.rt_hw_stack_init) for rt_hw_stack_init
    thread.o(.text.rt_thread_create) refers to thread.o(.text.rt_thread_timeout) for rt_thread_timeout
    thread.o(.text.rt_thread_create) refers to timer.o(.text.rt_timer_init) for rt_timer_init
    thread.o(.text.rt_thread_create) refers to object.o(.text.rt_object_delete) for rt_object_delete
    thread.o(.ARM.exidx.text.rt_thread_create) refers to thread.o(.text.rt_thread_create) for [Anonymous Symbol]
    thread.o(.text.rt_thread_delete) refers to scheduler.o(.text.rt_schedule_remove_thread) for rt_schedule_remove_thread
    thread.o(.text.rt_thread_delete) refers to context_rvds.o(.text) for rt_hw_interrupt_disable
    thread.o(.text.rt_thread_delete) refers to timer.o(.text.rt_timer_detach) for rt_timer_detach
    thread.o(.text.rt_thread_delete) refers to scheduler.o(.bss.rt_thread_defunct) for rt_thread_defunct
    thread.o(.ARM.exidx.text.rt_thread_delete) refers to thread.o(.text.rt_thread_delete) for [Anonymous Symbol]
    thread.o(.text.rt_thread_yield) refers to context_rvds.o(.text) for rt_hw_interrupt_disable
    thread.o(.text.rt_thread_yield) refers to scheduler.o(.bss.rt_current_thread) for rt_current_thread
    thread.o(.text.rt_thread_yield) refers to scheduler.o(.bss.rt_thread_priority_table) for rt_thread_priority_table
    thread.o(.text.rt_thread_yield) refers to scheduler.o(.text.rt_schedule) for rt_schedule
    thread.o(.ARM.exidx.text.rt_thread_yield) refers to thread.o(.text.rt_thread_yield) for [Anonymous Symbol]
    thread.o(.text.rt_thread_sleep) refers to context_rvds.o(.text) for rt_hw_interrupt_disable
    thread.o(.text.rt_thread_sleep) refers to scheduler.o(.bss.rt_current_thread) for rt_current_thread
    thread.o(.text.rt_thread_sleep) refers to scheduler.o(.text.rt_schedule_remove_thread) for rt_schedule_remove_thread
    thread.o(.text.rt_thread_sleep) refers to timer.o(.text.rt_timer_stop) for rt_timer_stop
    thread.o(.text.rt_thread_sleep) refers to timer.o(.text.rt_timer_control) for rt_timer_control
    thread.o(.text.rt_thread_sleep) refers to timer.o(.text.rt_timer_start) for rt_timer_start
    thread.o(.text.rt_thread_sleep) refers to scheduler.o(.text.rt_schedule) for rt_schedule
    thread.o(.ARM.exidx.text.rt_thread_sleep) refers to thread.o(.text.rt_thread_sleep) for [Anonymous Symbol]
    thread.o(.text.rt_thread_suspend) refers to context_rvds.o(.text) for rt_hw_interrupt_disable
    thread.o(.text.rt_thread_suspend) refers to scheduler.o(.text.rt_schedule_remove_thread) for rt_schedule_remove_thread
    thread.o(.text.rt_thread_suspend) refers to timer.o(.text.rt_timer_stop) for rt_timer_stop
    thread.o(.ARM.exidx.text.rt_thread_suspend) refers to thread.o(.text.rt_thread_suspend) for [Anonymous Symbol]
    thread.o(.text.rt_thread_delay) refers to thread.o(.text.rt_thread_sleep) for rt_thread_sleep
    thread.o(.ARM.exidx.text.rt_thread_delay) refers to thread.o(.text.rt_thread_delay) for [Anonymous Symbol]
    thread.o(.text.rt_thread_delay_until) refers to scheduler.o(.bss.rt_current_thread) for rt_current_thread
    thread.o(.text.rt_thread_delay_until) refers to context_rvds.o(.text) for rt_hw_interrupt_disable
    thread.o(.text.rt_thread_delay_until) refers to clock.o(.text.rt_tick_get) for rt_tick_get
    thread.o(.text.rt_thread_delay_until) refers to scheduler.o(.text.rt_schedule_remove_thread) for rt_schedule_remove_thread
    thread.o(.text.rt_thread_delay_until) refers to timer.o(.text.rt_timer_stop) for rt_timer_stop
    thread.o(.text.rt_thread_delay_until) refers to timer.o(.text.rt_timer_control) for rt_timer_control
    thread.o(.text.rt_thread_delay_until) refers to timer.o(.text.rt_timer_start) for rt_timer_start
    thread.o(.text.rt_thread_delay_until) refers to scheduler.o(.text.rt_schedule) for rt_schedule
    thread.o(.ARM.exidx.text.rt_thread_delay_until) refers to thread.o(.text.rt_thread_delay_until) for [Anonymous Symbol]
    thread.o(.text.rt_thread_mdelay) refers to clock.o(.text.rt_tick_from_millisecond) for rt_tick_from_millisecond
    thread.o(.text.rt_thread_mdelay) refers to thread.o(.text.rt_thread_sleep) for rt_thread_sleep
    thread.o(.ARM.exidx.text.rt_thread_mdelay) refers to thread.o(.text.rt_thread_mdelay) for [Anonymous Symbol]
    thread.o(.text.rt_thread_control) refers to context_rvds.o(.text) for rt_hw_interrupt_disable
    thread.o(.text.rt_thread_control) refers to scheduler.o(.text.rt_schedule_remove_thread) for rt_schedule_remove_thread
    thread.o(.text.rt_thread_control) refers to scheduler.o(.text.rt_schedule_insert_thread) for rt_schedule_insert_thread
    thread.o(.text.rt_thread_control) refers to timer.o(.text.rt_timer_stop) for rt_timer_stop
    thread.o(.text.rt_thread_control) refers to scheduler.o(.bss.rt_current_thread) for rt_current_thread
    thread.o(.text.rt_thread_control) refers to scheduler.o(.text.rt_schedule) for rt_schedule
    thread.o(.text.rt_thread_control) refers to object.o(.text.rt_object_is_systemobject) for rt_object_is_systemobject
    thread.o(.text.rt_thread_control) refers to thread.o(.text.rt_thread_detach) for rt_thread_detach
    thread.o(.text.rt_thread_control) refers to thread.o(.text.rt_thread_delete) for rt_thread_delete
    thread.o(.ARM.exidx.text.rt_thread_control) refers to thread.o(.text.rt_thread_control) for [Anonymous Symbol]
    thread.o(.text.rt_thread_timeout) refers to scheduler.o(.text.rt_schedule_insert_thread) for rt_schedule_insert_thread
    thread.o(.text.rt_thread_timeout) refers to scheduler.o(.text.rt_schedule) for rt_schedule
    thread.o(.ARM.exidx.text.rt_thread_timeout) refers to thread.o(.text.rt_thread_timeout) for [Anonymous Symbol]
    thread.o(.text.rt_thread_find) refers to object.o(.text.rt_object_find) for rt_object_find
    thread.o(.ARM.exidx.text.rt_thread_find) refers to thread.o(.text.rt_thread_find) for [Anonymous Symbol]
    timer.o(.text.rt_timer_init) refers to object.o(.text.rt_object_init) for rt_object_init
    timer.o(.ARM.exidx.text.rt_timer_init) refers to timer.o(.text.rt_timer_init) for [Anonymous Symbol]
    timer.o(.text.rt_timer_detach) refers to context_rvds.o(.text) for rt_hw_interrupt_disable
    timer.o(.text.rt_timer_detach) refers to object.o(.text.rt_object_detach) for rt_object_detach
    timer.o(.ARM.exidx.text.rt_timer_detach) refers to timer.o(.text.rt_timer_detach) for [Anonymous Symbol]
    timer.o(.text.rt_timer_create) refers to object.o(.text.rt_object_allocate) for rt_object_allocate
    timer.o(.ARM.exidx.text.rt_timer_create) refers to timer.o(.text.rt_timer_create) for [Anonymous Symbol]
    timer.o(.text.rt_timer_delete) refers to context_rvds.o(.text) for rt_hw_interrupt_disable
    timer.o(.text.rt_timer_delete) refers to object.o(.text.rt_object_delete) for rt_object_delete
    timer.o(.ARM.exidx.text.rt_timer_delete) refers to timer.o(.text.rt_timer_delete) for [Anonymous Symbol]
    timer.o(.text.rt_timer_start) refers to context_rvds.o(.text) for rt_hw_interrupt_disable
    timer.o(.text.rt_timer_start) refers to clock.o(.text.rt_tick_get) for rt_tick_get
    timer.o(.text.rt_timer_start) refers to timer.o(.bss.rt_timer_list) for rt_timer_list
    timer.o(.text.rt_timer_start) refers to timer.o(.bss.rt_timer_start.random_nr) for rt_timer_start.random_nr
    timer.o(.ARM.exidx.text.rt_timer_start) refers to timer.o(.text.rt_timer_start) for [Anonymous Symbol]
    timer.o(.text.rt_timer_stop) refers to context_rvds.o(.text) for rt_hw_interrupt_disable
    timer.o(.ARM.exidx.text.rt_timer_stop) refers to timer.o(.text.rt_timer_stop) for [Anonymous Symbol]
    timer.o(.text.rt_timer_control) refers to context_rvds.o(.text) for rt_hw_interrupt_disable
    timer.o(.ARM.exidx.text.rt_timer_control) refers to timer.o(.text.rt_timer_control) for [Anonymous Symbol]
    timer.o(.text.rt_timer_check) refers to clock.o(.text.rt_tick_get) for rt_tick_get
    timer.o(.text.rt_timer_check) refers to context_rvds.o(.text) for rt_hw_interrupt_disable
    timer.o(.text.rt_timer_check) refers to timer.o(.bss.rt_timer_list) for rt_timer_list
    timer.o(.text.rt_timer_check) refers to timer.o(.text.rt_timer_start) for rt_timer_start
    timer.o(.ARM.exidx.text.rt_timer_check) refers to timer.o(.text.rt_timer_check) for [Anonymous Symbol]
    timer.o(.text.rt_timer_next_timeout_tick) refers to context_rvds.o(.text) for rt_hw_interrupt_disable
    timer.o(.text.rt_timer_next_timeout_tick) refers to timer.o(.bss.rt_timer_list) for rt_timer_list
    timer.o(.ARM.exidx.text.rt_timer_next_timeout_tick) refers to timer.o(.text.rt_timer_next_timeout_tick) for [Anonymous Symbol]
    timer.o(.text.rt_system_timer_init) refers to timer.o(.bss.rt_timer_list) for rt_timer_list
    timer.o(.ARM.exidx.text.rt_system_timer_init) refers to timer.o(.text.rt_system_timer_init) for [Anonymous Symbol]
    timer.o(.ARM.exidx.text.rt_system_timer_thread_init) refers to timer.o(.text.rt_system_timer_thread_init) for [Anonymous Symbol]
    board.o(.text.rt_heap_begin_get) refers to board.o(.bss.rt_heap) for rt_heap
    board.o(.ARM.exidx.text.rt_heap_begin_get) refers to board.o(.text.rt_heap_begin_get) for [Anonymous Symbol]
    board.o(.text.rt_heap_end_get) refers to board.o(.bss.rt_heap) for rt_heap
    board.o(.ARM.exidx.text.rt_heap_end_get) refers to board.o(.text.rt_heap_end_get) for [Anonymous Symbol]
    board.o(.text.rt_os_tick_callback) refers to irq.o(.text.rt_interrupt_enter) for rt_interrupt_enter
    board.o(.text.rt_os_tick_callback) refers to clock.o(.text.rt_tick_increase) for rt_tick_increase
    board.o(.text.rt_os_tick_callback) refers to irq.o(.text.rt_interrupt_leave) for rt_interrupt_leave
    board.o(.ARM.exidx.text.rt_os_tick_callback) refers to board.o(.text.rt_os_tick_callback) for [Anonymous Symbol]
    board.o(.text.SysTick_Handler) refers to irq.o(.text.rt_interrupt_enter) for rt_interrupt_enter
    board.o(.text.SysTick_Handler) refers to clock.o(.text.rt_tick_increase) for rt_tick_increase
    board.o(.text.SysTick_Handler) refers to irq.o(.text.rt_interrupt_leave) for rt_interrupt_leave
    board.o(.ARM.exidx.text.SysTick_Handler) refers to board.o(.text.SysTick_Handler) for [Anonymous Symbol]
    board.o(.text.rt_hw_board_init) refers to system_stm32f4xx.o(.text.SystemCoreClockUpdate) for SystemCoreClockUpdate
    board.o(.text.rt_hw_board_init) refers to misc.o(.text.SysTick_CLKSourceConfig) for SysTick_CLKSourceConfig
    board.o(.text.rt_hw_board_init) refers to system_stm32f4xx.o(.data.SystemCoreClock) for SystemCoreClock
    board.o(.text.rt_hw_board_init) refers to components.o(.text.rt_components_board_init) for rt_components_board_init
    board.o(.text.rt_hw_board_init) refers to board.o(.text.rt_heap_begin_get) for rt_heap_begin_get
    board.o(.text.rt_hw_board_init) refers to board.o(.text.rt_heap_end_get) for rt_heap_end_get
    board.o(.text.rt_hw_board_init) refers to mem.o(.text.rt_system_heap_init) for rt_system_heap_init
    board.o(.ARM.exidx.text.rt_hw_board_init) refers to board.o(.text.rt_hw_board_init) for [Anonymous Symbol]
    cmd.o(.ARM.exidx.text.hello) refers to cmd.o(.text.hello) for [Anonymous Symbol]
    cmd.o(.text.version) refers to kservice.o(.text.rt_show_version) for rt_show_version
    cmd.o(.ARM.exidx.text.version) refers to cmd.o(.text.version) for [Anonymous Symbol]
    cmd.o(.text.list_thread) refers to object.o(.text.rt_object_get_information) for rt_object_get_information
    cmd.o(.text.list_thread) refers to context_rvds.o(.text) for rt_hw_interrupt_disable
    cmd.o(.ARM.exidx.text.list_thread) refers to cmd.o(.text.list_thread) for [Anonymous Symbol]
    cmd.o(.text.list_sem) refers to object.o(.text.rt_object_get_information) for rt_object_get_information
    cmd.o(.text.list_sem) refers to context_rvds.o(.text) for rt_hw_interrupt_disable
    cmd.o(.ARM.exidx.text.list_sem) refers to cmd.o(.text.list_sem) for [Anonymous Symbol]
    cmd.o(.text.list_mailbox) refers to object.o(.text.rt_object_get_information) for rt_object_get_information
    cmd.o(.text.list_mailbox) refers to context_rvds.o(.text) for rt_hw_interrupt_disable
    cmd.o(.ARM.exidx.text.list_mailbox) refers to cmd.o(.text.list_mailbox) for [Anonymous Symbol]
    cmd.o(.text.list_timer) refers to object.o(.text.rt_object_get_information) for rt_object_get_information
    cmd.o(.text.list_timer) refers to context_rvds.o(.text) for rt_hw_interrupt_disable
    cmd.o(.ARM.exidx.text.list_timer) refers to cmd.o(.text.list_timer) for [Anonymous Symbol]
    cmd.o(.ARM.exidx.text.list) refers to cmd.o(.text.list) for [Anonymous Symbol]
    cmd.o(FSymTab) refers to cmd.o(.rodata.name) for __fsym_hello_name
    cmd.o(FSymTab) refers to cmd.o(.text.hello) for hello
    cmd.o(FSymTab) refers to cmd.o(.rodata.name) for __fsym_version_name
    cmd.o(FSymTab) refers to cmd.o(.text.version) for version
    cmd.o(FSymTab) refers to cmd.o(.rodata.name) for __fsym___cmd_version_name
    cmd.o(FSymTab) refers to cmd.o(.text.version) for version
    cmd.o(FSymTab) refers to cmd.o(.rodata.name) for __fsym_list_thread_name
    cmd.o(FSymTab) refers to cmd.o(.text.list_thread) for list_thread
    cmd.o(FSymTab) refers to cmd.o(.rodata.name) for __fsym___cmd_list_thread_name
    cmd.o(FSymTab) refers to cmd.o(.text.list_thread) for list_thread
    cmd.o(FSymTab) refers to cmd.o(.rodata.name) for __fsym_list_sem_name
    cmd.o(FSymTab) refers to cmd.o(.text.list_sem) for list_sem
    cmd.o(FSymTab) refers to cmd.o(.rodata.name) for __fsym___cmd_list_sem_name
    cmd.o(FSymTab) refers to cmd.o(.text.list_sem) for list_sem
    cmd.o(FSymTab) refers to cmd.o(.rodata.name) for __fsym_list_mailbox_name
    cmd.o(FSymTab) refers to cmd.o(.text.list_mailbox) for list_mailbox
    cmd.o(FSymTab) refers to cmd.o(.rodata.name) for __fsym___cmd_list_mailbox_name
    cmd.o(FSymTab) refers to cmd.o(.text.list_mailbox) for list_mailbox
    cmd.o(FSymTab) refers to cmd.o(.rodata.name) for __fsym_list_timer_name
    cmd.o(FSymTab) refers to cmd.o(.text.list_timer) for list_timer
    cmd.o(FSymTab) refers to cmd.o(.rodata.name) for __fsym___cmd_list_timer_name
    cmd.o(FSymTab) refers to cmd.o(.text.list_timer) for list_timer
    cmd.o(FSymTab) refers to cmd.o(.rodata.name) for __fsym_list_name
    cmd.o(FSymTab) refers to cmd.o(.text.list) for list
    msh.o(.ARM.exidx.text.msh_is_used) refers to msh.o(.text.msh_is_used) for [Anonymous Symbol]
    msh.o(.ARM.exidx.text.msh_help) refers to msh.o(.text.msh_help) for [Anonymous Symbol]
    msh.o(.text.cmd_ps) refers to cmd.o(.text.list_thread) for list_thread
    msh.o(.ARM.exidx.text.cmd_ps) refers to msh.o(.text.cmd_ps) for [Anonymous Symbol]
    msh.o(.ARM.exidx.text.cmd_free) refers to msh.o(.text.cmd_free) for [Anonymous Symbol]
    msh.o(.text.msh_exec) refers to shell.o(.bss._syscall_table_begin) for _syscall_table_begin
    msh.o(.text.msh_exec) refers to shell.o(.bss._syscall_table_end) for _syscall_table_end
    msh.o(.text.msh_exec) refers to msh.o(.rodata.str1.1) for .L.str
    msh.o(.text.msh_exec) refers to strncmp.o(.text) for strncmp
    msh.o(.ARM.exidx.text.msh_exec) refers to msh.o(.text.msh_exec) for [Anonymous Symbol]
    msh.o(.text.msh_auto_complete) refers to shell.o(.bss._syscall_table_begin) for _syscall_table_begin
    msh.o(.text.msh_auto_complete) refers to shell.o(.bss._syscall_table_end) for _syscall_table_end
    msh.o(.text.msh_auto_complete) refers to msh.o(.rodata.str1.1) for .L.str
    msh.o(.text.msh_auto_complete) refers to strncmp.o(.text) for strncmp
    msh.o(.text.msh_auto_complete) refers to strlen.o(.text) for strlen
    msh.o(.text.msh_auto_complete) refers to kservice.o(.text.rt_strncpy) for rt_strncpy
    msh.o(.ARM.exidx.text.msh_auto_complete) refers to msh.o(.text.msh_auto_complete) for [Anonymous Symbol]
    msh.o(FSymTab) refers to msh.o(.rodata.name) for __fsym___cmd_help_name
    msh.o(FSymTab) refers to msh.o(.text.msh_help) for msh_help
    msh.o(FSymTab) refers to msh.o(.rodata.name) for __fsym___cmd_ps_name
    msh.o(FSymTab) refers to msh.o(.text.cmd_ps) for cmd_ps
    msh.o(FSymTab) refers to msh.o(.rodata.name) for __fsym___cmd_free_name
    msh.o(FSymTab) refers to msh.o(.text.cmd_free) for cmd_free
    shell.o(.text.finsh_set_prompt) refers to shell.o(.bss.finsh_prompt_custom) for finsh_prompt_custom
    shell.o(.text.finsh_set_prompt) refers to mem.o(.text.rt_free) for rt_free
    shell.o(.text.finsh_set_prompt) refers to strlen.o(.text) for strlen
    shell.o(.text.finsh_set_prompt) refers to mem.o(.text.rt_malloc) for rt_malloc
    shell.o(.text.finsh_set_prompt) refers to strcpy.o(.text) for strcpy
    shell.o(.ARM.exidx.text.finsh_set_prompt) refers to shell.o(.text.finsh_set_prompt) for [Anonymous Symbol]
    shell.o(.text.finsh_get_prompt) refers to shell.o(.bss.shell) for shell
    shell.o(.text.finsh_get_prompt) refers to shell.o(.bss.finsh_get_prompt.finsh_prompt) for finsh_get_prompt.finsh_prompt
    shell.o(.text.finsh_get_prompt) refers to shell.o(.bss.finsh_prompt_custom) for finsh_prompt_custom
    shell.o(.text.finsh_get_prompt) refers to strncpy.o(.text) for strncpy
    shell.o(.text.finsh_get_prompt) refers to msh.o(.text.msh_is_used) for msh_is_used
    shell.o(.text.finsh_get_prompt) refers to strlen.o(.text) for strlen
    shell.o(.ARM.exidx.text.finsh_get_prompt) refers to shell.o(.text.finsh_get_prompt) for [Anonymous Symbol]
    shell.o(.text.finsh_get_prompt_mode) refers to shell.o(.bss.shell) for shell
    shell.o(.ARM.exidx.text.finsh_get_prompt_mode) refers to shell.o(.text.finsh_get_prompt_mode) for [Anonymous Symbol]
    shell.o(.text.finsh_set_prompt_mode) refers to shell.o(.bss.shell) for shell
    shell.o(.ARM.exidx.text.finsh_set_prompt_mode) refers to shell.o(.text.finsh_set_prompt_mode) for [Anonymous Symbol]
    shell.o(.text.finsh_set_echo) refers to shell.o(.bss.shell) for shell
    shell.o(.ARM.exidx.text.finsh_set_echo) refers to shell.o(.text.finsh_set_echo) for [Anonymous Symbol]
    shell.o(.text.finsh_get_echo) refers to shell.o(.bss.shell) for shell
    shell.o(.ARM.exidx.text.finsh_get_echo) refers to shell.o(.text.finsh_get_echo) for [Anonymous Symbol]
    shell.o(.text.finsh_thread_entry) refers to shell.o(.bss.shell) for shell
    shell.o(.text.finsh_thread_entry) refers to usart.o(.text.rt_hw_console_getchar) for rt_hw_console_getchar
    shell.o(.text.finsh_thread_entry) refers to msh.o(.text.msh_is_used) for msh_is_used
    shell.o(.text.finsh_thread_entry) refers to msh.o(.text.msh_exec) for msh_exec
    shell.o(.text.finsh_thread_entry) refers to rt_memclr.o(.text) for __aeabi_memclr
    shell.o(.text.finsh_thread_entry) refers to kservice.o(.text.rt_memmove) for rt_memmove
    shell.o(.text.finsh_thread_entry) refers to msh.o(.text.msh_auto_complete) for msh_auto_complete
    shell.o(.text.finsh_thread_entry) refers to strlen.o(.text) for strlen
    shell.o(.ARM.exidx.text.finsh_thread_entry) refers to shell.o(.text.finsh_thread_entry) for [Anonymous Symbol]
    shell.o(.text.finsh_system_function_init) refers to shell.o(.bss._syscall_table_begin) for _syscall_table_begin
    shell.o(.text.finsh_system_function_init) refers to shell.o(.bss._syscall_table_end) for _syscall_table_end
    shell.o(.ARM.exidx.text.finsh_system_function_init) refers to shell.o(.text.finsh_system_function_init) for [Anonymous Symbol]
    shell.o(.text.finsh_system_var_init) refers to shell.o(.bss._sysvar_table_begin) for _sysvar_table_begin
    shell.o(.text.finsh_system_var_init) refers to shell.o(.bss._sysvar_table_end) for _sysvar_table_end
    shell.o(.ARM.exidx.text.finsh_system_var_init) refers to shell.o(.text.finsh_system_var_init) for [Anonymous Symbol]
    shell.o(.text.finsh_system_init) refers to shell.o(.bss._syscall_table_begin) for _syscall_table_begin
    shell.o(.text.finsh_system_init) refers to shell.o(.bss._syscall_table_end) for _syscall_table_end
    shell.o(.text.finsh_system_init) refers to mem.o(.text.rt_calloc) for rt_calloc
    shell.o(.text.finsh_system_init) refers to shell.o(.bss.shell) for shell
    shell.o(.text.finsh_system_init) refers to shell.o(.text.finsh_thread_entry) for finsh_thread_entry
    shell.o(.text.finsh_system_init) refers to thread.o(.text.rt_thread_create) for rt_thread_create
    shell.o(.text.finsh_system_init) refers to ipc.o(.text.rt_sem_init) for rt_sem_init
    shell.o(.text.finsh_system_init) refers to thread.o(.text.rt_thread_startup) for rt_thread_startup
    shell.o(.ARM.exidx.text.finsh_system_init) refers to shell.o(.text.finsh_system_init) for [Anonymous Symbol]
    shell.o(.rti_fn.6) refers to shell.o(.text.finsh_system_init) for finsh_system_init
    use_no_semi_2.o(.text) refers (Special) to use_no_semi.o(.text) for __use_no_semihosting_swi
    aeabi_memset.o(.text) refers to rt_memclr.o(.text) for _memset
    rt_memclr.o(.text) refers to rt_memclr_w.o(.text) for _memset_w
    strncpy.o(.text) refers to rt_memclr.o(.text) for __aeabi_memclr
    __main.o(!!!main) refers to __rtentry.o(.ARM.Collect$$rtentry$$00000000) for __rt_entry
    __rtentry.o(.ARM.Collect$$rtentry$$00000000) refers (Special) to __rtentry2.o(.ARM.Collect$$rtentry$$0000000A) for __rt_entry_li
    __rtentry.o(.ARM.Collect$$rtentry$$00000000) refers (Special) to __rtentry2.o(.ARM.Collect$$rtentry$$0000000D) for __rt_entry_main
    __rtentry.o(.ARM.Collect$$rtentry$$00000000) refers (Special) to __rtentry2.o(.ARM.Collect$$rtentry$$0000000C) for __rt_entry_postli_1
    __rtentry.o(.ARM.Collect$$rtentry$$00000000) refers (Special) to __rtentry2.o(.ARM.Collect$$rtentry$$00000009) for __rt_entry_postsh_1
    __rtentry.o(.ARM.Collect$$rtentry$$00000000) refers (Special) to __rtentry2.o(.ARM.Collect$$rtentry$$00000002) for __rt_entry_presh_1
    __rtentry.o(.ARM.Collect$$rtentry$$00000000) refers (Special) to __rtentry4.o(.ARM.Collect$$rtentry$$00000004) for __rt_entry_sh
    __rtentry2.o(.ARM.Collect$$rtentry$$00000008) refers to boardinit2.o(.text) for _platform_post_stackheap_init
    __rtentry2.o(.ARM.Collect$$rtentry$$0000000A) refers to libinit.o(.ARM.Collect$$libinit$$00000000) for __rt_lib_init
    __rtentry2.o(.ARM.Collect$$rtentry$$0000000B) refers to boardinit3.o(.text) for _platform_post_lib_init
    __rtentry2.o(.ARM.Collect$$rtentry$$0000000D) refers to components.o(.text.$Sub$$main) for main
    __rtentry2.o(.ARM.Collect$$rtentry$$0000000D) refers to exit.o(.text) for exit
    __rtentry2.o(.ARM.exidx) refers to __rtentry2.o(.ARM.Collect$$rtentry$$00000001) for .ARM.Collect$$rtentry$$00000001
    __rtentry2.o(.ARM.exidx) refers to __rtentry2.o(.ARM.Collect$$rtentry$$00000008) for .ARM.Collect$$rtentry$$00000008
    __rtentry2.o(.ARM.exidx) refers to __rtentry2.o(.ARM.Collect$$rtentry$$0000000A) for .ARM.Collect$$rtentry$$0000000A
    __rtentry2.o(.ARM.exidx) refers to __rtentry2.o(.ARM.Collect$$rtentry$$0000000B) for .ARM.Collect$$rtentry$$0000000B
    __rtentry2.o(.ARM.exidx) refers to __rtentry2.o(.ARM.Collect$$rtentry$$0000000D) for .ARM.Collect$$rtentry$$0000000D
    __rtentry4.o(.ARM.Collect$$rtentry$$00000004) refers to sys_stackheap_outer.o(.text) for __user_setup_stackheap
    __rtentry4.o(.ARM.exidx) refers to __rtentry4.o(.ARM.Collect$$rtentry$$00000004) for .ARM.Collect$$rtentry$$00000004
    sys_stackheap_outer.o(.text) refers to libspace.o(.text) for __user_perproc_libspace
    sys_stackheap_outer.o(.text) refers to startup_stm32f40_41xxx.o(.text) for __user_initial_stackheap
    exit.o(.text) refers to rtexit.o(.ARM.Collect$$rtexit$$00000000) for __rt_exit
    libinit.o(.ARM.Collect$$libinit$$00000000) refers (Special) to libinit2.o(.ARM.Collect$$libinit$$00000030) for __rt_lib_init_alloca_1
    libinit.o(.ARM.Collect$$libinit$$00000000) refers (Special) to libinit2.o(.ARM.Collect$$libinit$$0000002E) for __rt_lib_init_argv_1
    libinit.o(.ARM.Collect$$libinit$$00000000) refers (Special) to libinit2.o(.ARM.Collect$$libinit$$0000001D) for __rt_lib_init_atexit_1
    libinit.o(.ARM.Collect$$libinit$$00000000) refers (Special) to libinit2.o(.ARM.Collect$$libinit$$00000023) for __rt_lib_init_clock_1
    libinit.o(.ARM.Collect$$libinit$$00000000) refers (Special) to libinit2.o(.ARM.Collect$$libinit$$00000034) for __rt_lib_init_cpp_1
    libinit.o(.ARM.Collect$$libinit$$00000000) refers (Special) to libinit2.o(.ARM.Collect$$libinit$$00000032) for __rt_lib_init_exceptions_1
    libinit.o(.ARM.Collect$$libinit$$00000000) refers (Special) to libinit2.o(.ARM.Collect$$libinit$$00000001) for __rt_lib_init_fp_1
    libinit.o(.ARM.Collect$$libinit$$00000000) refers (Special) to libinit2.o(.ARM.Collect$$libinit$$00000021) for __rt_lib_init_fp_trap_1
    libinit.o(.ARM.Collect$$libinit$$00000000) refers (Special) to libinit2.o(.ARM.Collect$$libinit$$00000025) for __rt_lib_init_getenv_1
    libinit.o(.ARM.Collect$$libinit$$00000000) refers (Special) to libinit2.o(.ARM.Collect$$libinit$$0000000C) for __rt_lib_init_heap_1
    libinit.o(.ARM.Collect$$libinit$$00000000) refers (Special) to libinit2.o(.ARM.Collect$$libinit$$00000013) for __rt_lib_init_lc_collate_1
    libinit.o(.ARM.Collect$$libinit$$00000000) refers (Special) to libinit2.o(.ARM.Collect$$libinit$$00000015) for __rt_lib_init_lc_ctype_1
    libinit.o(.ARM.Collect$$libinit$$00000000) refers (Special) to libinit2.o(.ARM.Collect$$libinit$$00000017) for __rt_lib_init_lc_monetary_1
    libinit.o(.ARM.Collect$$libinit$$00000000) refers (Special) to libinit2.o(.ARM.Collect$$libinit$$00000019) for __rt_lib_init_lc_numeric_1
    libinit.o(.ARM.Collect$$libinit$$00000000) refers (Special) to libinit2.o(.ARM.Collect$$libinit$$0000001B) for __rt_lib_init_lc_time_1
    libinit.o(.ARM.Collect$$libinit$$00000000) refers (Special) to libinit2.o(.ARM.Collect$$libinit$$00000006) for __rt_lib_init_preinit_1
    libinit.o(.ARM.Collect$$libinit$$00000000) refers (Special) to libinit2.o(.ARM.Collect$$libinit$$00000010) for __rt_lib_init_rand_1
    libinit.o(.ARM.Collect$$libinit$$00000000) refers (Special) to libinit2.o(.ARM.Collect$$libinit$$00000004) for __rt_lib_init_relocate_pie_1
    libinit.o(.ARM.Collect$$libinit$$00000000) refers (Special) to libinit2.o(.ARM.Collect$$libinit$$00000035) for __rt_lib_init_return
    libinit.o(.ARM.Collect$$libinit$$00000000) refers (Special) to libinit2.o(.ARM.Collect$$libinit$$0000001F) for __rt_lib_init_signal_1
    libinit.o(.ARM.Collect$$libinit$$00000000) refers (Special) to libinit2.o(.ARM.Collect$$libinit$$00000027) for __rt_lib_init_stdio_1
    libinit.o(.ARM.Collect$$libinit$$00000000) refers (Special) to libinit2.o(.ARM.Collect$$libinit$$0000000E) for __rt_lib_init_user_alloc_1
    libspace.o(.text) refers to libspace.o(.bss) for __libspace_start
    rtexit.o(.ARM.Collect$$rtexit$$00000000) refers (Special) to rtexit2.o(.ARM.Collect$$rtexit$$00000004) for __rt_exit_exit
    rtexit.o(.ARM.Collect$$rtexit$$00000000) refers (Special) to rtexit2.o(.ARM.Collect$$rtexit$$00000003) for __rt_exit_ls
    rtexit.o(.ARM.Collect$$rtexit$$00000000) refers (Special) to rtexit2.o(.ARM.Collect$$rtexit$$00000002) for __rt_exit_prels_1
    rtexit.o(.ARM.exidx) refers (Special) to rtexit2.o(.ARM.Collect$$rtexit$$00000004) for __rt_exit_exit
    rtexit.o(.ARM.exidx) refers (Special) to rtexit2.o(.ARM.Collect$$rtexit$$00000003) for __rt_exit_ls
    rtexit.o(.ARM.exidx) refers (Special) to rtexit2.o(.ARM.Collect$$rtexit$$00000002) for __rt_exit_prels_1
    rtexit.o(.ARM.exidx) refers to rtexit.o(.ARM.Collect$$rtexit$$00000000) for .ARM.Collect$$rtexit$$00000000
    libinit2.o(.ARM.Collect$$libinit$$00000001) refers to fpinit.o(x$fpl$fpinit) for _fp_init
    libinit2.o(.ARM.Collect$$libinit$$00000012) refers to libinit2.o(.ARM.Collect$$libinit$$00000011) for .ARM.Collect$$libinit$$00000011
    libinit2.o(.ARM.Collect$$libinit$$00000014) refers to libinit2.o(.ARM.Collect$$libinit$$00000011) for .ARM.Collect$$libinit$$00000011
    libinit2.o(.ARM.Collect$$libinit$$00000016) refers to libinit2.o(.ARM.Collect$$libinit$$00000011) for .ARM.Collect$$libinit$$00000011
    libinit2.o(.ARM.Collect$$libinit$$00000018) refers to libinit2.o(.ARM.Collect$$libinit$$00000011) for .ARM.Collect$$libinit$$00000011
    libinit2.o(.ARM.Collect$$libinit$$0000001A) refers to libinit2.o(.ARM.Collect$$libinit$$00000011) for .ARM.Collect$$libinit$$00000011
    libinit2.o(.ARM.Collect$$libinit$$00000028) refers to argv_veneer.o(.emb_text) for __ARM_argv_veneer
    libinit2.o(.ARM.Collect$$libinit$$00000029) refers to argv_veneer.o(.emb_text) for __ARM_argv_veneer
    rtexit2.o(.ARM.Collect$$rtexit$$00000003) refers to libshutdown.o(.ARM.Collect$$libshutdown$$00000000) for __rt_lib_shutdown
    rtexit2.o(.ARM.Collect$$rtexit$$00000004) refers to usart.o(.text._sys_exit) for _sys_exit
    rtexit2.o(.ARM.exidx) refers to rtexit2.o(.ARM.Collect$$rtexit$$00000001) for .ARM.Collect$$rtexit$$00000001
    rtexit2.o(.ARM.exidx) refers to rtexit2.o(.ARM.Collect$$rtexit$$00000003) for .ARM.Collect$$rtexit$$00000003
    rtexit2.o(.ARM.exidx) refers to rtexit2.o(.ARM.Collect$$rtexit$$00000004) for .ARM.Collect$$rtexit$$00000004
    argv_veneer.o(.emb_text) refers to no_argv.o(.text) for __ARM_get_argv
    _get_argv_nomalloc.o(.text) refers (Special) to hrguard.o(.text) for __heap_region$guard
    _get_argv_nomalloc.o(.text) refers to defsig_rtmem_outer.o(.text) for __rt_SIGRTMEM
    _get_argv_nomalloc.o(.text) refers to sys_command.o(.text) for _sys_command_string
    libshutdown.o(.ARM.Collect$$libshutdown$$00000000) refers (Special) to libshutdown2.o(.ARM.Collect$$libshutdown$$00000002) for __rt_lib_shutdown_cpp_1
    libshutdown.o(.ARM.Collect$$libshutdown$$00000000) refers (Special) to libshutdown2.o(.ARM.Collect$$libshutdown$$00000007) for __rt_lib_shutdown_fp_trap_1
    libshutdown.o(.ARM.Collect$$libshutdown$$00000000) refers (Special) to libshutdown2.o(.ARM.Collect$$libshutdown$$0000000F) for __rt_lib_shutdown_heap_1
    libshutdown.o(.ARM.Collect$$libshutdown$$00000000) refers (Special) to libshutdown2.o(.ARM.Collect$$libshutdown$$00000010) for __rt_lib_shutdown_return
    libshutdown.o(.ARM.Collect$$libshutdown$$00000000) refers (Special) to libshutdown2.o(.ARM.Collect$$libshutdown$$0000000A) for __rt_lib_shutdown_signal_1
    libshutdown.o(.ARM.Collect$$libshutdown$$00000000) refers (Special) to libshutdown2.o(.ARM.Collect$$libshutdown$$00000004) for __rt_lib_shutdown_stdio_1
    libshutdown.o(.ARM.Collect$$libshutdown$$00000000) refers (Special) to libshutdown2.o(.ARM.Collect$$libshutdown$$0000000C) for __rt_lib_shutdown_user_alloc_1
    sys_command.o(.text) refers (Special) to use_no_semi.o(.text) for __I$use$semihosting
    sys_command.o(.text) refers (Special) to indicate_semi.o(.text) for __semihosting_library_function
    sys_command_hlt.o(.text) refers (Special) to use_no_semi.o(.text) for __I$use$semihosting
    sys_command_hlt.o(.text) refers (Special) to indicate_semi.o(.text) for __semihosting_library_function
    defsig_rtmem_outer.o(.text) refers to defsig_rtmem_inner.o(.text) for __rt_SIGRTMEM_inner
    defsig_rtmem_outer.o(.text) refers to defsig_exit.o(.text) for __sig_exit
    defsig_rtmem_formal.o(.text) refers to rt_raise.o(.text) for __rt_raise
    rt_raise.o(.text) refers to __raise.o(.text) for __raise
    rt_raise.o(.text) refers to usart.o(.text._sys_exit) for _sys_exit
    defsig_exit.o(.text) refers to usart.o(.text._sys_exit) for _sys_exit
    defsig_rtmem_inner.o(.text) refers to defsig_general.o(.text) for __default_signal_display
    __raise.o(.text) refers to defsig.o(CL$$defsig) for __default_signal_handler
    defsig_general.o(.text) refers to sys_wrch.o(.text) for _ttywrch
    sys_wrch.o(.text) refers (Special) to use_no_semi.o(.text) for __I$use$semihosting
    sys_wrch.o(.text) refers (Special) to indicate_semi.o(.text) for __semihosting_library_function
    sys_wrch_hlt.o(.text) refers (Special) to use_no_semi.o(.text) for __I$use$semihosting
    sys_wrch_hlt.o(.text) refers (Special) to indicate_semi.o(.text) for __semihosting_library_function
    defsig.o(CL$$defsig) refers to defsig_rtmem_inner.o(.text) for __rt_SIGRTMEM_inner
    defsig_abrt_inner.o(.text) refers to defsig_general.o(.text) for __default_signal_display
    defsig_fpe_inner.o(.text) refers to defsig_general.o(.text) for __default_signal_display
    defsig_rtred_inner.o(.text) refers to defsig_general.o(.text) for __default_signal_display
    defsig_stak_inner.o(.text) refers to defsig_general.o(.text) for __default_signal_display
    defsig_pvfn_inner.o(.text) refers to defsig_general.o(.text) for __default_signal_display
    defsig_cppl_inner.o(.text) refers to defsig_general.o(.text) for __default_signal_display
    defsig_segv_inner.o(.text) refers to defsig_general.o(.text) for __default_signal_display
    defsig_other.o(.text) refers to defsig_general.o(.text) for __default_signal_display


==============================================================================

Removing Unused input sections from the image.

    Removing main.o(.text), (0 bytes).
    Removing main.o(.ARM.exidx.text.main), (8 bytes).
    Removing main.o(.ARM.use_no_argv), (4 bytes).
    Removing stm32f4xx_it.o(.text), (0 bytes).
    Removing stm32f4xx_it.o(.ARM.exidx.text.NMI_Handler), (8 bytes).
    Removing stm32f4xx_it.o(.ARM.exidx.text.MemManage_Handler), (8 bytes).
    Removing stm32f4xx_it.o(.ARM.exidx.text.BusFault_Handler), (8 bytes).
    Removing stm32f4xx_it.o(.ARM.exidx.text.UsageFault_Handler), (8 bytes).
    Removing stm32f4xx_it.o(.ARM.exidx.text.DebugMon_Handler), (8 bytes).
    Removing system_stm32f4xx.o(.text), (0 bytes).
    Removing system_stm32f4xx.o(.ARM.exidx.text.SystemInit), (8 bytes).
    Removing system_stm32f4xx.o(.ARM.exidx.text.SystemCoreClockUpdate), (8 bytes).
    Removing delay.o(.text), (0 bytes).
    Removing delay.o(.text.delay_init), (42 bytes).
    Removing delay.o(.ARM.exidx.text.delay_init), (8 bytes).
    Removing delay.o(.text.delay_us), (60 bytes).
    Removing delay.o(.ARM.exidx.text.delay_us), (8 bytes).
    Removing delay.o(.text.delay_xms), (60 bytes).
    Removing delay.o(.ARM.exidx.text.delay_xms), (8 bytes).
    Removing delay.o(.text.delay_ms), (140 bytes).
    Removing delay.o(.ARM.exidx.text.delay_ms), (8 bytes).
    Removing delay.o(.bss.fac_us), (1 bytes).
    Removing delay.o(.bss.fac_ms), (2 bytes).
    Removing sys.o(.text), (0 bytes).
    Removing sys.o(.text.WFI_SET), (4 bytes).
    Removing sys.o(.ARM.exidx.text.WFI_SET), (8 bytes).
    Removing sys.o(.text.INTX_DISABLE), (6 bytes).
    Removing sys.o(.ARM.exidx.text.INTX_DISABLE), (8 bytes).
    Removing sys.o(.text.INTX_ENABLE), (6 bytes).
    Removing sys.o(.ARM.exidx.text.INTX_ENABLE), (8 bytes).
    Removing sys.o(.text.MSR_MSP), (8 bytes).
    Removing sys.o(.ARM.exidx.text.MSR_MSP), (8 bytes).
    Removing usart.o(.text), (0 bytes).
    Removing usart.o(.ARM.exidx.text._sys_exit), (8 bytes).
    Removing usart.o(.text.fputc), (20 bytes).
    Removing usart.o(.ARM.exidx.text.fputc), (8 bytes).
    Removing usart.o(.ARM.exidx.text.uart1_init), (8 bytes).
    Removing usart.o(.ARM.exidx.text.USART1_IRQHandler), (8 bytes).
    Removing usart.o(.text.rt_hw_console_output), (80 bytes).
    Removing usart.o(.ARM.exidx.text.rt_hw_console_output), (8 bytes).
    Removing usart.o(.ARM.exidx.text.rt_hw_console_getchar), (8 bytes).
    Removing usart.o(.bss.__stdout), (84 bytes).
    Removing led.o(.text), (0 bytes).
    Removing led.o(.ARM.exidx.text.LED_Init), (8 bytes).
    Removing stm32f4xx_gpio.o(.text), (0 bytes).
    Removing stm32f4xx_gpio.o(.text.GPIO_DeInit), (54 bytes).
    Removing stm32f4xx_gpio.o(.ARM.exidx.text.GPIO_DeInit), (8 bytes).
    Removing stm32f4xx_gpio.o(.ARM.exidx.text.GPIO_Init), (8 bytes).
    Removing stm32f4xx_gpio.o(.text.GPIO_StructInit), (12 bytes).
    Removing stm32f4xx_gpio.o(.ARM.exidx.text.GPIO_StructInit), (8 bytes).
    Removing stm32f4xx_gpio.o(.text.GPIO_PinLockConfig), (36 bytes).
    Removing stm32f4xx_gpio.o(.ARM.exidx.text.GPIO_PinLockConfig), (8 bytes).
    Removing stm32f4xx_gpio.o(.text.GPIO_ReadInputDataBit), (10 bytes).
    Removing stm32f4xx_gpio.o(.ARM.exidx.text.GPIO_ReadInputDataBit), (8 bytes).
    Removing stm32f4xx_gpio.o(.text.GPIO_ReadInputData), (6 bytes).
    Removing stm32f4xx_gpio.o(.ARM.exidx.text.GPIO_ReadInputData), (8 bytes).
    Removing stm32f4xx_gpio.o(.text.GPIO_ReadOutputDataBit), (10 bytes).
    Removing stm32f4xx_gpio.o(.ARM.exidx.text.GPIO_ReadOutputDataBit), (8 bytes).
    Removing stm32f4xx_gpio.o(.text.GPIO_ReadOutputData), (6 bytes).
    Removing stm32f4xx_gpio.o(.ARM.exidx.text.GPIO_ReadOutputData), (8 bytes).
    Removing stm32f4xx_gpio.o(.ARM.exidx.text.GPIO_SetBits), (8 bytes).
    Removing stm32f4xx_gpio.o(.ARM.exidx.text.GPIO_ResetBits), (8 bytes).
    Removing stm32f4xx_gpio.o(.text.GPIO_WriteBit), (10 bytes).
    Removing stm32f4xx_gpio.o(.ARM.exidx.text.GPIO_WriteBit), (8 bytes).
    Removing stm32f4xx_gpio.o(.text.GPIO_Write), (4 bytes).
    Removing stm32f4xx_gpio.o(.ARM.exidx.text.GPIO_Write), (8 bytes).
    Removing stm32f4xx_gpio.o(.text.GPIO_ToggleBits), (8 bytes).
    Removing stm32f4xx_gpio.o(.ARM.exidx.text.GPIO_ToggleBits), (8 bytes).
    Removing stm32f4xx_gpio.o(.ARM.exidx.text.GPIO_PinAFConfig), (8 bytes).
    Removing stm32f4xx_gpio.o(.rodata..Lswitch.table.GPIO_DeInit.1), (44 bytes).
    Removing stm32f4xx_usart.o(.text), (0 bytes).
    Removing stm32f4xx_usart.o(.text.USART_DeInit), (274 bytes).
    Removing stm32f4xx_usart.o(.ARM.exidx.text.USART_DeInit), (8 bytes).
    Removing stm32f4xx_usart.o(.ARM.exidx.text.USART_Init), (8 bytes).
    Removing stm32f4xx_usart.o(.text.USART_StructInit), (18 bytes).
    Removing stm32f4xx_usart.o(.ARM.exidx.text.USART_StructInit), (8 bytes).
    Removing stm32f4xx_usart.o(.text.USART_ClockInit), (34 bytes).
    Removing stm32f4xx_usart.o(.ARM.exidx.text.USART_ClockInit), (8 bytes).
    Removing stm32f4xx_usart.o(.text.USART_ClockStructInit), (8 bytes).
    Removing stm32f4xx_usart.o(.ARM.exidx.text.USART_ClockStructInit), (8 bytes).
    Removing stm32f4xx_usart.o(.ARM.exidx.text.USART_Cmd), (8 bytes).
    Removing stm32f4xx_usart.o(.text.USART_SetPrescaler), (16 bytes).
    Removing stm32f4xx_usart.o(.ARM.exidx.text.USART_SetPrescaler), (8 bytes).
    Removing stm32f4xx_usart.o(.text.USART_OverSampling8Cmd), (20 bytes).
    Removing stm32f4xx_usart.o(.ARM.exidx.text.USART_OverSampling8Cmd), (8 bytes).
    Removing stm32f4xx_usart.o(.text.USART_OneBitMethodCmd), (20 bytes).
    Removing stm32f4xx_usart.o(.ARM.exidx.text.USART_OneBitMethodCmd), (8 bytes).
    Removing stm32f4xx_usart.o(.text.USART_SendData), (8 bytes).
    Removing stm32f4xx_usart.o(.ARM.exidx.text.USART_SendData), (8 bytes).
    Removing stm32f4xx_usart.o(.ARM.exidx.text.USART_ReceiveData), (8 bytes).
    Removing stm32f4xx_usart.o(.text.USART_SetAddress), (16 bytes).
    Removing stm32f4xx_usart.o(.ARM.exidx.text.USART_SetAddress), (8 bytes).
    Removing stm32f4xx_usart.o(.text.USART_ReceiverWakeUpCmd), (20 bytes).
    Removing stm32f4xx_usart.o(.ARM.exidx.text.USART_ReceiverWakeUpCmd), (8 bytes).
    Removing stm32f4xx_usart.o(.text.USART_WakeUpConfig), (16 bytes).
    Removing stm32f4xx_usart.o(.ARM.exidx.text.USART_WakeUpConfig), (8 bytes).
    Removing stm32f4xx_usart.o(.text.USART_LINBreakDetectLengthConfig), (16 bytes).
    Removing stm32f4xx_usart.o(.ARM.exidx.text.USART_LINBreakDetectLengthConfig), (8 bytes).
    Removing stm32f4xx_usart.o(.text.USART_LINCmd), (20 bytes).
    Removing stm32f4xx_usart.o(.ARM.exidx.text.USART_LINCmd), (8 bytes).
    Removing stm32f4xx_usart.o(.text.USART_SendBreak), (10 bytes).
    Removing stm32f4xx_usart.o(.ARM.exidx.text.USART_SendBreak), (8 bytes).
    Removing stm32f4xx_usart.o(.text.USART_HalfDuplexCmd), (20 bytes).
    Removing stm32f4xx_usart.o(.ARM.exidx.text.USART_HalfDuplexCmd), (8 bytes).
    Removing stm32f4xx_usart.o(.text.USART_SetGuardTime), (16 bytes).
    Removing stm32f4xx_usart.o(.ARM.exidx.text.USART_SetGuardTime), (8 bytes).
    Removing stm32f4xx_usart.o(.text.USART_SmartCardCmd), (20 bytes).
    Removing stm32f4xx_usart.o(.ARM.exidx.text.USART_SmartCardCmd), (8 bytes).
    Removing stm32f4xx_usart.o(.text.USART_SmartCardNACKCmd), (20 bytes).
    Removing stm32f4xx_usart.o(.ARM.exidx.text.USART_SmartCardNACKCmd), (8 bytes).
    Removing stm32f4xx_usart.o(.text.USART_IrDAConfig), (16 bytes).
    Removing stm32f4xx_usart.o(.ARM.exidx.text.USART_IrDAConfig), (8 bytes).
    Removing stm32f4xx_usart.o(.text.USART_IrDACmd), (20 bytes).
    Removing stm32f4xx_usart.o(.ARM.exidx.text.USART_IrDACmd), (8 bytes).
    Removing stm32f4xx_usart.o(.text.USART_DMACmd), (16 bytes).
    Removing stm32f4xx_usart.o(.ARM.exidx.text.USART_DMACmd), (8 bytes).
    Removing stm32f4xx_usart.o(.ARM.exidx.text.USART_ITConfig), (8 bytes).
    Removing stm32f4xx_usart.o(.ARM.exidx.text.USART_GetFlagStatus), (8 bytes).
    Removing stm32f4xx_usart.o(.ARM.exidx.text.USART_ClearFlag), (8 bytes).
    Removing stm32f4xx_usart.o(.ARM.exidx.text.USART_GetITStatus), (8 bytes).
    Removing stm32f4xx_usart.o(.text.USART_ClearITPendingBit), (14 bytes).
    Removing stm32f4xx_usart.o(.ARM.exidx.text.USART_ClearITPendingBit), (8 bytes).
    Removing stm32f4xx_rcc.o(.text), (0 bytes).
    Removing stm32f4xx_rcc.o(.text.RCC_DeInit), (80 bytes).
    Removing stm32f4xx_rcc.o(.ARM.exidx.text.RCC_DeInit), (8 bytes).
    Removing stm32f4xx_rcc.o(.text.RCC_HSEConfig), (16 bytes).
    Removing stm32f4xx_rcc.o(.ARM.exidx.text.RCC_HSEConfig), (8 bytes).
    Removing stm32f4xx_rcc.o(.text.RCC_WaitForHSEStartUp), (48 bytes).
    Removing stm32f4xx_rcc.o(.ARM.exidx.text.RCC_WaitForHSEStartUp), (8 bytes).
    Removing stm32f4xx_rcc.o(.text.RCC_GetFlagStatus), (38 bytes).
    Removing stm32f4xx_rcc.o(.ARM.exidx.text.RCC_GetFlagStatus), (8 bytes).
    Removing stm32f4xx_rcc.o(.text.RCC_AdjustHSICalibrationValue), (22 bytes).
    Removing stm32f4xx_rcc.o(.ARM.exidx.text.RCC_AdjustHSICalibrationValue), (8 bytes).
    Removing stm32f4xx_rcc.o(.text.RCC_HSICmd), (10 bytes).
    Removing stm32f4xx_rcc.o(.ARM.exidx.text.RCC_HSICmd), (8 bytes).
    Removing stm32f4xx_rcc.o(.text.RCC_LSEConfig), (30 bytes).
    Removing stm32f4xx_rcc.o(.ARM.exidx.text.RCC_LSEConfig), (8 bytes).
    Removing stm32f4xx_rcc.o(.text.RCC_LSICmd), (12 bytes).
    Removing stm32f4xx_rcc.o(.ARM.exidx.text.RCC_LSICmd), (8 bytes).
    Removing stm32f4xx_rcc.o(.text.RCC_PLLConfig), (46 bytes).
    Removing stm32f4xx_rcc.o(.ARM.exidx.text.RCC_PLLConfig), (8 bytes).
    Removing stm32f4xx_rcc.o(.text.RCC_PLLCmd), (10 bytes).
    Removing stm32f4xx_rcc.o(.ARM.exidx.text.RCC_PLLCmd), (8 bytes).
    Removing stm32f4xx_rcc.o(.text.RCC_PLLI2SConfig), (18 bytes).
    Removing stm32f4xx_rcc.o(.ARM.exidx.text.RCC_PLLI2SConfig), (8 bytes).
    Removing stm32f4xx_rcc.o(.text.RCC_PLLI2SCmd), (10 bytes).
    Removing stm32f4xx_rcc.o(.ARM.exidx.text.RCC_PLLI2SCmd), (8 bytes).
    Removing stm32f4xx_rcc.o(.text.RCC_PLLSAIConfig), (22 bytes).
    Removing stm32f4xx_rcc.o(.ARM.exidx.text.RCC_PLLSAIConfig), (8 bytes).
    Removing stm32f4xx_rcc.o(.text.RCC_PLLSAICmd), (10 bytes).
    Removing stm32f4xx_rcc.o(.ARM.exidx.text.RCC_PLLSAICmd), (8 bytes).
    Removing stm32f4xx_rcc.o(.text.RCC_ClockSecuritySystemCmd), (10 bytes).
    Removing stm32f4xx_rcc.o(.ARM.exidx.text.RCC_ClockSecuritySystemCmd), (8 bytes).
    Removing stm32f4xx_rcc.o(.text.RCC_MCO1Config), (22 bytes).
    Removing stm32f4xx_rcc.o(.ARM.exidx.text.RCC_MCO1Config), (8 bytes).
    Removing stm32f4xx_rcc.o(.text.RCC_MCO2Config), (22 bytes).
    Removing stm32f4xx_rcc.o(.ARM.exidx.text.RCC_MCO2Config), (8 bytes).
    Removing stm32f4xx_rcc.o(.text.RCC_SYSCLKConfig), (20 bytes).
    Removing stm32f4xx_rcc.o(.ARM.exidx.text.RCC_SYSCLKConfig), (8 bytes).
    Removing stm32f4xx_rcc.o(.text.RCC_GetSYSCLKSource), (16 bytes).
    Removing stm32f4xx_rcc.o(.ARM.exidx.text.RCC_GetSYSCLKSource), (8 bytes).
    Removing stm32f4xx_rcc.o(.text.RCC_HCLKConfig), (20 bytes).
    Removing stm32f4xx_rcc.o(.ARM.exidx.text.RCC_HCLKConfig), (8 bytes).
    Removing stm32f4xx_rcc.o(.text.RCC_PCLK1Config), (20 bytes).
    Removing stm32f4xx_rcc.o(.ARM.exidx.text.RCC_PCLK1Config), (8 bytes).
    Removing stm32f4xx_rcc.o(.text.RCC_PCLK2Config), (22 bytes).
    Removing stm32f4xx_rcc.o(.ARM.exidx.text.RCC_PCLK2Config), (8 bytes).
    Removing stm32f4xx_rcc.o(.ARM.exidx.text.RCC_GetClocksFreq), (8 bytes).
    Removing stm32f4xx_rcc.o(.text.RCC_RTCCLKConfig), (50 bytes).
    Removing stm32f4xx_rcc.o(.ARM.exidx.text.RCC_RTCCLKConfig), (8 bytes).
    Removing stm32f4xx_rcc.o(.text.RCC_RTCCLKCmd), (12 bytes).
    Removing stm32f4xx_rcc.o(.ARM.exidx.text.RCC_RTCCLKCmd), (8 bytes).
    Removing stm32f4xx_rcc.o(.text.RCC_BackupResetCmd), (12 bytes).
    Removing stm32f4xx_rcc.o(.ARM.exidx.text.RCC_BackupResetCmd), (8 bytes).
    Removing stm32f4xx_rcc.o(.text.RCC_I2SCLKConfig), (12 bytes).
    Removing stm32f4xx_rcc.o(.ARM.exidx.text.RCC_I2SCLKConfig), (8 bytes).
    Removing stm32f4xx_rcc.o(.text.RCC_SAIBlockACLKConfig), (20 bytes).
    Removing stm32f4xx_rcc.o(.ARM.exidx.text.RCC_SAIBlockACLKConfig), (8 bytes).
    Removing stm32f4xx_rcc.o(.text.RCC_SAIBlockBCLKConfig), (20 bytes).
    Removing stm32f4xx_rcc.o(.ARM.exidx.text.RCC_SAIBlockBCLKConfig), (8 bytes).
    Removing stm32f4xx_rcc.o(.text.RCC_SAIPLLI2SClkDivConfig), (22 bytes).
    Removing stm32f4xx_rcc.o(.ARM.exidx.text.RCC_SAIPLLI2SClkDivConfig), (8 bytes).
    Removing stm32f4xx_rcc.o(.text.RCC_SAIPLLSAIClkDivConfig), (28 bytes).
    Removing stm32f4xx_rcc.o(.ARM.exidx.text.RCC_SAIPLLSAIClkDivConfig), (8 bytes).
    Removing stm32f4xx_rcc.o(.text.RCC_LTDCCLKDivConfig), (20 bytes).
    Removing stm32f4xx_rcc.o(.ARM.exidx.text.RCC_LTDCCLKDivConfig), (8 bytes).
    Removing stm32f4xx_rcc.o(.text.RCC_TIMCLKPresConfig), (12 bytes).
    Removing stm32f4xx_rcc.o(.ARM.exidx.text.RCC_TIMCLKPresConfig), (8 bytes).
    Removing stm32f4xx_rcc.o(.ARM.exidx.text.RCC_AHB1PeriphClockCmd), (8 bytes).
    Removing stm32f4xx_rcc.o(.text.RCC_AHB2PeriphClockCmd), (24 bytes).
    Removing stm32f4xx_rcc.o(.ARM.exidx.text.RCC_AHB2PeriphClockCmd), (8 bytes).
    Removing stm32f4xx_rcc.o(.text.RCC_AHB3PeriphClockCmd), (24 bytes).
    Removing stm32f4xx_rcc.o(.ARM.exidx.text.RCC_AHB3PeriphClockCmd), (8 bytes).
    Removing stm32f4xx_rcc.o(.text.RCC_APB1PeriphClockCmd), (24 bytes).
    Removing stm32f4xx_rcc.o(.ARM.exidx.text.RCC_APB1PeriphClockCmd), (8 bytes).
    Removing stm32f4xx_rcc.o(.ARM.exidx.text.RCC_APB2PeriphClockCmd), (8 bytes).
    Removing stm32f4xx_rcc.o(.text.RCC_AHB1PeriphResetCmd), (24 bytes).
    Removing stm32f4xx_rcc.o(.ARM.exidx.text.RCC_AHB1PeriphResetCmd), (8 bytes).
    Removing stm32f4xx_rcc.o(.text.RCC_AHB2PeriphResetCmd), (24 bytes).
    Removing stm32f4xx_rcc.o(.ARM.exidx.text.RCC_AHB2PeriphResetCmd), (8 bytes).
    Removing stm32f4xx_rcc.o(.text.RCC_AHB3PeriphResetCmd), (24 bytes).
    Removing stm32f4xx_rcc.o(.ARM.exidx.text.RCC_AHB3PeriphResetCmd), (8 bytes).
    Removing stm32f4xx_rcc.o(.text.RCC_APB1PeriphResetCmd), (24 bytes).
    Removing stm32f4xx_rcc.o(.ARM.exidx.text.RCC_APB1PeriphResetCmd), (8 bytes).
    Removing stm32f4xx_rcc.o(.text.RCC_APB2PeriphResetCmd), (24 bytes).
    Removing stm32f4xx_rcc.o(.ARM.exidx.text.RCC_APB2PeriphResetCmd), (8 bytes).
    Removing stm32f4xx_rcc.o(.text.RCC_AHB1PeriphClockLPModeCmd), (24 bytes).
    Removing stm32f4xx_rcc.o(.ARM.exidx.text.RCC_AHB1PeriphClockLPModeCmd), (8 bytes).
    Removing stm32f4xx_rcc.o(.text.RCC_AHB2PeriphClockLPModeCmd), (24 bytes).
    Removing stm32f4xx_rcc.o(.ARM.exidx.text.RCC_AHB2PeriphClockLPModeCmd), (8 bytes).
    Removing stm32f4xx_rcc.o(.text.RCC_AHB3PeriphClockLPModeCmd), (24 bytes).
    Removing stm32f4xx_rcc.o(.ARM.exidx.text.RCC_AHB3PeriphClockLPModeCmd), (8 bytes).
    Removing stm32f4xx_rcc.o(.text.RCC_APB1PeriphClockLPModeCmd), (24 bytes).
    Removing stm32f4xx_rcc.o(.ARM.exidx.text.RCC_APB1PeriphClockLPModeCmd), (8 bytes).
    Removing stm32f4xx_rcc.o(.text.RCC_APB2PeriphClockLPModeCmd), (24 bytes).
    Removing stm32f4xx_rcc.o(.ARM.exidx.text.RCC_APB2PeriphClockLPModeCmd), (8 bytes).
    Removing stm32f4xx_rcc.o(.text.RCC_LSEModeConfig), (24 bytes).
    Removing stm32f4xx_rcc.o(.ARM.exidx.text.RCC_LSEModeConfig), (8 bytes).
    Removing stm32f4xx_rcc.o(.text.RCC_ITConfig), (24 bytes).
    Removing stm32f4xx_rcc.o(.ARM.exidx.text.RCC_ITConfig), (8 bytes).
    Removing stm32f4xx_rcc.o(.text.RCC_ClearFlag), (18 bytes).
    Removing stm32f4xx_rcc.o(.ARM.exidx.text.RCC_ClearFlag), (8 bytes).
    Removing stm32f4xx_rcc.o(.text.RCC_GetITStatus), (18 bytes).
    Removing stm32f4xx_rcc.o(.ARM.exidx.text.RCC_GetITStatus), (8 bytes).
    Removing stm32f4xx_rcc.o(.text.RCC_ClearITPendingBit), (12 bytes).
    Removing stm32f4xx_rcc.o(.ARM.exidx.text.RCC_ClearITPendingBit), (8 bytes).
    Removing stm32f4xx_tim.o(.text), (0 bytes).
    Removing stm32f4xx_tim.o(.text.TIM_DeInit), (434 bytes).
    Removing stm32f4xx_tim.o(.ARM.exidx.text.TIM_DeInit), (8 bytes).
    Removing stm32f4xx_tim.o(.text.TIM_TimeBaseInit), (146 bytes).
    Removing stm32f4xx_tim.o(.ARM.exidx.text.TIM_TimeBaseInit), (8 bytes).
    Removing stm32f4xx_tim.o(.text.TIM_TimeBaseStructInit), (16 bytes).
    Removing stm32f4xx_tim.o(.ARM.exidx.text.TIM_TimeBaseStructInit), (8 bytes).
    Removing stm32f4xx_tim.o(.text.TIM_PrescalerConfig), (6 bytes).
    Removing stm32f4xx_tim.o(.ARM.exidx.text.TIM_PrescalerConfig), (8 bytes).
    Removing stm32f4xx_tim.o(.text.TIM_CounterModeConfig), (12 bytes).
    Removing stm32f4xx_tim.o(.ARM.exidx.text.TIM_CounterModeConfig), (8 bytes).
    Removing stm32f4xx_tim.o(.text.TIM_SetCounter), (4 bytes).
    Removing stm32f4xx_tim.o(.ARM.exidx.text.TIM_SetCounter), (8 bytes).
    Removing stm32f4xx_tim.o(.text.TIM_SetAutoreload), (4 bytes).
    Removing stm32f4xx_tim.o(.ARM.exidx.text.TIM_SetAutoreload), (8 bytes).
    Removing stm32f4xx_tim.o(.text.TIM_GetCounter), (4 bytes).
    Removing stm32f4xx_tim.o(.ARM.exidx.text.TIM_GetCounter), (8 bytes).
    Removing stm32f4xx_tim.o(.text.TIM_GetPrescaler), (4 bytes).
    Removing stm32f4xx_tim.o(.ARM.exidx.text.TIM_GetPrescaler), (8 bytes).
    Removing stm32f4xx_tim.o(.text.TIM_UpdateDisableConfig), (20 bytes).
    Removing stm32f4xx_tim.o(.ARM.exidx.text.TIM_UpdateDisableConfig), (8 bytes).
    Removing stm32f4xx_tim.o(.text.TIM_UpdateRequestConfig), (20 bytes).
    Removing stm32f4xx_tim.o(.ARM.exidx.text.TIM_UpdateRequestConfig), (8 bytes).
    Removing stm32f4xx_tim.o(.text.TIM_ARRPreloadConfig), (20 bytes).
    Removing stm32f4xx_tim.o(.ARM.exidx.text.TIM_ARRPreloadConfig), (8 bytes).
    Removing stm32f4xx_tim.o(.text.TIM_SelectOnePulseMode), (16 bytes).
    Removing stm32f4xx_tim.o(.ARM.exidx.text.TIM_SelectOnePulseMode), (8 bytes).
    Removing stm32f4xx_tim.o(.text.TIM_SetClockDivision), (16 bytes).
    Removing stm32f4xx_tim.o(.ARM.exidx.text.TIM_SetClockDivision), (8 bytes).
    Removing stm32f4xx_tim.o(.text.TIM_Cmd), (18 bytes).
    Removing stm32f4xx_tim.o(.ARM.exidx.text.TIM_Cmd), (8 bytes).
    Removing stm32f4xx_tim.o(.text.TIM_OC1Init), (102 bytes).
    Removing stm32f4xx_tim.o(.ARM.exidx.text.TIM_OC1Init), (8 bytes).
    Removing stm32f4xx_tim.o(.text.TIM_OC2Init), (110 bytes).
    Removing stm32f4xx_tim.o(.ARM.exidx.text.TIM_OC2Init), (8 bytes).
    Removing stm32f4xx_tim.o(.text.TIM_OC3Init), (110 bytes).
    Removing stm32f4xx_tim.o(.ARM.exidx.text.TIM_OC3Init), (8 bytes).
    Removing stm32f4xx_tim.o(.text.TIM_OC4Init), (82 bytes).
    Removing stm32f4xx_tim.o(.ARM.exidx.text.TIM_OC4Init), (8 bytes).
    Removing stm32f4xx_tim.o(.text.TIM_OCStructInit), (14 bytes).
    Removing stm32f4xx_tim.o(.ARM.exidx.text.TIM_OCStructInit), (8 bytes).
    Removing stm32f4xx_tim.o(.text.TIM_SelectOCxM), (88 bytes).
    Removing stm32f4xx_tim.o(.ARM.exidx.text.TIM_SelectOCxM), (8 bytes).
    Removing stm32f4xx_tim.o(.text.TIM_SetCompare1), (4 bytes).
    Removing stm32f4xx_tim.o(.ARM.exidx.text.TIM_SetCompare1), (8 bytes).
    Removing stm32f4xx_tim.o(.text.TIM_SetCompare2), (4 bytes).
    Removing stm32f4xx_tim.o(.ARM.exidx.text.TIM_SetCompare2), (8 bytes).
    Removing stm32f4xx_tim.o(.text.TIM_SetCompare3), (4 bytes).
    Removing stm32f4xx_tim.o(.ARM.exidx.text.TIM_SetCompare3), (8 bytes).
    Removing stm32f4xx_tim.o(.text.TIM_SetCompare4), (4 bytes).
    Removing stm32f4xx_tim.o(.ARM.exidx.text.TIM_SetCompare4), (8 bytes).
    Removing stm32f4xx_tim.o(.text.TIM_ForcedOC1Config), (12 bytes).
    Removing stm32f4xx_tim.o(.ARM.exidx.text.TIM_ForcedOC1Config), (8 bytes).
    Removing stm32f4xx_tim.o(.text.TIM_ForcedOC2Config), (14 bytes).
    Removing stm32f4xx_tim.o(.ARM.exidx.text.TIM_ForcedOC2Config), (8 bytes).
    Removing stm32f4xx_tim.o(.text.TIM_ForcedOC3Config), (12 bytes).
    Removing stm32f4xx_tim.o(.ARM.exidx.text.TIM_ForcedOC3Config), (8 bytes).
    Removing stm32f4xx_tim.o(.text.TIM_ForcedOC4Config), (14 bytes).
    Removing stm32f4xx_tim.o(.ARM.exidx.text.TIM_ForcedOC4Config), (8 bytes).
    Removing stm32f4xx_tim.o(.text.TIM_OC1PreloadConfig), (12 bytes).
    Removing stm32f4xx_tim.o(.ARM.exidx.text.TIM_OC1PreloadConfig), (8 bytes).
    Removing stm32f4xx_tim.o(.text.TIM_OC2PreloadConfig), (14 bytes).
    Removing stm32f4xx_tim.o(.ARM.exidx.text.TIM_OC2PreloadConfig), (8 bytes).
    Removing stm32f4xx_tim.o(.text.TIM_OC3PreloadConfig), (12 bytes).
    Removing stm32f4xx_tim.o(.ARM.exidx.text.TIM_OC3PreloadConfig), (8 bytes).
    Removing stm32f4xx_tim.o(.text.TIM_OC4PreloadConfig), (14 bytes).
    Removing stm32f4xx_tim.o(.ARM.exidx.text.TIM_OC4PreloadConfig), (8 bytes).
    Removing stm32f4xx_tim.o(.text.TIM_OC1FastConfig), (12 bytes).
    Removing stm32f4xx_tim.o(.ARM.exidx.text.TIM_OC1FastConfig), (8 bytes).
    Removing stm32f4xx_tim.o(.text.TIM_OC2FastConfig), (14 bytes).
    Removing stm32f4xx_tim.o(.ARM.exidx.text.TIM_OC2FastConfig), (8 bytes).
    Removing stm32f4xx_tim.o(.text.TIM_OC3FastConfig), (12 bytes).
    Removing stm32f4xx_tim.o(.ARM.exidx.text.TIM_OC3FastConfig), (8 bytes).
    Removing stm32f4xx_tim.o(.text.TIM_OC4FastConfig), (14 bytes).
    Removing stm32f4xx_tim.o(.ARM.exidx.text.TIM_OC4FastConfig), (8 bytes).
    Removing stm32f4xx_tim.o(.text.TIM_ClearOC1Ref), (12 bytes).
    Removing stm32f4xx_tim.o(.ARM.exidx.text.TIM_ClearOC1Ref), (8 bytes).
    Removing stm32f4xx_tim.o(.text.TIM_ClearOC2Ref), (14 bytes).
    Removing stm32f4xx_tim.o(.ARM.exidx.text.TIM_ClearOC2Ref), (8 bytes).
    Removing stm32f4xx_tim.o(.text.TIM_ClearOC3Ref), (12 bytes).
    Removing stm32f4xx_tim.o(.ARM.exidx.text.TIM_ClearOC3Ref), (8 bytes).
    Removing stm32f4xx_tim.o(.text.TIM_ClearOC4Ref), (14 bytes).
    Removing stm32f4xx_tim.o(.ARM.exidx.text.TIM_ClearOC4Ref), (8 bytes).
    Removing stm32f4xx_tim.o(.text.TIM_OC1PolarityConfig), (12 bytes).
    Removing stm32f4xx_tim.o(.ARM.exidx.text.TIM_OC1PolarityConfig), (8 bytes).
    Removing stm32f4xx_tim.o(.text.TIM_OC1NPolarityConfig), (12 bytes).
    Removing stm32f4xx_tim.o(.ARM.exidx.text.TIM_OC1NPolarityConfig), (8 bytes).
    Removing stm32f4xx_tim.o(.text.TIM_OC2PolarityConfig), (14 bytes).
    Removing stm32f4xx_tim.o(.ARM.exidx.text.TIM_OC2PolarityConfig), (8 bytes).
    Removing stm32f4xx_tim.o(.text.TIM_OC2NPolarityConfig), (14 bytes).
    Removing stm32f4xx_tim.o(.ARM.exidx.text.TIM_OC2NPolarityConfig), (8 bytes).
    Removing stm32f4xx_tim.o(.text.TIM_OC3PolarityConfig), (14 bytes).
    Removing stm32f4xx_tim.o(.ARM.exidx.text.TIM_OC3PolarityConfig), (8 bytes).
    Removing stm32f4xx_tim.o(.text.TIM_OC3NPolarityConfig), (14 bytes).
    Removing stm32f4xx_tim.o(.ARM.exidx.text.TIM_OC3NPolarityConfig), (8 bytes).
    Removing stm32f4xx_tim.o(.text.TIM_OC4PolarityConfig), (14 bytes).
    Removing stm32f4xx_tim.o(.ARM.exidx.text.TIM_OC4PolarityConfig), (8 bytes).
    Removing stm32f4xx_tim.o(.text.TIM_CCxCmd), (32 bytes).
    Removing stm32f4xx_tim.o(.ARM.exidx.text.TIM_CCxCmd), (8 bytes).
    Removing stm32f4xx_tim.o(.text.TIM_CCxNCmd), (32 bytes).
    Removing stm32f4xx_tim.o(.ARM.exidx.text.TIM_CCxNCmd), (8 bytes).
    Removing stm32f4xx_tim.o(.text.TIM_ICInit), (266 bytes).
    Removing stm32f4xx_tim.o(.ARM.exidx.text.TIM_ICInit), (8 bytes).
    Removing stm32f4xx_tim.o(.text.TIM_SetIC1Prescaler), (16 bytes).
    Removing stm32f4xx_tim.o(.ARM.exidx.text.TIM_SetIC1Prescaler), (8 bytes).
    Removing stm32f4xx_tim.o(.text.TIM_SetIC2Prescaler), (18 bytes).
    Removing stm32f4xx_tim.o(.ARM.exidx.text.TIM_SetIC2Prescaler), (8 bytes).
    Removing stm32f4xx_tim.o(.text.TIM_SetIC3Prescaler), (16 bytes).
    Removing stm32f4xx_tim.o(.ARM.exidx.text.TIM_SetIC3Prescaler), (8 bytes).
    Removing stm32f4xx_tim.o(.text.TIM_SetIC4Prescaler), (18 bytes).
    Removing stm32f4xx_tim.o(.ARM.exidx.text.TIM_SetIC4Prescaler), (8 bytes).
    Removing stm32f4xx_tim.o(.text.TIM_ICStructInit), (12 bytes).
    Removing stm32f4xx_tim.o(.ARM.exidx.text.TIM_ICStructInit), (8 bytes).
    Removing stm32f4xx_tim.o(.text.TIM_PWMIConfig), (248 bytes).
    Removing stm32f4xx_tim.o(.ARM.exidx.text.TIM_PWMIConfig), (8 bytes).
    Removing stm32f4xx_tim.o(.text.TIM_GetCapture1), (4 bytes).
    Removing stm32f4xx_tim.o(.ARM.exidx.text.TIM_GetCapture1), (8 bytes).
    Removing stm32f4xx_tim.o(.text.TIM_GetCapture2), (4 bytes).
    Removing stm32f4xx_tim.o(.ARM.exidx.text.TIM_GetCapture2), (8 bytes).
    Removing stm32f4xx_tim.o(.text.TIM_GetCapture3), (4 bytes).
    Removing stm32f4xx_tim.o(.ARM.exidx.text.TIM_GetCapture3), (8 bytes).
    Removing stm32f4xx_tim.o(.text.TIM_GetCapture4), (4 bytes).
    Removing stm32f4xx_tim.o(.ARM.exidx.text.TIM_GetCapture4), (8 bytes).
    Removing stm32f4xx_tim.o(.text.TIM_BDTRConfig), (40 bytes).
    Removing stm32f4xx_tim.o(.ARM.exidx.text.TIM_BDTRConfig), (8 bytes).
    Removing stm32f4xx_tim.o(.text.TIM_BDTRStructInit), (12 bytes).
    Removing stm32f4xx_tim.o(.ARM.exidx.text.TIM_BDTRStructInit), (8 bytes).
    Removing stm32f4xx_tim.o(.text.TIM_CtrlPWMOutputs), (24 bytes).
    Removing stm32f4xx_tim.o(.ARM.exidx.text.TIM_CtrlPWMOutputs), (8 bytes).
    Removing stm32f4xx_tim.o(.text.TIM_SelectCOM), (20 bytes).
    Removing stm32f4xx_tim.o(.ARM.exidx.text.TIM_SelectCOM), (8 bytes).
    Removing stm32f4xx_tim.o(.text.TIM_CCPreloadControl), (18 bytes).
    Removing stm32f4xx_tim.o(.ARM.exidx.text.TIM_CCPreloadControl), (8 bytes).
    Removing stm32f4xx_tim.o(.text.TIM_ITConfig), (16 bytes).
    Removing stm32f4xx_tim.o(.ARM.exidx.text.TIM_ITConfig), (8 bytes).
    Removing stm32f4xx_tim.o(.text.TIM_GenerateEvent), (4 bytes).
    Removing stm32f4xx_tim.o(.ARM.exidx.text.TIM_GenerateEvent), (8 bytes).
    Removing stm32f4xx_tim.o(.text.TIM_GetFlagStatus), (10 bytes).
    Removing stm32f4xx_tim.o(.ARM.exidx.text.TIM_GetFlagStatus), (8 bytes).
    Removing stm32f4xx_tim.o(.text.TIM_ClearFlag), (6 bytes).
    Removing stm32f4xx_tim.o(.ARM.exidx.text.TIM_ClearFlag), (8 bytes).
    Removing stm32f4xx_tim.o(.text.TIM_GetITStatus), (24 bytes).
    Removing stm32f4xx_tim.o(.ARM.exidx.text.TIM_GetITStatus), (8 bytes).
    Removing stm32f4xx_tim.o(.text.TIM_ClearITPendingBit), (6 bytes).
    Removing stm32f4xx_tim.o(.ARM.exidx.text.TIM_ClearITPendingBit), (8 bytes).
    Removing stm32f4xx_tim.o(.text.TIM_DMAConfig), (8 bytes).
    Removing stm32f4xx_tim.o(.ARM.exidx.text.TIM_DMAConfig), (8 bytes).
    Removing stm32f4xx_tim.o(.text.TIM_DMACmd), (16 bytes).
    Removing stm32f4xx_tim.o(.ARM.exidx.text.TIM_DMACmd), (8 bytes).
    Removing stm32f4xx_tim.o(.text.TIM_SelectCCDMA), (20 bytes).
    Removing stm32f4xx_tim.o(.ARM.exidx.text.TIM_SelectCCDMA), (8 bytes).
    Removing stm32f4xx_tim.o(.text.TIM_InternalClockConfig), (10 bytes).
    Removing stm32f4xx_tim.o(.ARM.exidx.text.TIM_InternalClockConfig), (8 bytes).
    Removing stm32f4xx_tim.o(.text.TIM_ITRxExternalClockConfig), (20 bytes).
    Removing stm32f4xx_tim.o(.ARM.exidx.text.TIM_ITRxExternalClockConfig), (8 bytes).
    Removing stm32f4xx_tim.o(.text.TIM_SelectInputTrigger), (12 bytes).
    Removing stm32f4xx_tim.o(.ARM.exidx.text.TIM_SelectInputTrigger), (8 bytes).
    Removing stm32f4xx_tim.o(.text.TIM_TIxExternalClockConfig), (114 bytes).
    Removing stm32f4xx_tim.o(.ARM.exidx.text.TIM_TIxExternalClockConfig), (8 bytes).
    Removing stm32f4xx_tim.o(.text.TIM_ETRClockMode1Config), (30 bytes).
    Removing stm32f4xx_tim.o(.ARM.exidx.text.TIM_ETRClockMode1Config), (8 bytes).
    Removing stm32f4xx_tim.o(.text.TIM_ETRConfig), (22 bytes).
    Removing stm32f4xx_tim.o(.ARM.exidx.text.TIM_ETRConfig), (8 bytes).
    Removing stm32f4xx_tim.o(.text.TIM_ETRClockMode2Config), (30 bytes).
    Removing stm32f4xx_tim.o(.ARM.exidx.text.TIM_ETRClockMode2Config), (8 bytes).
    Removing stm32f4xx_tim.o(.text.TIM_SelectOutputTrigger), (16 bytes).
    Removing stm32f4xx_tim.o(.ARM.exidx.text.TIM_SelectOutputTrigger), (8 bytes).
    Removing stm32f4xx_tim.o(.text.TIM_SelectSlaveMode), (16 bytes).
    Removing stm32f4xx_tim.o(.ARM.exidx.text.TIM_SelectSlaveMode), (8 bytes).
    Removing stm32f4xx_tim.o(.text.TIM_SelectMasterSlaveMode), (16 bytes).
    Removing stm32f4xx_tim.o(.ARM.exidx.text.TIM_SelectMasterSlaveMode), (8 bytes).
    Removing stm32f4xx_tim.o(.text.TIM_EncoderInterfaceConfig), (48 bytes).
    Removing stm32f4xx_tim.o(.ARM.exidx.text.TIM_EncoderInterfaceConfig), (8 bytes).
    Removing stm32f4xx_tim.o(.text.TIM_SelectHallSensor), (20 bytes).
    Removing stm32f4xx_tim.o(.ARM.exidx.text.TIM_SelectHallSensor), (8 bytes).
    Removing stm32f4xx_tim.o(.text.TIM_RemapConfig), (6 bytes).
    Removing stm32f4xx_tim.o(.ARM.exidx.text.TIM_RemapConfig), (8 bytes).
    Removing misc.o(.text), (0 bytes).
    Removing misc.o(.text.NVIC_PriorityGroupConfig), (20 bytes).
    Removing misc.o(.ARM.exidx.text.NVIC_PriorityGroupConfig), (8 bytes).
    Removing misc.o(.ARM.exidx.text.NVIC_Init), (8 bytes).
    Removing misc.o(.text.NVIC_SetVectorTable), (24 bytes).
    Removing misc.o(.ARM.exidx.text.NVIC_SetVectorTable), (8 bytes).
    Removing misc.o(.text.NVIC_SystemLPConfig), (24 bytes).
    Removing misc.o(.ARM.exidx.text.NVIC_SystemLPConfig), (8 bytes).
    Removing misc.o(.ARM.exidx.text.SysTick_CLKSourceConfig), (8 bytes).
    Removing cpuport.o(.text), (0 bytes).
    Removing cpuport.o(.ARM.exidx.text.rt_hw_stack_init), (8 bytes).
    Removing cpuport.o(.text.rt_hw_exception_install), (12 bytes).
    Removing cpuport.o(.ARM.exidx.text.rt_hw_exception_install), (8 bytes).
    Removing cpuport.o(.ARM.exidx.text.rt_hw_hard_fault_exception), (8 bytes).
    Removing cpuport.o(.text.rt_hw_cpu_shutdown), (2 bytes).
    Removing cpuport.o(.ARM.exidx.text.rt_hw_cpu_shutdown), (8 bytes).
    Removing cpuport.o(.text.rt_hw_cpu_reset), (18 bytes).
    Removing cpuport.o(.ARM.exidx.text.rt_hw_cpu_reset), (8 bytes).
    Removing clock.o(.text), (0 bytes).
    Removing clock.o(.text.rt_system_tick_init), (2 bytes).
    Removing clock.o(.ARM.exidx.text.rt_system_tick_init), (8 bytes).
    Removing clock.o(.ARM.exidx.text.rt_tick_get), (8 bytes).
    Removing clock.o(.text.rt_tick_set), (26 bytes).
    Removing clock.o(.ARM.exidx.text.rt_tick_set), (8 bytes).
    Removing clock.o(.ARM.exidx.text.rt_tick_increase), (8 bytes).
    Removing clock.o(.ARM.exidx.text.rt_tick_from_millisecond), (8 bytes).
    Removing components.o(.text), (0 bytes).
    Removing components.o(.ARM.exidx.text.rti_start), (8 bytes).
    Removing components.o(.ARM.exidx.text.rti_board_start), (8 bytes).
    Removing components.o(.ARM.exidx.text.rti_board_end), (8 bytes).
    Removing components.o(.ARM.exidx.text.rti_end), (8 bytes).
    Removing components.o(.ARM.exidx.text.rt_components_board_init), (8 bytes).
    Removing components.o(.text.rt_components_init), (44 bytes).
    Removing components.o(.ARM.exidx.text.rt_components_init), (8 bytes).
    Removing components.o(.ARM.exidx.text.$Sub$$main), (8 bytes).
    Removing components.o(.text.rtthread_startup), (84 bytes).
    Removing components.o(.ARM.exidx.text.rtthread_startup), (8 bytes).
    Removing components.o(.ARM.exidx.text.main_thread_entry), (8 bytes).
    Removing components.o(.text.rt_application_init), (52 bytes).
    Removing components.o(.ARM.exidx.text.rt_application_init), (8 bytes).
    Removing idle.o(.text), (0 bytes).
    Removing idle.o(.text.rt_thread_idle_excute), (72 bytes).
    Removing idle.o(.ARM.exidx.text.rt_thread_idle_excute), (8 bytes).
    Removing idle.o(.ARM.exidx.text.rt_thread_idle_init), (8 bytes).
    Removing idle.o(.ARM.exidx.text.rt_thread_idle_entry), (8 bytes).
    Removing idle.o(.text.rt_thread_idle_gethandler), (10 bytes).
    Removing idle.o(.ARM.exidx.text.rt_thread_idle_gethandler), (8 bytes).
    Removing ipc.o(.text), (0 bytes).
    Removing ipc.o(.ARM.exidx.text.rt_sem_init), (8 bytes).
    Removing ipc.o(.text.rt_sem_detach), (62 bytes).
    Removing ipc.o(.ARM.exidx.text.rt_sem_detach), (8 bytes).
    Removing ipc.o(.text.rt_sem_create), (34 bytes).
    Removing ipc.o(.ARM.exidx.text.rt_sem_create), (8 bytes).
    Removing ipc.o(.text.rt_sem_delete), (62 bytes).
    Removing ipc.o(.ARM.exidx.text.rt_sem_delete), (8 bytes).
    Removing ipc.o(.ARM.exidx.text.rt_sem_take), (8 bytes).
    Removing ipc.o(.text.rt_sem_trytake), (6 bytes).
    Removing ipc.o(.ARM.exidx.text.rt_sem_trytake), (8 bytes).
    Removing ipc.o(.ARM.exidx.text.rt_sem_release), (8 bytes).
    Removing ipc.o(.text.rt_sem_control), (92 bytes).
    Removing ipc.o(.ARM.exidx.text.rt_sem_control), (8 bytes).
    Removing ipc.o(.text.rt_mb_init), (54 bytes).
    Removing ipc.o(.ARM.exidx.text.rt_mb_init), (8 bytes).
    Removing ipc.o(.text.rt_mb_detach), (106 bytes).
    Removing ipc.o(.ARM.exidx.text.rt_mb_detach), (8 bytes).
    Removing ipc.o(.text.rt_mb_create), (82 bytes).
    Removing ipc.o(.ARM.exidx.text.rt_mb_create), (8 bytes).
    Removing ipc.o(.text.rt_mb_delete), (112 bytes).
    Removing ipc.o(.ARM.exidx.text.rt_mb_delete), (8 bytes).
    Removing ipc.o(.text.rt_mb_send_wait), (320 bytes).
    Removing ipc.o(.ARM.exidx.text.rt_mb_send_wait), (8 bytes).
    Removing ipc.o(.text.rt_mb_send), (6 bytes).
    Removing ipc.o(.ARM.exidx.text.rt_mb_send), (8 bytes).
    Removing ipc.o(.text.rt_mb_recv), (338 bytes).
    Removing ipc.o(.ARM.exidx.text.rt_mb_recv), (8 bytes).
    Removing ipc.o(.text.rt_mb_control), (138 bytes).
    Removing ipc.o(.ARM.exidx.text.rt_mb_control), (8 bytes).
    Removing irq.o(.text), (0 bytes).
    Removing irq.o(.ARM.exidx.text.rt_interrupt_enter), (8 bytes).
    Removing irq.o(.ARM.exidx.text.rt_interrupt_leave), (8 bytes).
    Removing irq.o(.text.rt_interrupt_get_nest), (24 bytes).
    Removing irq.o(.ARM.exidx.text.rt_interrupt_get_nest), (8 bytes).
    Removing kservice.o(.text), (0 bytes).
    Removing kservice.o(.text.rt_get_errno), (32 bytes).
    Removing kservice.o(.ARM.exidx.text.rt_get_errno), (8 bytes).
    Removing kservice.o(.text.rt_set_errno), (34 bytes).
    Removing kservice.o(.ARM.exidx.text.rt_set_errno), (8 bytes).
    Removing kservice.o(.text._rt_errno), (36 bytes).
    Removing kservice.o(.ARM.exidx.text._rt_errno), (8 bytes).
    Removing kservice.o(.ARM.exidx.text.rt_memset), (8 bytes).
    Removing kservice.o(.text.rt_memcpy), (120 bytes).
    Removing kservice.o(.ARM.exidx.text.rt_memcpy), (8 bytes).
    Removing kservice.o(.ARM.exidx.text.rt_memmove), (8 bytes).
    Removing kservice.o(.text.rt_memcmp), (32 bytes).
    Removing kservice.o(.ARM.exidx.text.rt_memcmp), (8 bytes).
    Removing kservice.o(.text.rt_strstr), (90 bytes).
    Removing kservice.o(.ARM.exidx.text.rt_strstr), (8 bytes).
    Removing kservice.o(.text.rt_strlen), (16 bytes).
    Removing kservice.o(.ARM.exidx.text.rt_strlen), (8 bytes).
    Removing kservice.o(.text.rt_strcasecmp), (46 bytes).
    Removing kservice.o(.ARM.exidx.text.rt_strcasecmp), (8 bytes).
    Removing kservice.o(.ARM.exidx.text.rt_strncpy), (8 bytes).
    Removing kservice.o(.text.rt_strncmp), (38 bytes).
    Removing kservice.o(.ARM.exidx.text.rt_strncmp), (8 bytes).
    Removing kservice.o(.text.rt_strcmp), (30 bytes).
    Removing kservice.o(.ARM.exidx.text.rt_strcmp), (8 bytes).
    Removing kservice.o(.text.rt_strnlen), (24 bytes).
    Removing kservice.o(.ARM.exidx.text.rt_strnlen), (8 bytes).
    Removing kservice.o(.text.rt_strdup), (144 bytes).
    Removing kservice.o(.ARM.exidx.text.rt_strdup), (8 bytes).
    Removing kservice.o(.ARM.exidx.text.rt_show_version), (8 bytes).
    Removing kservice.o(.text.rt_vsnprintf), (804 bytes).
    Removing kservice.o(.ARM.exidx.text.rt_vsnprintf), (8 bytes).
    Removing kservice.o(.text.print_number), (464 bytes).
    Removing kservice.o(.ARM.exidx.text.print_number), (8 bytes).
    Removing kservice.o(.text.rt_snprintf), (26 bytes).
    Removing kservice.o(.ARM.exidx.text.rt_snprintf), (8 bytes).
    Removing kservice.o(.text.rt_vsprintf), (12 bytes).
    Removing kservice.o(.ARM.exidx.text.rt_vsprintf), (8 bytes).
    Removing kservice.o(.text.rt_sprintf), (36 bytes).
    Removing kservice.o(.ARM.exidx.text.rt_sprintf), (8 bytes).
    Removing kservice.o(.text.rt_malloc_align), (48 bytes).
    Removing kservice.o(.ARM.exidx.text.rt_malloc_align), (8 bytes).
    Removing kservice.o(.text.rt_free_align), (8 bytes).
    Removing kservice.o(.ARM.exidx.text.rt_free_align), (8 bytes).
    Removing kservice.o(.ARM.exidx.text.__rt_ffs), (8 bytes).
    Removing kservice.o(.bss.__rt_errno), (4 bytes).
    Removing mem.o(.text), (0 bytes).
    Removing mem.o(.ARM.exidx.text.rt_system_heap_init), (8 bytes).
    Removing mem.o(.ARM.exidx.text.rt_malloc), (8 bytes).
    Removing mem.o(.text.rt_realloc), (340 bytes).
    Removing mem.o(.ARM.exidx.text.rt_realloc), (8 bytes).
    Removing mem.o(.ARM.exidx.text.rt_free), (8 bytes).
    Removing mem.o(.ARM.exidx.text.rt_calloc), (8 bytes).
    Removing mem.o(.text.rt_memory_info), (48 bytes).
    Removing mem.o(.ARM.exidx.text.rt_memory_info), (8 bytes).
    Removing mempool.o(.text), (0 bytes).
    Removing object.o(.text), (0 bytes).
    Removing object.o(.text.rt_system_object_init), (2 bytes).
    Removing object.o(.ARM.exidx.text.rt_system_object_init), (8 bytes).
    Removing object.o(.ARM.exidx.text.rt_object_get_information), (8 bytes).
    Removing object.o(.text.rt_object_get_length), (66 bytes).
    Removing object.o(.ARM.exidx.text.rt_object_get_length), (8 bytes).
    Removing object.o(.text.rt_object_get_pointers), (92 bytes).
    Removing object.o(.ARM.exidx.text.rt_object_get_pointers), (8 bytes).
    Removing object.o(.ARM.exidx.text.rt_object_init), (8 bytes).
    Removing object.o(.ARM.exidx.text.rt_object_detach), (8 bytes).
    Removing object.o(.ARM.exidx.text.rt_object_allocate), (8 bytes).
    Removing object.o(.ARM.exidx.text.rt_object_delete), (8 bytes).
    Removing object.o(.ARM.exidx.text.rt_object_is_systemobject), (8 bytes).
    Removing object.o(.text.rt_object_get_type), (8 bytes).
    Removing object.o(.ARM.exidx.text.rt_object_get_type), (8 bytes).
    Removing object.o(.text.rt_object_find), (94 bytes).
    Removing object.o(.ARM.exidx.text.rt_object_find), (8 bytes).
    Removing scheduler.o(.text), (0 bytes).
    Removing scheduler.o(.ARM.exidx.text.rt_system_scheduler_init), (8 bytes).
    Removing scheduler.o(.ARM.exidx.text.rt_system_scheduler_start), (8 bytes).
    Removing scheduler.o(.ARM.exidx.text.rt_schedule), (8 bytes).
    Removing scheduler.o(.ARM.exidx.text.rt_schedule_insert_thread), (8 bytes).
    Removing scheduler.o(.ARM.exidx.text.rt_schedule_remove_thread), (8 bytes).
    Removing scheduler.o(.ARM.exidx.text.rt_enter_critical), (8 bytes).
    Removing scheduler.o(.ARM.exidx.text.rt_exit_critical), (8 bytes).
    Removing scheduler.o(.text.rt_critical_level), (12 bytes).
    Removing scheduler.o(.ARM.exidx.text.rt_critical_level), (8 bytes).
    Removing thread.o(.text), (0 bytes).
    Removing thread.o(.ARM.exidx.text.rt_thread_exit), (8 bytes).
    Removing thread.o(.ARM.exidx.text.rt_thread_init), (8 bytes).
    Removing thread.o(.ARM.exidx.text.rt_thread_self), (8 bytes).
    Removing thread.o(.ARM.exidx.text.rt_thread_startup), (8 bytes).
    Removing thread.o(.ARM.exidx.text.rt_thread_resume), (8 bytes).
    Removing thread.o(.text.rt_thread_detach), (114 bytes).
    Removing thread.o(.ARM.exidx.text.rt_thread_detach), (8 bytes).
    Removing thread.o(.ARM.exidx.text.rt_thread_create), (8 bytes).
    Removing thread.o(.text.rt_thread_delete), (94 bytes).
    Removing thread.o(.ARM.exidx.text.rt_thread_delete), (8 bytes).
    Removing thread.o(.ARM.exidx.text.rt_thread_yield), (8 bytes).
    Removing thread.o(.ARM.exidx.text.rt_thread_sleep), (8 bytes).
    Removing thread.o(.ARM.exidx.text.rt_thread_suspend), (8 bytes).
    Removing thread.o(.text.rt_thread_delay), (10 bytes).
    Removing thread.o(.ARM.exidx.text.rt_thread_delay), (8 bytes).
    Removing thread.o(.text.rt_thread_delay_until), (164 bytes).
    Removing thread.o(.ARM.exidx.text.rt_thread_delay_until), (8 bytes).
    Removing thread.o(.ARM.exidx.text.rt_thread_mdelay), (8 bytes).
    Removing thread.o(.text.rt_thread_control), (202 bytes).
    Removing thread.o(.ARM.exidx.text.rt_thread_control), (8 bytes).
    Removing thread.o(.ARM.exidx.text.rt_thread_timeout), (8 bytes).
    Removing thread.o(.text.rt_thread_find), (6 bytes).
    Removing thread.o(.ARM.exidx.text.rt_thread_find), (8 bytes).
    Removing timer.o(.text), (0 bytes).
    Removing timer.o(.ARM.exidx.text.rt_timer_init), (8 bytes).
    Removing timer.o(.ARM.exidx.text.rt_timer_detach), (8 bytes).
    Removing timer.o(.text.rt_timer_create), (56 bytes).
    Removing timer.o(.ARM.exidx.text.rt_timer_create), (8 bytes).
    Removing timer.o(.text.rt_timer_delete), (48 bytes).
    Removing timer.o(.ARM.exidx.text.rt_timer_delete), (8 bytes).
    Removing timer.o(.ARM.exidx.text.rt_timer_start), (8 bytes).
    Removing timer.o(.ARM.exidx.text.rt_timer_stop), (8 bytes).
    Removing timer.o(.ARM.exidx.text.rt_timer_control), (8 bytes).
    Removing timer.o(.ARM.exidx.text.rt_timer_check), (8 bytes).
    Removing timer.o(.text.rt_timer_next_timeout_tick), (34 bytes).
    Removing timer.o(.ARM.exidx.text.rt_timer_next_timeout_tick), (8 bytes).
    Removing timer.o(.ARM.exidx.text.rt_system_timer_init), (8 bytes).
    Removing timer.o(.ARM.exidx.text.rt_system_timer_thread_init), (8 bytes).
    Removing board.o(.text), (0 bytes).
    Removing board.o(.ARM.exidx.text.rt_heap_begin_get), (8 bytes).
    Removing board.o(.ARM.exidx.text.rt_heap_end_get), (8 bytes).
    Removing board.o(.text.rt_os_tick_callback), (18 bytes).
    Removing board.o(.ARM.exidx.text.rt_os_tick_callback), (8 bytes).
    Removing board.o(.ARM.exidx.text.SysTick_Handler), (8 bytes).
    Removing board.o(.ARM.exidx.text.rt_hw_board_init), (8 bytes).
    Removing cmd.o(.text), (0 bytes).
    Removing cmd.o(.ARM.exidx.text.hello), (8 bytes).
    Removing cmd.o(.ARM.exidx.text.version), (8 bytes).
    Removing cmd.o(.ARM.exidx.text.list_thread), (8 bytes).
    Removing cmd.o(.ARM.exidx.text.list_sem), (8 bytes).
    Removing cmd.o(.ARM.exidx.text.list_mailbox), (8 bytes).
    Removing cmd.o(.ARM.exidx.text.list_timer), (8 bytes).
    Removing cmd.o(.ARM.exidx.text.list), (8 bytes).
    Removing msh.o(.text), (0 bytes).
    Removing msh.o(.ARM.exidx.text.msh_is_used), (8 bytes).
    Removing msh.o(.ARM.exidx.text.msh_help), (8 bytes).
    Removing msh.o(.ARM.exidx.text.cmd_ps), (8 bytes).
    Removing msh.o(.ARM.exidx.text.cmd_free), (8 bytes).
    Removing msh.o(.ARM.exidx.text.msh_exec), (8 bytes).
    Removing msh.o(.ARM.exidx.text.msh_auto_complete), (8 bytes).
    Removing shell.o(.text), (0 bytes).
    Removing shell.o(.text.finsh_set_prompt), (54 bytes).
    Removing shell.o(.ARM.exidx.text.finsh_set_prompt), (8 bytes).
    Removing shell.o(.text.finsh_get_prompt), (150 bytes).
    Removing shell.o(.ARM.exidx.text.finsh_get_prompt), (8 bytes).
    Removing shell.o(.text.finsh_get_prompt_mode), (20 bytes).
    Removing shell.o(.ARM.exidx.text.finsh_get_prompt_mode), (8 bytes).
    Removing shell.o(.text.finsh_set_prompt_mode), (32 bytes).
    Removing shell.o(.ARM.exidx.text.finsh_set_prompt_mode), (8 bytes).
    Removing shell.o(.text.finsh_set_echo), (30 bytes).
    Removing shell.o(.ARM.exidx.text.finsh_set_echo), (8 bytes).
    Removing shell.o(.text.finsh_get_echo), (20 bytes).
    Removing shell.o(.ARM.exidx.text.finsh_get_echo), (8 bytes).
    Removing shell.o(.ARM.exidx.text.finsh_thread_entry), (8 bytes).
    Removing shell.o(.text.finsh_system_function_init), (22 bytes).
    Removing shell.o(.ARM.exidx.text.finsh_system_function_init), (8 bytes).
    Removing shell.o(.text.finsh_system_var_init), (22 bytes).
    Removing shell.o(.ARM.exidx.text.finsh_system_var_init), (8 bytes).
    Removing shell.o(.ARM.exidx.text.finsh_system_init), (8 bytes).
    Removing shell.o(.bss._sysvar_table_begin), (4 bytes).
    Removing shell.o(.bss._sysvar_table_end), (4 bytes).
    Removing shell.o(.bss.finsh_prompt_custom), (4 bytes).
    Removing shell.o(.bss.finsh_get_prompt.finsh_prompt), (257 bytes).
    Removing shell.o(.rodata.str1.1), (12 bytes).
    Removing finsh_port.o(.text), (0 bytes).

653 unused section(s) (total 14106 bytes) removed from the image.
