Component: Arm Compiler for Embedded 6.21 Tool: armlink [5ec1fa00]

==============================================================================

Section Cross References

    main.o(.text.main) refers to usart.o(.text.uart1_init) for uart1_init
    main.o(.text.main) refers to delay.o(.text.delay_init) for delay_init
    main.o(.text.main) refers to puts.o(.text) for puts
    main.o(.text.main) refers to delay.o(.text.delay_ms) for delay_ms
    main.o(.ARM.exidx.text.main) refers to main.o(.text.main) for [Anonymous Symbol]
    stm32f4xx_it.o(.ARM.exidx.text.NMI_Handler) refers to stm32f4xx_it.o(.text.NMI_Handler) for [Anonymous Symbol]
    stm32f4xx_it.o(.ARM.exidx.text.HardFault_Handler) refers to stm32f4xx_it.o(.text.HardFault_Handler) for [Anonymous Symbol]
    stm32f4xx_it.o(.ARM.exidx.text.MemManage_Handler) refers to stm32f4xx_it.o(.text.MemManage_Handler) for [Anonymous Symbol]
    stm32f4xx_it.o(.ARM.exidx.text.BusFault_Handler) refers to stm32f4xx_it.o(.text.BusFault_Handler) for [Anonymous Symbol]
    stm32f4xx_it.o(.ARM.exidx.text.UsageFault_Handler) refers to stm32f4xx_it.o(.text.UsageFault_Handler) for [Anonymous Symbol]
    stm32f4xx_it.o(.ARM.exidx.text.DebugMon_Handler) refers to stm32f4xx_it.o(.text.DebugMon_Handler) for [Anonymous Symbol]
    system_stm32f4xx.o(.ARM.exidx.text.SystemInit) refers to system_stm32f4xx.o(.text.SystemInit) for [Anonymous Symbol]
    system_stm32f4xx.o(.text.SystemCoreClockUpdate) refers to system_stm32f4xx.o(.data.SystemCoreClock) for SystemCoreClock
    system_stm32f4xx.o(.text.SystemCoreClockUpdate) refers to system_stm32f4xx.o(.rodata.AHBPrescTable) for AHBPrescTable
    system_stm32f4xx.o(.ARM.exidx.text.SystemCoreClockUpdate) refers to system_stm32f4xx.o(.text.SystemCoreClockUpdate) for [Anonymous Symbol]
    startup_stm32f40_41xxx.o(STACK) refers (Special) to heapauxi.o(.text) for __use_two_region_memory
    startup_stm32f40_41xxx.o(HEAP) refers (Special) to heapauxi.o(.text) for __use_two_region_memory
    startup_stm32f40_41xxx.o(RESET) refers (Special) to heapauxi.o(.text) for __use_two_region_memory
    startup_stm32f40_41xxx.o(RESET) refers to startup_stm32f40_41xxx.o(STACK) for __initial_sp
    startup_stm32f40_41xxx.o(RESET) refers to startup_stm32f40_41xxx.o(.text) for Reset_Handler
    startup_stm32f40_41xxx.o(RESET) refers to stm32f4xx_it.o(.text.NMI_Handler) for NMI_Handler
    startup_stm32f40_41xxx.o(RESET) refers to stm32f4xx_it.o(.text.HardFault_Handler) for HardFault_Handler
    startup_stm32f40_41xxx.o(RESET) refers to stm32f4xx_it.o(.text.MemManage_Handler) for MemManage_Handler
    startup_stm32f40_41xxx.o(RESET) refers to stm32f4xx_it.o(.text.BusFault_Handler) for BusFault_Handler
    startup_stm32f40_41xxx.o(RESET) refers to stm32f4xx_it.o(.text.UsageFault_Handler) for UsageFault_Handler
    startup_stm32f40_41xxx.o(RESET) refers to stm32f4xx_it.o(.text.DebugMon_Handler) for DebugMon_Handler
    startup_stm32f40_41xxx.o(RESET) refers to usart.o(.text.USART1_IRQHandler) for USART1_IRQHandler
    startup_stm32f40_41xxx.o(.text) refers (Special) to heapauxi.o(.text) for __use_two_region_memory
    startup_stm32f40_41xxx.o(.text) refers to system_stm32f4xx.o(.text.SystemInit) for SystemInit
    startup_stm32f40_41xxx.o(.text) refers to __main.o(!!!main) for __main
    startup_stm32f40_41xxx.o(.text) refers to startup_stm32f40_41xxx.o(HEAP) for Heap_Mem
    startup_stm32f40_41xxx.o(.text) refers to startup_stm32f40_41xxx.o(STACK) for Stack_Mem
    delay.o(.text.delay_init) refers to misc.o(.text.SysTick_CLKSourceConfig) for SysTick_CLKSourceConfig
    delay.o(.text.delay_init) refers to delay.o(.bss.fac_us) for fac_us
    delay.o(.text.delay_init) refers to delay.o(.bss.fac_ms) for fac_ms
    delay.o(.ARM.exidx.text.delay_init) refers to delay.o(.text.delay_init) for [Anonymous Symbol]
    delay.o(.text.delay_us) refers to delay.o(.bss.fac_us) for fac_us
    delay.o(.ARM.exidx.text.delay_us) refers to delay.o(.text.delay_us) for [Anonymous Symbol]
    delay.o(.text.delay_xms) refers to delay.o(.bss.fac_ms) for fac_ms
    delay.o(.ARM.exidx.text.delay_xms) refers to delay.o(.text.delay_xms) for [Anonymous Symbol]
    delay.o(.text.delay_ms) refers to delay.o(.bss.fac_ms) for fac_ms
    delay.o(.ARM.exidx.text.delay_ms) refers to delay.o(.text.delay_ms) for [Anonymous Symbol]
    sys.o(.ARM.exidx.text.WFI_SET) refers to sys.o(.text.WFI_SET) for [Anonymous Symbol]
    sys.o(.ARM.exidx.text.INTX_DISABLE) refers to sys.o(.text.INTX_DISABLE) for [Anonymous Symbol]
    sys.o(.ARM.exidx.text.INTX_ENABLE) refers to sys.o(.text.INTX_ENABLE) for [Anonymous Symbol]
    sys.o(.ARM.exidx.text.MSR_MSP) refers to sys.o(.text.MSR_MSP) for [Anonymous Symbol]
    usart.o(.text) refers (Special) to use_no_semi_2.o(.text) for __use_no_semihosting
    usart.o(.text._sys_exit) refers (Special) to use_no_semi_2.o(.text) for __use_no_semihosting
    usart.o(.ARM.exidx.text._sys_exit) refers (Special) to use_no_semi_2.o(.text) for __use_no_semihosting
[...]
    libinit.o(.ARM.Collect$$libinit$$00000000) refers (Special) to libinit2.o(.ARM.Collect$$libinit$$00000034) for __rt_lib_init_cpp_1
    libinit.o(.ARM.Collect$$libinit$$00000000) refers (Special) to libinit2.o(.ARM.Collect$$libinit$$00000032) for __rt_lib_init_exceptions_1
    libinit.o(.ARM.Collect$$libinit$$00000000) refers (Special) to libinit2.o(.ARM.Collect$$libinit$$00000001) for __rt_lib_init_fp_1
    libinit.o(.ARM.Collect$$libinit$$00000000) refers (Special) to libinit2.o(.ARM.Collect$$libinit$$00000021) for __rt_lib_init_fp_trap_1
    libinit.o(.ARM.Collect$$libinit$$00000000) refers (Special) to libinit2.o(.ARM.Collect$$libinit$$00000025) for __rt_lib_init_getenv_1
    libinit.o(.ARM.Collect$$libinit$$00000000) refers (Special) to libinit2.o(.ARM.Collect$$libinit$$0000000C) for __rt_lib_init_heap_1
    libinit.o(.ARM.Collect$$libinit$$00000000) refers (Special) to libinit2.o(.ARM.Collect$$libinit$$00000013) for __rt_lib_init_lc_collate_1
    libinit.o(.ARM.Collect$$libinit$$00000000) refers (Special) to libinit2.o(.ARM.Collect$$libinit$$00000015) for __rt_lib_init_lc_ctype_1
    libinit.o(.ARM.Collect$$libinit$$00000000) refers (Special) to libinit2.o(.ARM.Collect$$libinit$$00000017) for __rt_lib_init_lc_monetary_1
    libinit.o(.ARM.Collect$$libinit$$00000000) refers (Special) to libinit2.o(.ARM.Collect$$libinit$$00000019) for __rt_lib_init_lc_numeric_1
    libinit.o(.ARM.Collect$$libinit$$00000000) refers (Special) to libinit2.o(.ARM.Collect$$libinit$$0000001B) for __rt_lib_init_lc_time_1
    libinit.o(.ARM.Collect$$libinit$$00000000) refers (Special) to libinit2.o(.ARM.Collect$$libinit$$00000006) for __rt_lib_init_preinit_1
    libinit.o(.ARM.Collect$$libinit$$00000000) refers (Special) to libinit2.o(.ARM.Collect$$libinit$$00000010) for __rt_lib_init_rand_1
    libinit.o(.ARM.Collect$$libinit$$00000000) refers (Special) to libinit2.o(.ARM.Collect$$libinit$$00000004) for __rt_lib_init_relocate_pie_1
    libinit.o(.ARM.Collect$$libinit$$00000000) refers (Special) to libinit2.o(.ARM.Collect$$libinit$$00000035) for __rt_lib_init_return
    libinit.o(.ARM.Collect$$libinit$$00000000) refers (Special) to libinit2.o(.ARM.Collect$$libinit$$0000001F) for __rt_lib_init_signal_1
    libinit.o(.ARM.Collect$$libinit$$00000000) refers (Special) to libinit2.o(.ARM.Collect$$libinit$$00000027) for __rt_lib_init_stdio_1
    libinit.o(.ARM.Collect$$libinit$$00000000) refers (Special) to libinit2.o(.ARM.Collect$$libinit$$0000000E) for __rt_lib_init_user_alloc_1
    libspace.o(.text) refers to libspace.o(.bss) for __libspace_start
    rtexit.o(.ARM.Collect$$rtexit$$00000000) refers (Special) to rtexit2.o(.ARM.Collect$$rtexit$$00000004) for __rt_exit_exit
    rtexit.o(.ARM.Collect$$rtexit$$00000000) refers (Special) to rtexit2.o(.ARM.Collect$$rtexit$$00000003) for __rt_exit_ls
    rtexit.o(.ARM.Collect$$rtexit$$00000000) refers (Special) to rtexit2.o(.ARM.Collect$$rtexit$$00000002) for __rt_exit_prels_1
    rtexit.o(.ARM.exidx) refers (Special) to rtexit2.o(.ARM.Collect$$rtexit$$00000004) for __rt_exit_exit
    rtexit.o(.ARM.exidx) refers (Special) to rtexit2.o(.ARM.Collect$$rtexit$$00000003) for __rt_exit_ls
    rtexit.o(.ARM.exidx) refers (Special) to rtexit2.o(.ARM.Collect$$rtexit$$00000002) for __rt_exit_prels_1
    rtexit.o(.ARM.exidx) refers to rtexit.o(.ARM.Collect$$rtexit$$00000000) for .ARM.Collect$$rtexit$$00000000
    libinit2.o(.ARM.Collect$$libinit$$00000001) refers to fpinit.o(x$fpl$fpinit) for _fp_init
    libinit2.o(.ARM.Collect$$libinit$$00000012) refers to libinit2.o(.ARM.Collect$$libinit$$00000011) for .ARM.Collect$$libinit$$00000011
    libinit2.o(.ARM.Collect$$libinit$$00000014) refers to libinit2.o(.ARM.Collect$$libinit$$00000011) for .ARM.Collect$$libinit$$00000011
    libinit2.o(.ARM.Collect$$libinit$$00000016) refers to libinit2.o(.ARM.Collect$$libinit$$00000011) for .ARM.Collect$$libinit$$00000011
    libinit2.o(.ARM.Collect$$libinit$$00000018) refers to libinit2.o(.ARM.Collect$$libinit$$00000011) for .ARM.Collect$$libinit$$00000011
    libinit2.o(.ARM.Collect$$libinit$$0000001A) refers to libinit2.o(.ARM.Collect$$libinit$$00000011) for .ARM.Collect$$libinit$$00000011
    libinit2.o(.ARM.Collect$$libinit$$00000028) refers to argv_veneer.o(.emb_text) for __ARM_argv_veneer
    libinit2.o(.ARM.Collect$$libinit$$00000029) refers to argv_veneer.o(.emb_text) for __ARM_argv_veneer
    rtexit2.o(.ARM.Collect$$rtexit$$00000003) refers to libshutdown.o(.ARM.Collect$$libshutdown$$00000000) for __rt_lib_shutdown
    rtexit2.o(.ARM.Collect$$rtexit$$00000004) refers to usart.o(.text._sys_exit) for _sys_exit
    rtexit2.o(.ARM.exidx) refers to rtexit2.o(.ARM.Collect$$rtexit$$00000001) for .ARM.Collect$$rtexit$$00000001
    rtexit2.o(.ARM.exidx) refers to rtexit2.o(.ARM.Collect$$rtexit$$00000003) for .ARM.Collect$$rtexit$$00000003
    rtexit2.o(.ARM.exidx) refers to rtexit2.o(.ARM.Collect$$rtexit$$00000004) for .ARM.Collect$$rtexit$$00000004
    argv_veneer.o(.emb_text) refers to no_argv.o(.text) for __ARM_get_argv
    _get_argv_nomalloc.o(.text) refers (Special) to hrguard.o(.text) for __heap_region$guard
    _get_argv_nomalloc.o(.text) refers to defsig_rtmem_outer.o(.text) for __rt_SIGRTMEM
    _get_argv_nomalloc.o(.text) refers to sys_command.o(.text) for _sys_command_string
    libshutdown.o(.ARM.Collect$$libshutdown$$00000000) refers (Special) to libshutdown2.o(.ARM.Collect$$libshutdown$$00000002) for __rt_lib_shutdown_cpp_1
    libshutdown.o(.ARM.Collect$$libshutdown$$00000000) refers (Special) to libshutdown2.o(.ARM.Collect$$libshutdown$$00000007) for __rt_lib_shutdown_fp_trap_1
    libshutdown.o(.ARM.Collect$$libshutdown$$00000000) refers (Special) to libshutdown2.o(.ARM.Collect$$libshutdown$$0000000F) for __rt_lib_shutdown_heap_1
    libshutdown.o(.ARM.Collect$$libshutdown$$00000000) refers (Special) to libshutdown2.o(.ARM.Collect$$libshutdown$$00000010) for __rt_lib_shutdown_return
    libshutdown.o(.ARM.Collect$$libshutdown$$00000000) refers (Special) to libshutdown2.o(.ARM.Collect$$libshutdown$$0000000A) for __rt_lib_shutdown_signal_1
    libshutdown.o(.ARM.Collect$$libshutdown$$00000000) refers (Special) to libshutdown2.o(.ARM.Collect$$libshutdown$$00000004) for __rt_lib_shutdown_stdio_1
    libshutdown.o(.ARM.Collect$$libshutdown$$00000000) refers (Special) to libshutdown2.o(.ARM.Collect$$libshutdown$$0000000C) for __rt_lib_shutdown_user_alloc_1
    sys_command.o(.text) refers (Special) to use_no_semi.o(.text) for __I$use$semihosting
    sys_command.o(.text) refers (Special) to indicate_semi.o(.text) for __semihosting_library_function
    sys_command_hlt.o(.text) refers (Special) to use_no_semi.o(.text) for __I$use$semihosting
    sys_command_hlt.o(.text) refers (Special) to indicate_semi.o(.text) for __semihosting_library_function
    defsig_rtmem_outer.o(.text) refers to defsig_rtmem_inner.o(.text) for __rt_SIGRTMEM_inner
    defsig_rtmem_outer.o(.text) refers to defsig_exit.o(.text) for __sig_exit
    defsig_rtmem_formal.o(.text) refers to rt_raise.o(.text) for __rt_raise
    rt_raise.o(.text) refers to __raise.o(.text) for __raise
    rt_raise.o(.text) refers to usart.o(.text._sys_exit) for _sys_exit
    defsig_exit.o(.text) refers to usart.o(.text._sys_exit) for _sys_exit
    defsig_rtmem_inner.o(.text) refers to defsig_general.o(.text) for __default_signal_display
    __raise.o(.text) refers to defsig.o(CL$$defsig) for __default_signal_handler
    defsig_general.o(.text) refers to sys_wrch.o(.text) for _ttywrch
    sys_wrch.o(.text) refers (Special) to use_no_semi.o(.text) for __I$use$semihosting
    sys_wrch.o(.text) refers (Special) to indicate_semi.o(.text) for __semihosting_library_function
    sys_wrch_hlt.o(.text) refers (Special) to use_no_semi.o(.text) for __I$use$semihosting
    sys_wrch_hlt.o(.text) refers (Special) to indicate_semi.o(.text) for __semihosting_library_function
    defsig.o(CL$$defsig) refers to defsig_rtmem_inner.o(.text) for __rt_SIGRTMEM_inner
    defsig_abrt_inner.o(.text) refers to defsig_general.o(.text) for __default_signal_display
    defsig_fpe_inner.o(.text) refers to defsig_general.o(.text) for __default_signal_display
    defsig_rtred_inner.o(.text) refers to defsig_general.o(.text) for __default_signal_display
    defsig_stak_inner.o(.text) refers to defsig_general.o(.text) for __default_signal_display
    defsig_pvfn_inner.o(.text) refers to defsig_general.o(.text) for __default_signal_display
    defsig_cppl_inner.o(.text) refers to defsig_general.o(.text) for __default_signal_display
    defsig_segv_inner.o(.text) refers to defsig_general.o(.text) for __default_signal_display
    defsig_other.o(.text) refers to defsig_general.o(.text) for __default_signal_display


==============================================================================

Removing Unused input sections from the image.

    Removing main.o(.text), (0 bytes).
    Removing main.o(.ARM.exidx.text.main), (8 bytes).
    Removing main.o(.ARM.use_no_argv), (4 bytes).
    Removing stm32f4xx_it.o(.text), (0 bytes).
    Removing stm32f4xx_it.o(.ARM.exidx.text.NMI_Handler), (8 bytes).
    Removing stm32f4xx_it.o(.ARM.exidx.text.HardFault_Handler), (8 bytes).
    Removing stm32f4xx_it.o(.ARM.exidx.text.MemManage_Handler), (8 bytes).
    Removing stm32f4xx_it.o(.ARM.exidx.text.BusFault_Handler), (8 bytes).
    Removing stm32f4xx_it.o(.ARM.exidx.text.UsageFault_Handler), (8 bytes).
    Removing stm32f4xx_it.o(.ARM.exidx.text.DebugMon_Handler), (8 bytes).
    Removing system_stm32f4xx.o(.text), (0 bytes).
    Removing system_stm32f4xx.o(.ARM.exidx.text.SystemInit), (8 bytes).
    Removing system_stm32f4xx.o(.text.SystemCoreClockUpdate), (134 bytes).
    Removing system_stm32f4xx.o(.ARM.exidx.text.SystemCoreClockUpdate), (8 bytes).
    Removing system_stm32f4xx.o(.data.SystemCoreClock), (4 bytes).
    Removing system_stm32f4xx.o(.rodata.AHBPrescTable), (16 bytes).
    Removing delay.o(.text), (0 bytes).
    Removing delay.o(.ARM.exidx.text.delay_init), (8 bytes).
    Removing delay.o(.text.delay_us), (60 bytes).
    Removing delay.o(.ARM.exidx.text.delay_us), (8 bytes).
    Removing delay.o(.text.delay_xms), (60 bytes).
    Removing delay.o(.ARM.exidx.text.delay_xms), (8 bytes).
    Removing delay.o(.ARM.exidx.text.delay_ms), (8 bytes).
    Removing sys.o(.text), (0 bytes).
    Removing sys.o(.text.WFI_SET), (4 bytes).
    Removing sys.o(.ARM.exidx.text.WFI_SET), (8 bytes).
    Removing sys.o(.text.INTX_DISABLE), (6 bytes).
    Removing sys.o(.ARM.exidx.text.INTX_DISABLE), (8 bytes).
    Removing sys.o(.text.INTX_ENABLE), (6 bytes).
    Removing sys.o(.ARM.exidx.text.INTX_ENABLE), (8 bytes).
    Removing sys.o(.text.MSR_MSP), (8 bytes).
    Removing sys.o(.ARM.exidx.text.MSR_MSP), (8 bytes).
    Removing usart.o(.text), (0 bytes).
    Removing usart.o(.ARM.exidx.text._sys_exit), (8 bytes).
    Removing usart.o(.ARM.exidx.text.fputc), (8 bytes).
    Removing usart.o(.ARM.exidx.text.uart1_init), (8 bytes).
    Removing usart.o(.ARM.exidx.text.USART1_IRQHandler), (8 bytes).
    Removing stm32f4xx_gpio.o(.text), (0 bytes).
    Removing stm32f4xx_gpio.o(.text.GPIO_DeInit), (54 bytes).
    Removing stm32f4xx_gpio.o(.ARM.exidx.text.GPIO_DeInit), (8 bytes).
    Removing stm32f4xx_gpio.o(.ARM.exidx.text.GPIO_Init), (8 bytes).
    Removing stm32f4xx_gpio.o(.text.GPIO_StructInit), (12 bytes).
    Removing stm32f4xx_gpio.o(.ARM.exidx.text.GPIO_StructInit), (8 bytes).
    Removing stm32f4xx_gpio.o(.text.GPIO_PinLockConfig), (36 bytes).
    Removing stm32f4xx_gpio.o(.ARM.exidx.text.GPIO_PinLockConfig), (8 bytes).
    Removing stm32f4xx_gpio.o(.text.GPIO_ReadInputDataBit), (10 bytes).
    Removing stm32f4xx_gpio.o(.ARM.exidx.text.GPIO_ReadInputDataBit), (8 bytes).
    Removing stm32f4xx_gpio.o(.text.GPIO_ReadInputData), (6 bytes).
    Removing stm32f4xx_gpio.o(.ARM.exidx.text.GPIO_ReadInputData), (8 bytes).
    Removing stm32f4xx_gpio.o(.text.GPIO_ReadOutputDataBit), (10 bytes).
    Removing stm32f4xx_gpio.o(.ARM.exidx.text.GPIO_ReadOutputDataBit), (8 bytes).
    Removing stm32f4xx_gpio.o(.text.GPIO_ReadOutputData), (6 bytes).
    Removing stm32f4xx_gpio.o(.ARM.exidx.text.GPIO_ReadOutputData), (8 bytes).
    Removing stm32f4xx_gpio.o(.text.GPIO_SetBits), (4 bytes).
    Removing stm32f4xx_gpio.o(.ARM.exidx.text.GPIO_SetBits), (8 bytes).
    Removing stm32f4xx_gpio.o(.text.GPIO_ResetBits), (6 bytes).
    Removing stm32f4xx_gpio.o(.ARM.exidx.text.GPIO_ResetBits), (8 bytes).
    Removing stm32f4xx_gpio.o(.text.GPIO_WriteBit), (10 bytes).
    Removing stm32f4xx_gpio.o(.ARM.exidx.text.GPIO_WriteBit), (8 bytes).
    Removing stm32f4xx_gpio.o(.text.GPIO_Write), (4 bytes).
    Removing stm32f4xx_gpio.o(.ARM.exidx.text.GPIO_Write), (8 bytes).
    Removing stm32f4xx_gpio.o(.text.GPIO_ToggleBits), (8 bytes).
    Removing stm32f4xx_gpio.o(.ARM.exidx.text.GPIO_ToggleBits), (8 bytes).
    Removing stm32f4xx_gpio.o(.ARM.exidx.text.GPIO_PinAFConfig), (8 bytes).
    Removing stm32f4xx_gpio.o(.rodata..Lswitch.table.GPIO_DeInit.1), (44 bytes).
    Removing stm32f4xx_usart.o(.text), (0 bytes).
    Removing stm32f4xx_usart.o(.text.USART_DeInit), (274 bytes).
    Removing stm32f4xx_usart.o(.ARM.exidx.text.USART_DeInit), (8 bytes).
    Removing stm32f4xx_usart.o(.ARM.exidx.text.USART_Init), (8 bytes).
    Removing stm32f4xx_usart.o(.text.USART_StructInit), (18 bytes).
    Removing stm32f4xx_usart.o(.ARM.exidx.text.USART_StructInit), (8 bytes).
    Removing stm32f4xx_usart.o(.text.USART_ClockInit), (34 bytes).
    Removing stm32f4xx_usart.o(.ARM.exidx.text.USART_ClockInit), (8 bytes).
    Removing stm32f4xx_usart.o(.text.USART_ClockStructInit), (8 bytes).
    Removing stm32f4xx_usart.o(.ARM.exidx.text.USART_ClockStructInit), (8 bytes).
    Removing stm32f4xx_usart.o(.ARM.exidx.text.USART_Cmd), (8 bytes).
    Removing stm32f4xx_usart.o(.text.USART_SetPrescaler), (16 bytes).
    Removing stm32f4xx_usart.o(.ARM.exidx.text.USART_SetPrescaler), (8 bytes).
    Removing stm32f4xx_usart.o(.text.USART_OverSampling8Cmd), (20 bytes).
    Removing stm32f4xx_usart.o(.ARM.exidx.text.USART_OverSampling8Cmd), (8 bytes).
    Removing stm32f4xx_usart.o(.text.USART_OneBitMethodCmd), (20 bytes).
    Removing stm32f4xx_usart.o(.ARM.exidx.text.USART_OneBitMethodCmd), (8 bytes).
    Removing stm32f4xx_usart.o(.text.USART_SendData), (8 bytes).
    Removing stm32f4xx_usart.o(.ARM.exidx.text.USART_SendData), (8 bytes).
    Removing stm32f4xx_usart.o(.ARM.exidx.text.USART_ReceiveData), (8 bytes).
    Removing stm32f4xx_usart.o(.text.USART_SetAddress), (16 bytes).
    Removing stm32f4xx_usart.o(.ARM.exidx.text.USART_SetAddress), (8 bytes).
    Removing stm32f4xx_usart.o(.text.USART_ReceiverWakeUpCmd), (20 bytes).
    Removing stm32f4xx_usart.o(.ARM.exidx.text.USART_ReceiverWakeUpCmd), (8 bytes).
    Removing stm32f4xx_usart.o(.text.USART_WakeUpConfig), (16 bytes).
    Removing stm32f4xx_usart.o(.ARM.exidx.text.USART_WakeUpConfig), (8 bytes).
    Removing stm32f4xx_usart.o(.text.USART_LINBreakDetectLengthConfig), (16 bytes).
    Removing stm32f4xx_usart.o(.ARM.exidx.text.USART_LINBreakDetectLengthConfig), (8 bytes).
    Removing stm32f4xx_usart.o(.text.USART_LINCmd), (20 bytes).
    Removing stm32f4xx_usart.o(.ARM.exidx.text.USART_LINCmd), (8 bytes).
    Removing stm32f4xx_usart.o(.text.USART_SendBreak), (10 bytes).
    Removing stm32f4xx_usart.o(.ARM.exidx.text.USART_SendBreak), (8 bytes).
    Removing stm32f4xx_usart.o(.text.USART_HalfDuplexCmd), (20 bytes).
    Removing stm32f4xx_usart.o(.ARM.exidx.text.USART_HalfDuplexCmd), (8 bytes).
    Removing stm32f4xx_usart.o(.text.USART_SetGuardTime), (16 bytes).
    Removing stm32f4xx_usart.o(.ARM.exidx.text.USART_SetGuardTime), (8 bytes).
    Removing stm32f4xx_usart.o(.text.USART_SmartCardCmd), (20 bytes).
    Removing stm32f4xx_usart.o(.ARM.exidx.text.USART_SmartCardCmd), (8 bytes).
    Removing stm32f4xx_usart.o(.text.USART_SmartCardNACKCmd), (20 bytes).
    Removing stm32f4xx_usart.o(.ARM.exidx.text.USART_SmartCardNACKCmd), (8 bytes).
    Removing stm32f4xx_usart.o(.text.USART_IrDAConfig), (16 bytes).
    Removing stm32f4xx_usart.o(.ARM.exidx.text.USART_IrDAConfig), (8 bytes).
    Removing stm32f4xx_usart.o(.text.USART_IrDACmd), (20 bytes).
    Removing stm32f4xx_usart.o(.ARM.exidx.text.USART_IrDACmd), (8 bytes).
    Removing stm32f4xx_usart.o(.text.USART_DMACmd), (16 bytes).
    Removing stm32f4xx_usart.o(.ARM.exidx.text.USART_DMACmd), (8 bytes).
    Removing stm32f4xx_usart.o(.ARM.exidx.text.USART_ITConfig), (8 bytes).
    Removing stm32f4xx_usart.o(.text.USART_GetFlagStatus), (10 bytes).
    Removing stm32f4xx_usart.o(.ARM.exidx.text.USART_GetFlagStatus), (8 bytes).
    Removing stm32f4xx_usart.o(.text.USART_ClearFlag), (6 bytes).
    Removing stm32f4xx_usart.o(.ARM.exidx.text.USART_ClearFlag), (8 bytes).
    Removing stm32f4xx_usart.o(.ARM.exidx.text.USART_GetITStatus), (8 bytes).
    Removing stm32f4xx_usart.o(.text.USART_ClearITPendingBit), (14 bytes).
    Removing stm32f4xx_usart.o(.ARM.exidx.text.USART_ClearITPendingBit), (8 bytes).
    Removing stm32f4xx_rcc.o(.text), (0 bytes).
    Removing stm32f4xx_rcc.o(.text.RCC_DeInit), (80 bytes).
    Removing stm32f4xx_rcc.o(.ARM.exidx.text.RCC_DeInit), (8 bytes).
    Removing stm32f4xx_rcc.o(.text.RCC_HSEConfig), (16 bytes).
    Removing stm32f4xx_rcc.o(.ARM.exidx.text.RCC_HSEConfig), (8 bytes).
    Removing stm32f4xx_rcc.o(.text.RCC_WaitForHSEStartUp), (48 bytes).
    Removing stm32f4xx_rcc.o(.ARM.exidx.text.RCC_WaitForHSEStartUp), (8 bytes).
    Removing stm32f4xx_rcc.o(.text.RCC_GetFlagStatus), (38 bytes).
    Removing stm32f4xx_rcc.o(.ARM.exidx.text.RCC_GetFlagStatus), (8 bytes).
    Removing stm32f4xx_rcc.o(.text.RCC_AdjustHSICalibrationValue), (22 bytes).
    Removing stm32f4xx_rcc.o(.ARM.exidx.text.RCC_AdjustHSICalibrationValue), (8 bytes).
    Removing stm32f4xx_rcc.o(.text.RCC_HSICmd), (10 bytes).
    Removing stm32f4xx_rcc.o(.ARM.exidx.text.RCC_HSICmd), (8 bytes).
    Removing stm32f4xx_rcc.o(.text.RCC_LSEConfig), (30 bytes).
    Removing stm32f4xx_rcc.o(.ARM.exidx.text.RCC_LSEConfig), (8 bytes).
    Removing stm32f4xx_rcc.o(.text.RCC_LSICmd), (12 bytes).
    Removing stm32f4xx_rcc.o(.ARM.exidx.text.RCC_LSICmd), (8 bytes).
    Removing stm32f4xx_rcc.o(.text.RCC_PLLConfig), (46 bytes).
    Removing stm32f4xx_rcc.o(.ARM.exidx.text.RCC_PLLConfig), (8 bytes).
    Removing stm32f4xx_rcc.o(.text.RCC_PLLCmd), (10 bytes).
    Removing stm32f4xx_rcc.o(.ARM.exidx.text.RCC_PLLCmd), (8 bytes).
    Removing stm32f4xx_rcc.o(.text.RCC_PLLI2SConfig), (18 bytes).
    Removing stm32f4xx_rcc.o(.ARM.exidx.text.RCC_PLLI2SConfig), (8 bytes).
    Removing stm32f4xx_rcc.o(.text.RCC_PLLI2SCmd), (10 bytes).
    Removing stm32f4xx_rcc.o(.ARM.exidx.text.RCC_PLLI2SCmd), (8 bytes).
    Removing stm32f4xx_rcc.o(.text.RCC_PLLSAIConfig), (22 bytes).
    Removing stm32f4xx_rcc.o(.ARM.exidx.text.RCC_PLLSAIConfig), (8 bytes).
    Removing stm32f4xx_rcc.o(.text.RCC_PLLSAICmd), (10 bytes).
    Removing stm32f4xx_rcc.o(.ARM.exidx.text.RCC_PLLSAICmd), (8 bytes).
    Removing stm32f4xx_rcc.o(.text.RCC_ClockSecuritySystemCmd), (10 bytes).
    Removing stm32f4xx_rcc.o(.ARM.exidx.text.RCC_ClockSecuritySystemCmd), (8 bytes).
    Removing stm32f4xx_rcc.o(.text.RCC_MCO1Config), (22 bytes).
    Removing stm32f4xx_rcc.o(.ARM.exidx.text.RCC_MCO1Config), (8 bytes).
    Removing stm32f4xx_rcc.o(.text.RCC_MCO2Config), (22 bytes).
    Removing stm32f4xx_rcc.o(.ARM.exidx.text.RCC_MCO2Config), (8 bytes).
    Removing stm32f4xx_rcc.o(.text.RCC_SYSCLKConfig), (20 bytes).
    Removing stm32f4xx_rcc.o(.ARM.exidx.text.RCC_SYSCLKConfig), (8 bytes).
    Removing stm32f4xx_rcc.o(.text.RCC_GetSYSCLKSource), (16 bytes).
    Removing stm32f4xx_rcc.o(.ARM.exidx.text.RCC_GetSYSCLKSource), (8 bytes).
    Removing stm32f4xx_rcc.o(.text.RCC_HCLKConfig), (20 bytes).
    Removing stm32f4xx_rcc.o(.ARM.exidx.text.RCC_HCLKConfig), (8 bytes).
    Removing stm32f4xx_rcc.o(.text.RCC_PCLK1Config), (20 bytes).
    Removing stm32f4xx_rcc.o(.ARM.exidx.text.RCC_PCLK1Config), (8 bytes).
    Removing stm32f4xx_rcc.o(.text.RCC_PCLK2Config), (22 bytes).
    Removing stm32f4xx_rcc.o(.ARM.exidx.text.RCC_PCLK2Config), (8 bytes).
    Removing stm32f4xx_rcc.o(.ARM.exidx.text.RCC_GetClocksFreq), (8 bytes).
    Removing stm32f4xx_rcc.o(.text.RCC_RTCCLKConfig), (50 bytes).
    Removing stm32f4xx_rcc.o(.ARM.exidx.text.RCC_RTCCLKConfig), (8 bytes).
    Removing stm32f4xx_rcc.o(.text.RCC_RTCCLKCmd), (12 bytes).
    Removing stm32f4xx_rcc.o(.ARM.exidx.text.RCC_RTCCLKCmd), (8 bytes).
    Removing stm32f4xx_rcc.o(.text.RCC_BackupResetCmd), (12 bytes).
    Removing stm32f4xx_rcc.o(.ARM.exidx.text.RCC_BackupResetCmd), (8 bytes).
    Removing stm32f4xx_rcc.o(.text.RCC_I2SCLKConfig), (12 bytes).
    Removing stm32f4xx_rcc.o(.ARM.exidx.text.RCC_I2SCLKConfig), (8 bytes).
    Removing stm32f4xx_rcc.o(.text.RCC_SAIBlockACLKConfig), (20 bytes).
    Removing stm32f4xx_rcc.o(.ARM.exidx.text.RCC_SAIBlockACLKConfig), (8 bytes).
    Removing stm32f4xx_rcc.o(.text.RCC_SAIBlockBCLKConfig), (20 bytes).
    Removing stm32f4xx_rcc.o(.ARM.exidx.text.RCC_SAIBlockBCLKConfig), (8 bytes).
    Removing stm32f4xx_rcc.o(.text.RCC_SAIPLLI2SClkDivConfig), (22 bytes).
    Removing stm32f4xx_rcc.o(.ARM.exidx.text.RCC_SAIPLLI2SClkDivConfig), (8 bytes).
    Removing stm32f4xx_rcc.o(.text.RCC_SAIPLLSAIClkDivConfig), (28 bytes).
    Removing stm32f4xx_rcc.o(.ARM.exidx.text.RCC_SAIPLLSAIClkDivConfig), (8 bytes).
    Removing stm32f4xx_rcc.o(.text.RCC_LTDCCLKDivConfig), (20 bytes).
    Removing stm32f4xx_rcc.o(.ARM.exidx.text.RCC_LTDCCLKDivConfig), (8 bytes).
    Removing stm32f4xx_rcc.o(.text.RCC_TIMCLKPresConfig), (12 bytes).
    Removing stm32f4xx_rcc.o(.ARM.exidx.text.RCC_TIMCLKPresConfig), (8 bytes).
    Removing stm32f4xx_rcc.o(.ARM.exidx.text.RCC_AHB1PeriphClockCmd), (8 bytes).
    Removing stm32f4xx_rcc.o(.text.RCC_AHB2PeriphClockCmd), (24 bytes).
    Removing stm32f4xx_rcc.o(.ARM.exidx.text.RCC_AHB2PeriphClockCmd), (8 bytes).
    Removing stm32f4xx_rcc.o(.text.RCC_AHB3PeriphClockCmd), (24 bytes).
    Removing stm32f4xx_rcc.o(.ARM.exidx.text.RCC_AHB3PeriphClockCmd), (8 bytes).
    Removing stm32f4xx_rcc.o(.text.RCC_APB1PeriphClockCmd), (24 bytes).
    Removing stm32f4xx_rcc.o(.ARM.exidx.text.RCC_APB1PeriphClockCmd), (8 bytes).
    Removing stm32f4xx_rcc.o(.ARM.exidx.text.RCC_APB2PeriphClockCmd), (8 bytes).
    Removing stm32f4xx_rcc.o(.text.RCC_AHB1PeriphResetCmd), (24 bytes).
    Removing stm32f4xx_rcc.o(.ARM.exidx.text.RCC_AHB1PeriphResetCmd), (8 bytes).
    Removing stm32f4xx_rcc.o(.text.RCC_AHB2PeriphResetCmd), (24 bytes).
    Removing stm32f4xx_rcc.o(.ARM.exidx.text.RCC_AHB2PeriphResetCmd), (8 bytes).
    Removing stm32f4xx_rcc.o(.text.RCC_AHB3PeriphResetCmd), (24 bytes).
    Removing stm32f4xx_rcc.o(.ARM.exidx.text.RCC_AHB3PeriphResetCmd), (8 bytes).
    Removing stm32f4xx_rcc.o(.text.RCC_APB1PeriphResetCmd), (24 bytes).
    Removing stm32f4xx_rcc.o(.ARM.exidx.text.RCC_APB1PeriphResetCmd), (8 bytes).
    Removing stm32f4xx_rcc.o(.text.RCC_APB2PeriphResetCmd), (24 bytes).
    Removing stm32f4xx_rcc.o(.ARM.exidx.text.RCC_APB2PeriphResetCmd), (8 bytes).
    Removing stm32f4xx_rcc.o(.text.RCC_AHB1PeriphClockLPModeCmd), (24 bytes).
    Removing stm32f4xx_rcc.o(.ARM.exidx.text.RCC_AHB1PeriphClockLPModeCmd), (8 bytes).
    Removing stm32f4xx_rcc.o(.text.RCC_AHB2PeriphClockLPModeCmd), (24 bytes).
    Removing stm32f4xx_rcc.o(.ARM.exidx.text.RCC_AHB2PeriphClockLPModeCmd), (8 bytes).
    Removing stm32f4xx_rcc.o(.text.RCC_AHB3PeriphClockLPModeCmd), (24 bytes).
    Removing stm32f4xx_rcc.o(.ARM.exidx.text.RCC_AHB3PeriphClockLPModeCmd), (8 bytes).
    Removing stm32f4xx_rcc.o(.text.RCC_APB1PeriphClockLPModeCmd), (24 bytes).
    Removing stm32f4xx_rcc.o(.ARM.exidx.text.RCC_APB1PeriphClockLPModeCmd), (8 bytes).
    Removing stm32f4xx_rcc.o(.text.RCC_APB2PeriphClockLPModeCmd), (24 bytes).
    Removing stm32f4xx_rcc.o(.ARM.exidx.text.RCC_APB2PeriphClockLPModeCmd), (8 bytes).
    Removing stm32f4xx_rcc.o(.text.RCC_LSEModeConfig), (24 bytes).
    Removing stm32f4xx_rcc.o(.ARM.exidx.text.RCC_LSEModeConfig), (8 bytes).
    Removing stm32f4xx_rcc.o(.text.RCC_ITConfig), (24 bytes).
    Removing stm32f4xx_rcc.o(.ARM.exidx.text.RCC_ITConfig), (8 bytes).
    Removing stm32f4xx_rcc.o(.text.RCC_ClearFlag), (18 bytes).
    Removing stm32f4xx_rcc.o(.ARM.exidx.text.RCC_ClearFlag), (8 bytes).
    Removing stm32f4xx_rcc.o(.text.RCC_GetITStatus), (18 bytes).
    Removing stm32f4xx_rcc.o(.ARM.exidx.text.RCC_GetITStatus), (8 bytes).
    Removing stm32f4xx_rcc.o(.text.RCC_ClearITPendingBit), (12 bytes).
    Removing stm32f4xx_rcc.o(.ARM.exidx.text.RCC_ClearITPendingBit), (8 bytes).
    Removing stm32f4xx_tim.o(.text), (0 bytes).
    Removing stm32f4xx_tim.o(.text.TIM_DeInit), (434 bytes).
    Removing stm32f4xx_tim.o(.ARM.exidx.text.TIM_DeInit), (8 bytes).
    Removing stm32f4xx_tim.o(.text.TIM_TimeBaseInit), (146 bytes).
    Removing stm32f4xx_tim.o(.ARM.exidx.text.TIM_TimeBaseInit), (8 bytes).
    Removing stm32f4xx_tim.o(.text.TIM_TimeBaseStructInit), (16 bytes).
    Removing stm32f4xx_tim.o(.ARM.exidx.text.TIM_TimeBaseStructInit), (8 bytes).
    Removing stm32f4xx_tim.o(.text.TIM_PrescalerConfig), (6 bytes).
    Removing stm32f4xx_tim.o(.ARM.exidx.text.TIM_PrescalerConfig), (8 bytes).
    Removing stm32f4xx_tim.o(.text.TIM_CounterModeConfig), (12 bytes).
    Removing stm32f4xx_tim.o(.ARM.exidx.text.TIM_CounterModeConfig), (8 bytes).
    Removing stm32f4xx_tim.o(.text.TIM_SetCounter), (4 bytes).
    Removing stm32f4xx_tim.o(.ARM.exidx.text.TIM_SetCounter), (8 bytes).
    Removing stm32f4xx_tim.o(.text.TIM_SetAutoreload), (4 bytes).
    Removing stm32f4xx_tim.o(.ARM.exidx.text.TIM_SetAutoreload), (8 bytes).
    Removing stm32f4xx_tim.o(.text.TIM_GetCounter), (4 bytes).
    Removing stm32f4xx_tim.o(.ARM.exidx.text.TIM_GetCounter), (8 bytes).
    Removing stm32f4xx_tim.o(.text.TIM_GetPrescaler), (4 bytes).
    Removing stm32f4xx_tim.o(.ARM.exidx.text.TIM_GetPrescaler), (8 bytes).
    Removing stm32f4xx_tim.o(.text.TIM_UpdateDisableConfig), (20 bytes).
    Removing stm32f4xx_tim.o(.ARM.exidx.text.TIM_UpdateDisableConfig), (8 bytes).
    Removing stm32f4xx_tim.o(.text.TIM_UpdateRequestConfig), (20 bytes).
    Removing stm32f4xx_tim.o(.ARM.exidx.text.TIM_UpdateRequestConfig), (8 bytes).
    Removing stm32f4xx_tim.o(.text.TIM_ARRPreloadConfig), (20 bytes).
    Removing stm32f4xx_tim.o(.ARM.exidx.text.TIM_ARRPreloadConfig), (8 bytes).
    Removing stm32f4xx_tim.o(.text.TIM_SelectOnePulseMode), (16 bytes).
    Removing stm32f4xx_tim.o(.ARM.exidx.text.TIM_SelectOnePulseMode), (8 bytes).
    Removing stm32f4xx_tim.o(.text.TIM_SetClockDivision), (16 bytes).
    Removing stm32f4xx_tim.o(.ARM.exidx.text.TIM_SetClockDivision), (8 bytes).
    Removing stm32f4xx_tim.o(.text.TIM_Cmd), (18 bytes).
    Removing stm32f4xx_tim.o(.ARM.exidx.text.TIM_Cmd), (8 bytes).
    Removing stm32f4xx_tim.o(.text.TIM_OC1Init), (102 bytes).
    Removing stm32f4xx_tim.o(.ARM.exidx.text.TIM_OC1Init), (8 bytes).
    Removing stm32f4xx_tim.o(.text.TIM_OC2Init), (110 bytes).
    Removing stm32f4xx_tim.o(.ARM.exidx.text.TIM_OC2Init), (8 bytes).
    Removing stm32f4xx_tim.o(.text.TIM_OC3Init), (110 bytes).
    Removing stm32f4xx_tim.o(.ARM.exidx.text.TIM_OC3Init), (8 bytes).
    Removing stm32f4xx_tim.o(.text.TIM_OC4Init), (82 bytes).
    Removing stm32f4xx_tim.o(.ARM.exidx.text.TIM_OC4Init), (8 bytes).
    Removing stm32f4xx_tim.o(.text.TIM_OCStructInit), (14 bytes).
    Removing stm32f4xx_tim.o(.ARM.exidx.text.TIM_OCStructInit), (8 bytes).
    Removing stm32f4xx_tim.o(.text.TIM_SelectOCxM), (88 bytes).
    Removing stm32f4xx_tim.o(.ARM.exidx.text.TIM_SelectOCxM), (8 bytes).
    Removing stm32f4xx_tim.o(.text.TIM_SetCompare1), (4 bytes).
    Removing stm32f4xx_tim.o(.ARM.exidx.text.TIM_SetCompare1), (8 bytes).
    Removing stm32f4xx_tim.o(.text.TIM_SetCompare2), (4 bytes).
    Removing stm32f4xx_tim.o(.ARM.exidx.text.TIM_SetCompare2), (8 bytes).
    Removing stm32f4xx_tim.o(.text.TIM_SetCompare3), (4 bytes).
    Removing stm32f4xx_tim.o(.ARM.exidx.text.TIM_SetCompare3), (8 bytes).
    Removing stm32f4xx_tim.o(.text.TIM_SetCompare4), (4 bytes).
    Removing stm32f4xx_tim.o(.ARM.exidx.text.TIM_SetCompare4), (8 bytes).
    Removing stm32f4xx_tim.o(.text.TIM_ForcedOC1Config), (12 bytes).
    Removing stm32f4xx_tim.o(.ARM.exidx.text.TIM_ForcedOC1Config), (8 bytes).
    Removing stm32f4xx_tim.o(.text.TIM_ForcedOC2Config), (14 bytes).
    Removing stm32f4xx_tim.o(.ARM.exidx.text.TIM_ForcedOC2Config), (8 bytes).
    Removing stm32f4xx_tim.o(.text.TIM_ForcedOC3Config), (12 bytes).
    Removing stm32f4xx_tim.o(.ARM.exidx.text.TIM_ForcedOC3Config), (8 bytes).
    Removing stm32f4xx_tim.o(.text.TIM_ForcedOC4Config), (14 bytes).
    Removing stm32f4xx_tim.o(.ARM.exidx.text.TIM_ForcedOC4Config), (8 bytes).
    Removing stm32f4xx_tim.o(.text.TIM_OC1PreloadConfig), (12 bytes).
    Removing stm32f4xx_tim.o(.ARM.exidx.text.TIM_OC1PreloadConfig), (8 bytes).
    Removing stm32f4xx_tim.o(.text.TIM_OC2PreloadConfig), (14 bytes).
    Removing stm32f4xx_tim.o(.ARM.exidx.text.TIM_OC2PreloadConfig), (8 bytes).
    Removing stm32f4xx_tim.o(.text.TIM_OC3PreloadConfig), (12 bytes).
    Removing stm32f4xx_tim.o(.ARM.exidx.text.TIM_OC3PreloadConfig), (8 bytes).
    Removing stm32f4xx_tim.o(.text.TIM_OC4PreloadConfig), (14 bytes).
    Removing stm32f4xx_tim.o(.ARM.exidx.text.TIM_OC4PreloadConfig), (8 bytes).
    Removing stm32f4xx_tim.o(.text.TIM_OC1FastConfig), (12 bytes).
    Removing stm32f4xx_tim.o(.ARM.exidx.text.TIM_OC1FastConfig), (8 bytes).
    Removing stm32f4xx_tim.o(.text.TIM_OC2FastConfig), (14 bytes).
    Removing stm32f4xx_tim.o(.ARM.exidx.text.TIM_OC2FastConfig), (8 bytes).
    Removing stm32f4xx_tim.o(.text.TIM_OC3FastConfig), (12 bytes).
    Removing stm32f4xx_tim.o(.ARM.exidx.text.TIM_OC3FastConfig), (8 bytes).
    Removing stm32f4xx_tim.o(.text.TIM_OC4FastConfig), (14 bytes).
    Removing stm32f4xx_tim.o(.ARM.exidx.text.TIM_OC4FastConfig), (8 bytes).
    Removing stm32f4xx_tim.o(.text.TIM_ClearOC1Ref), (12 bytes).
    Removing stm32f4xx_tim.o(.ARM.exidx.text.TIM_ClearOC1Ref), (8 bytes).
    Removing stm32f4xx_tim.o(.text.TIM_ClearOC2Ref), (14 bytes).
    Removing stm32f4xx_tim.o(.ARM.exidx.text.TIM_ClearOC2Ref), (8 bytes).
    Removing stm32f4xx_tim.o(.text.TIM_ClearOC3Ref), (12 bytes).
    Removing stm32f4xx_tim.o(.ARM.exidx.text.TIM_ClearOC3Ref), (8 bytes).
    Removing stm32f4xx_tim.o(.text.TIM_ClearOC4Ref), (14 bytes).
    Removing stm32f4xx_tim.o(.ARM.exidx.text.TIM_ClearOC4Ref), (8 bytes).
    Removing stm32f4xx_tim.o(.text.TIM_OC1PolarityConfig), (12 bytes).
    Removing stm32f4xx_tim.o(.ARM.exidx.text.TIM_OC1PolarityConfig), (8 bytes).
    Removing stm32f4xx_tim.o(.text.TIM_OC1NPolarityConfig), (12 bytes).
    Removing stm32f4xx_tim.o(.ARM.exidx.text.TIM_OC1NPolarityConfig), (8 bytes).
    Removing stm32f4xx_tim.o(.text.TIM_OC2PolarityConfig), (14 bytes).
    Removing stm32f4xx_tim.o(.ARM.exidx.text.TIM_OC2PolarityConfig), (8 bytes).
    Removing stm32f4xx_tim.o(.text.TIM_OC2NPolarityConfig), (14 bytes).
    Removing stm32f4xx_tim.o(.ARM.exidx.text.TIM_OC2NPolarityConfig), (8 bytes).
    Removing stm32f4xx_tim.o(.text.TIM_OC3PolarityConfig), (14 bytes).
    Removing stm32f4xx_tim.o(.ARM.exidx.text.TIM_OC3PolarityConfig), (8 bytes).
    Removing stm32f4xx_tim.o(.text.TIM_OC3NPolarityConfig), (14 bytes).
    Removing stm32f4xx_tim.o(.ARM.exidx.text.TIM_OC3NPolarityConfig), (8 bytes).
    Removing stm32f4xx_tim.o(.text.TIM_OC4PolarityConfig), (14 bytes).
    Removing stm32f4xx_tim.o(.ARM.exidx.text.TIM_OC4PolarityConfig), (8 bytes).
    Removing stm32f4xx_tim.o(.text.TIM_CCxCmd), (32 bytes).
    Removing stm32f4xx_tim.o(.ARM.exidx.text.TIM_CCxCmd), (8 bytes).
    Removing stm32f4xx_tim.o(.text.TIM_CCxNCmd), (32 bytes).
    Removing stm32f4xx_tim.o(.ARM.exidx.text.TIM_CCxNCmd), (8 bytes).
    Removing stm32f4xx_tim.o(.text.TIM_ICInit), (266 bytes).
    Removing stm32f4xx_tim.o(.ARM.exidx.text.TIM_ICInit), (8 bytes).
    Removing stm32f4xx_tim.o(.text.TIM_SetIC1Prescaler), (16 bytes).
    Removing stm32f4xx_tim.o(.ARM.exidx.text.TIM_SetIC1Prescaler), (8 bytes).
    Removing stm32f4xx_tim.o(.text.TIM_SetIC2Prescaler), (18 bytes).
    Removing stm32f4xx_tim.o(.ARM.exidx.text.TIM_SetIC2Prescaler), (8 bytes).
    Removing stm32f4xx_tim.o(.text.TIM_SetIC3Prescaler), (16 bytes).
    Removing stm32f4xx_tim.o(.ARM.exidx.text.TIM_SetIC3Prescaler), (8 bytes).
    Removing stm32f4xx_tim.o(.text.TIM_SetIC4Prescaler), (18 bytes).
    Removing stm32f4xx_tim.o(.ARM.exidx.text.TIM_SetIC4Prescaler), (8 bytes).
    Removing stm32f4xx_tim.o(.text.TIM_ICStructInit), (12 bytes).
    Removing stm32f4xx_tim.o(.ARM.exidx.text.TIM_ICStructInit), (8 bytes).
    Removing stm32f4xx_tim.o(.text.TIM_PWMIConfig), (248 bytes).
    Removing stm32f4xx_tim.o(.ARM.exidx.text.TIM_PWMIConfig), (8 bytes).
    Removing stm32f4xx_tim.o(.text.TIM_GetCapture1), (4 bytes).
    Removing stm32f4xx_tim.o(.ARM.exidx.text.TIM_GetCapture1), (8 bytes).
    Removing stm32f4xx_tim.o(.text.TIM_GetCapture2), (4 bytes).
    Removing stm32f4xx_tim.o(.ARM.exidx.text.TIM_GetCapture2), (8 bytes).
    Removing stm32f4xx_tim.o(.text.TIM_GetCapture3), (4 bytes).
    Removing stm32f4xx_tim.o(.ARM.exidx.text.TIM_GetCapture3), (8 bytes).
    Removing stm32f4xx_tim.o(.text.TIM_GetCapture4), (4 bytes).
    Removing stm32f4xx_tim.o(.ARM.exidx.text.TIM_GetCapture4), (8 bytes).
    Removing stm32f4xx_tim.o(.text.TIM_BDTRConfig), (40 bytes).
    Removing stm32f4xx_tim.o(.ARM.exidx.text.TIM_BDTRConfig), (8 bytes).
    Removing stm32f4xx_tim.o(.text.TIM_BDTRStructInit), (12 bytes).
    Removing stm32f4xx_tim.o(.ARM.exidx.text.TIM_BDTRStructInit), (8 bytes).
    Removing stm32f4xx_tim.o(.text.TIM_CtrlPWMOutputs), (24 bytes).
    Removing stm32f4xx_tim.o(.ARM.exidx.text.TIM_CtrlPWMOutputs), (8 bytes).
    Removing stm32f4xx_tim.o(.text.TIM_SelectCOM), (20 bytes).
    Removing stm32f4xx_tim.o(.ARM.exidx.text.TIM_SelectCOM), (8 bytes).
    Removing stm32f4xx_tim.o(.text.TIM_CCPreloadControl), (18 bytes).
    Removing stm32f4xx_tim.o(.ARM.exidx.text.TIM_CCPreloadControl), (8 bytes).
    Removing stm32f4xx_tim.o(.text.TIM_ITConfig), (16 bytes).
    Removing stm32f4xx_tim.o(.ARM.exidx.text.TIM_ITConfig), (8 bytes).
    Removing stm32f4xx_tim.o(.text.TIM_GenerateEvent), (4 bytes).
    Removing stm32f4xx_tim.o(.ARM.exidx.text.TIM_GenerateEvent), (8 bytes).
    Removing stm32f4xx_tim.o(.text.TIM_GetFlagStatus), (10 bytes).
    Removing stm32f4xx_tim.o(.ARM.exidx.text.TIM_GetFlagStatus), (8 bytes).
    Removing stm32f4xx_tim.o(.text.TIM_ClearFlag), (6 bytes).
    Removing stm32f4xx_tim.o(.ARM.exidx.text.TIM_ClearFlag), (8 bytes).
    Removing stm32f4xx_tim.o(.text.TIM_GetITStatus), (24 bytes).
    Removing stm32f4xx_tim.o(.ARM.exidx.text.TIM_GetITStatus), (8 bytes).
    Removing stm32f4xx_tim.o(.text.TIM_ClearITPendingBit), (6 bytes).
    Removing stm32f4xx_tim.o(.ARM.exidx.text.TIM_ClearITPendingBit), (8 bytes).
    Removing stm32f4xx_tim.o(.text.TIM_DMAConfig), (8 bytes).
    Removing stm32f4xx_tim.o(.ARM.exidx.text.TIM_DMAConfig), (8 bytes).
    Removing stm32f4xx_tim.o(.text.TIM_DMACmd), (16 bytes).
    Removing stm32f4xx_tim.o(.ARM.exidx.text.TIM_DMACmd), (8 bytes).
    Removing stm32f4xx_tim.o(.text.TIM_SelectCCDMA), (20 bytes).
    Removing stm32f4xx_tim.o(.ARM.exidx.text.TIM_SelectCCDMA), (8 bytes).
    Removing stm32f4xx_tim.o(.text.TIM_InternalClockConfig), (10 bytes).
    Removing stm32f4xx_tim.o(.ARM.exidx.text.TIM_InternalClockConfig), (8 bytes).
    Removing stm32f4xx_tim.o(.text.TIM_ITRxExternalClockConfig), (20 bytes).
    Removing stm32f4xx_tim.o(.ARM.exidx.text.TIM_ITRxExternalClockConfig), (8 bytes).
    Removing stm32f4xx_tim.o(.text.TIM_SelectInputTrigger), (12 bytes).
    Removing stm32f4xx_tim.o(.ARM.exidx.text.TIM_SelectInputTrigger), (8 bytes).
    Removing stm32f4xx_tim.o(.text.TIM_TIxExternalClockConfig), (114 bytes).
    Removing stm32f4xx_tim.o(.ARM.exidx.text.TIM_TIxExternalClockConfig), (8 bytes).
    Removing stm32f4xx_tim.o(.text.TIM_ETRClockMode1Config), (30 bytes).
    Removing stm32f4xx_tim.o(.ARM.exidx.text.TIM_ETRClockMode1Config), (8 bytes).
    Removing stm32f4xx_tim.o(.text.TIM_ETRConfig), (22 bytes).
    Removing stm32f4xx_tim.o(.ARM.exidx.text.TIM_ETRConfig), (8 bytes).
    Removing stm32f4xx_tim.o(.text.TIM_ETRClockMode2Config), (30 bytes).
    Removing stm32f4xx_tim.o(.ARM.exidx.text.TIM_ETRClockMode2Config), (8 bytes).
    Removing stm32f4xx_tim.o(.text.TIM_SelectOutputTrigger), (16 bytes).
    Removing stm32f4xx_tim.o(.ARM.exidx.text.TIM_SelectOutputTrigger), (8 bytes).
    Removing stm32f4xx_tim.o(.text.TIM_SelectSlaveMode), (16 bytes).
    Removing stm32f4xx_tim.o(.ARM.exidx.text.TIM_SelectSlaveMode), (8 bytes).
    Removing stm32f4xx_tim.o(.text.TIM_SelectMasterSlaveMode), (16 bytes).
    Removing stm32f4xx_tim.o(.ARM.exidx.text.TIM_SelectMasterSlaveMode), (8 bytes).
    Removing stm32f4xx_tim.o(.text.TIM_EncoderInterfaceConfig), (48 bytes).
    Removing stm32f4xx_tim.o(.ARM.exidx.text.TIM_EncoderInterfaceConfig), (8 bytes).
    Removing stm32f4xx_tim.o(.text.TIM_SelectHallSensor), (20 bytes).
    Removing stm32f4xx_tim.o(.ARM.exidx.text.TIM_SelectHallSensor), (8 bytes).
    Removing stm32f4xx_tim.o(.text.TIM_RemapConfig), (6 bytes).
    Removing stm32f4xx_tim.o(.ARM.exidx.text.TIM_RemapConfig), (8 bytes).
    Removing misc.o(.text), (0 bytes).
    Removing misc.o(.text.NVIC_PriorityGroupConfig), (20 bytes).
    Removing misc.o(.ARM.exidx.text.NVIC_PriorityGroupConfig), (8 bytes).
    Removing misc.o(.ARM.exidx.text.NVIC_Init), (8 bytes).
    Removing misc.o(.text.NVIC_SetVectorTable), (24 bytes).
    Removing misc.o(.ARM.exidx.text.NVIC_SetVectorTable), (8 bytes).
    Removing misc.o(.text.NVIC_SystemLPConfig), (24 bytes).
    Removing misc.o(.ARM.exidx.text.NVIC_SystemLPConfig), (8 bytes).
    Removing misc.o(.ARM.exidx.text.SysTick_CLKSourceConfig), (8 bytes).

409 unused section(s) (total 6876 bytes) removed from the image.

==============================================================================

Image Symbol Table

    Local Symbols

    Symbol Name                              Value     Ov Type        Size  Object(Section)

    ../CMSIS/startup_stm32f40_41xxx.s        0x00000000   Number         0  startup_stm32f40_41xxx.o ABSOLUTE
    ../clib/angel/boardlib.s                 0x00000000   Number         0  boardinit1.o ABSOLUTE
    ../clib/angel/boardlib.s                 0x00000000   Number         0  boardinit2.o ABSOLUTE
    ../clib/angel/boardlib.s                 0x00000000   Number         0  boardinit3.o ABSOLUTE
    ../clib/angel/boardlib.s                 0x00000000   Number         0  boardshut.o ABSOLUTE
    ../clib/angel/handlers.s                 0x00000000   Number         0  __scatter_zi.o ABSOLUTE
    ../clib/angel/kernel.s                   0x00000000   Number         0  __rtentry.o ABSOLUTE
    ../clib/angel/kernel.s                   0x00000000   Number         0  __rtentry2.o ABSOLUTE
    ../clib/angel/kernel.s                   0x00000000   Number         0  __rtentry4.o ABSOLUTE
    ../clib/angel/kernel.s                   0x00000000   Number         0  rtexit.o ABSOLUTE
    ../clib/angel/kernel.s                   0x00000000   Number         0  rtexit2.o ABSOLUTE
    ../clib/angel/rt.s                       0x00000000   Number         0  rt_raise.o ABSOLUTE
    ../clib/angel/scatter.s                  0x00000000   Number         0  __scatter.o ABSOLUTE
    ../clib/angel/startup.s                  0x00000000   Number         0  __main.o ABSOLUTE
    ../clib/angel/sys.s                      0x00000000   Number         0  use_no_semi_2.o ABSOLUTE
    ../clib/angel/sys.s                      0x00000000   Number         0  use_no_semi.o ABSOLUTE
    ../clib/angel/sys.s                      0x00000000   Number         0  sys_stackheap_outer.o ABSOLUTE
    ../clib/angel/sys.s                      0x00000000   Number         0  libspace.o ABSOLUTE
    ../clib/angel/sys.s                      0x00000000   Number         0  indicate_semi.o ABSOLUTE
    ../clib/angel/sysapp.c                   0x00000000   Number         0  sys_command.o ABSOLUTE
    ../clib/angel/sysapp.c                   0x00000000   Number         0  sys_command_hlt.o ABSOLUTE
    ../clib/angel/sysapp.c                   0x00000000   Number         0  sys_wrch.o ABSOLUTE
    ../clib/angel/sysapp.c                   0x00000000   Number         0  sys_wrch_hlt.o ABSOLUTE
    ../clib/armsys.c                         0x00000000   Number         0  argv_veneer.o ABSOLUTE
    ../clib/armsys.c                         0x00000000   Number         0  argv_veneer.o ABSOLUTE
    ../clib/armsys.c                         0x00000000   Number         0  _get_argv_nomalloc.o ABSOLUTE
    ../clib/armsys.c                         0x00000000   Number         0  no_argv.o ABSOLUTE
    ../clib/heapalloc.c                      0x00000000   Number         0  hrguard.o ABSOLUTE
    ../clib/heapaux.c                        0x00000000   Number         0  heapauxi.o ABSOLUTE
    ../clib/libinit.s                        0x00000000   Number         0  libinit.o ABSOLUTE
    ../clib/libinit.s                        0x00000000   Number         0  libinit2.o ABSOLUTE
    ../clib/libinit.s                        0x00000000   Number         0  libshutdown.o ABSOLUTE
    ../clib/libinit.s                        0x00000000   Number         0  libshutdown2.o ABSOLUTE
    ../clib/signal.c                         0x00000000   Number         0  defsig_rtmem_outer.o ABSOLUTE
    ../clib/signal.c                         0x00000000   Number         0  defsig_rtmem_formal.o ABSOLUTE
    ../clib/signal.c                         0x00000000   Number         0  defsig_exit.o ABSOLUTE
    ../clib/signal.c                         0x00000000   Number         0  defsig_rtmem_inner.o ABSOLUTE
    ../clib/signal.c                         0x00000000   Number         0  __raise.o ABSOLUTE
    ../clib/signal.c                         0x00000000   Number         0  defsig_general.o ABSOLUTE
    ../clib/signal.c                         0x00000000   Number         0  defsig_abrt_inner.o ABSOLUTE
    ../clib/signal.c                         0x00000000   Number         0  defsig_fpe_inner.o ABSOLUTE
    ../clib/signal.c                         0x00000000   Number         0  defsig_rtred_inner.o ABSOLUTE
    ../clib/signal.c                         0x00000000   Number         0  defsig_stak_inner.o ABSOLUTE
    ../clib/signal.c                         0x00000000   Number         0  defsig_pvfn_inner.o ABSOLUTE
    ../clib/signal.c                         0x00000000   Number         0  defsig_cppl_inner.o ABSOLUTE
    ../clib/signal.c                         0x00000000   Number         0  defsig_segv_inner.o ABSOLUTE
    ../clib/signal.c                         0x00000000   Number         0  defsig_other.o ABSOLUTE
    ../clib/signal.s                         0x00000000   Number         0  defsig.o ABSOLUTE
    ../clib/stdio.c                          0x00000000   Number         0  puts.o ABSOLUTE
    ../clib/stdlib.c                         0x00000000   Number         0  exit.o ABSOLUTE
    ../fplib/fpinit.s                        0x00000000   Number         0  fpinit.o ABSOLUTE
    dc.s                                     0x00000000   Number         0  dc.o ABSOLUTE
    delay.c                                  0x00000000   Number         0  delay.o ABSOLUTE
    main.c                                   0x00000000   Number         0  main.o ABSOLUTE
    misc.c                                   0x00000000   Number         0  misc.o ABSOLUTE
    stm32f4xx_gpio.c                         0x00000000   Number         0  stm32f4xx_gpio.o ABSOLUTE
    stm32f4xx_it.c                           0x00000000   Number         0  stm32f4xx_it.o ABSOLUTE
    stm32f4xx_rcc.c                          0x00000000   Number         0  stm32f4xx_rcc.o ABSOLUTE
    stm32f4xx_tim.c                          0x00000000   Number         0  stm32f4xx_tim.o ABSOLUTE
    stm32f4xx_usart.c                        0x00000000   Number         0  stm32f4xx_usart.o ABSOLUTE
    sys.c                                    0x00000000   Number         0  sys.o ABSOLUTE
    system_stm32f4xx.c                       0x00000000   Number         0  system_stm32f4xx.o ABSOLUTE
    usart.c                                  0x00000000   Number         0  usart.o ABSOLUTE
    RESET                                    0x08000000   Section      392  startup_stm32f40_41xxx.o(RESET)
    !!!main                                  0x08000188   Section        8  __main.o(!!!main)
    !!!scatter                               0x08000190   Section       92  __scatter.o(!!!scatter)
    !!handler_null                           0x080001ec   Section        2  __scatter.o(!!handler_null)
    !!handler_zi                             0x080001f0   Section       28  __scatter_zi.o(!!handler_zi)
    .ARM.Collect$$libinit$$00000000          0x0800020c   Section        2  libinit.o(.ARM.Collect$$libinit$$00000000)
    .ARM.Collect$$libinit$$00000001          0x0800020e   Section        4  libinit2.o(.ARM.Collect$$libinit$$00000001)
    .ARM.Collect$$libinit$$00000004          0x08000212   Section        0  libinit2.o(.ARM.Collect$$libinit$$00000004)
    .ARM.Collect$$libinit$$00000006          0x08000212   Section        0  libinit2.o(.ARM.Collect$$libinit$$00000006)
    .ARM.Collect$$libinit$$0000000C          0x08000212   Section        0  libinit2.o(.ARM.Collect$$libinit$$0000000C)
    .ARM.Collect$$libinit$$0000000E          0x08000212   Section        0  libinit2.o(.ARM.Collect$$libinit$$0000000E)
    .ARM.Collect$$libinit$$00000010          0x08000212   Section        0  libinit2.o(.ARM.Collect$$libinit$$00000010)
    .ARM.Collect$$libinit$$00000013          0x08000212   Section        0  libinit2.o(.ARM.Collect$$libinit$$00000013)
    .ARM.Collect$$libinit$$00000015          0x08000212   Section        0  libinit2.o(.ARM.Collect$$libinit$$00000015)
    .ARM.Collect$$libinit$$00000017          0x08000212   Section        0  libinit2.o(.ARM.Collect$$libinit$$00000017)
    .ARM.Collect$$libinit$$00000019          0x08000212   Section        0  libinit2.o(.ARM.Collect$$libinit$$00000019)
    .ARM.Collect$$libinit$$0000001B          0x08000212   Section        0  libinit2.o(.ARM.Collect$$libinit$$0000001B)
    .ARM.Collect$$libinit$$0000001D          0x08000212   Section        0  libinit2.o(.ARM.Collect$$libinit$$0000001D)
    .ARM.Collect$$libinit$$0000001F          0x08000212   Section        0  libinit2.o(.ARM.Collect$$libinit$$0000001F)
    .ARM.Collect$$libinit$$00000021          0x08000212   Section        0  libinit2.o(.ARM.Collect$$libinit$$00000021)
    .ARM.Collect$$libinit$$00000023          0x08000212   Section        0  libinit2.o(.ARM.Collect$$libinit$$00000023)
    .ARM.Collect$$libinit$$00000025          0x08000212   Section        0  libinit2.o(.ARM.Collect$$libinit$$00000025)
    .ARM.Collect$$libinit$$00000027          0x08000212   Section        0  libinit2.o(.ARM.Collect$$libinit$$00000027)
    .ARM.Collect$$libinit$$0000002E          0x08000212   Section        0  libinit2.o(.ARM.Collect$$libinit$$0000002E)
    .ARM.Collect$$libinit$$00000030          0x08000212   Section        0  libinit2.o(.ARM.Collect$$libinit$$00000030)
    .ARM.Collect$$libinit$$00000032          0x08000212   Section        0  libinit2.o(.ARM.Collect$$libinit$$00000032)
    .ARM.Collect$$libinit$$00000034          0x08000212   Section        0  libinit2.o(.ARM.Collect$$libinit$$00000034)
    .ARM.Collect$$libinit$$00000035          0x08000212   Section        2  libinit2.o(.ARM.Collect$$libinit$$00000035)
    .ARM.Collect$$libshutdown$$00000000      0x08000214   Section        2  libshutdown.o(.ARM.Collect$$libshutdown$$00000000)
    .ARM.Collect$$libshutdown$$00000002      0x08000216   Section        0  libshutdown2.o(.ARM.Collect$$libshutdown$$00000002)
    .ARM.Collect$$libshutdown$$00000004      0x08000216   Section        0  libshutdown2.o(.ARM.Collect$$libshutdown$$00000004)
    .ARM.Collect$$libshutdown$$00000007      0x08000216   Section        0  libshutdown2.o(.ARM.Collect$$libshutdown$$00000007)
    .ARM.Collect$$libshutdown$$0000000A      0x08000216   Section        0  libshutdown2.o(.ARM.Collect$$libshutdown$$0000000A)
    .ARM.Collect$$libshutdown$$0000000C      0x08000216   Section        0  libshutdown2.o(.ARM.Collect$$libshutdown$$0000000C)
    .ARM.Collect$$libshutdown$$0000000F      0x08000216   Section        0  libshutdown2.o(.ARM.Collect$$libshutdown$$0000000F)
    .ARM.Collect$$libshutdown$$00000010      0x08000216   Section        2  libshutdown2.o(.ARM.Collect$$libshutdown$$00000010)
    .ARM.Collect$$rtentry$$00000000          0x08000218   Section        0  __rtentry.o(.ARM.Collect$$rtentry$$00000000)
    .ARM.Collect$$rtentry$$00000002          0x08000218   Section        0  __rtentry2.o(.ARM.Collect$$rtentry$$00000002)
    .ARM.Collect$$rtentry$$00000004          0x08000218   Section        6  __rtentry4.o(.ARM.Collect$$rtentry$$00000004)
    .ARM.Collect$$rtentry$$00000009          0x0800021e   Section        0  __rtentry2.o(.ARM.Collect$$rtentry$$00000009)
    .ARM.Collect$$rtentry$$0000000A          0x0800021e   Section        4  __rtentry2.o(.ARM.Collect$$rtentry$$0000000A)
    .ARM.Collect$$rtentry$$0000000C          0x08000222   Section        0  __rtentry2.o(.ARM.Collect$$rtentry$$0000000C)
    .ARM.Collect$$rtentry$$0000000D          0x08000222   Section        8  __rtentry2.o(.ARM.Collect$$rtentry$$0000000D)
    .ARM.Collect$$rtexit$$00000000           0x0800022a   Section        2  rtexit.o(.ARM.Collect$$rtexit$$00000000)
    .ARM.Collect$$rtexit$$00000002           0x0800022c   Section        0  rtexit2.o(.ARM.Collect$$rtexit$$00000002)
    .ARM.Collect$$rtexit$$00000003           0x0800022c   Section        4  rtexit2.o(.ARM.Collect$$rtexit$$00000003)
    .ARM.Collect$$rtexit$$00000004           0x08000230   Section        6  rtexit2.o(.ARM.Collect$$rtexit$$00000004)
    $v0                                      0x08000238   Number         0  startup_stm32f40_41xxx.o(.text)
    .text                                    0x08000238   Section       64  startup_stm32f40_41xxx.o(.text)
    .text                                    0x08000278   Section        2  use_no_semi_2.o(.text)
    .text                                    0x0800027c   Section        0  puts.o(.text)
    .text                                    0x080002a8   Section        0  heapauxi.o(.text)
    .text                                    0x080002ae   Section        2  use_no_semi.o(.text)
    .text                                    0x080002b0   Section       74  sys_stackheap_outer.o(.text)
    .text                                    0x080002fa   Section        0  exit.o(.text)
    .text                                    0x0800030c   Section        8  libspace.o(.text)
    [Anonymous Symbol]                       0x08000314   Section        0  stm32f4xx_it.o(.text.BusFault_Handler)
    [Anonymous Symbol]                       0x08000318   Section        0  stm32f4xx_it.o(.text.DebugMon_Handler)
    [Anonymous Symbol]                       0x0800031c   Section        0  stm32f4xx_gpio.o(.text.GPIO_Init)
    [Anonymous Symbol]                       0x080003a4   Section        0  stm32f4xx_gpio.o(.text.GPIO_PinAFConfig)
    [Anonymous Symbol]                       0x080003cc   Section        0  stm32f4xx_it.o(.text.HardFault_Handler)
    [Anonymous Symbol]                       0x080003d0   Section        0  stm32f4xx_it.o(.text.MemManage_Handler)
    [Anonymous Symbol]                       0x080003d4   Section        0  stm32f4xx_it.o(.text.NMI_Handler)
    [Anonymous Symbol]                       0x080003d8   Section        0  misc.o(.text.NVIC_Init)
    [Anonymous Symbol]                       0x0800043c   Section        0  stm32f4xx_rcc.o(.text.RCC_AHB1PeriphClockCmd)
    [Anonymous Symbol]                       0x08000454   Section        0  stm32f4xx_rcc.o(.text.RCC_APB2PeriphClockCmd)
    [Anonymous Symbol]                       0x0800046c   Section        0  stm32f4xx_rcc.o(.text.RCC_GetClocksFreq)
    [Anonymous Symbol]                       0x08000508   Section        0  misc.o(.text.SysTick_CLKSourceConfig)
    [Anonymous Symbol]                       0x08000520   Section        0  system_stm32f4xx.o(.text.SystemInit)
    [Anonymous Symbol]                       0x0800061c   Section        0  usart.o(.text.USART1_IRQHandler)
    [Anonymous Symbol]                       0x0800068c   Section        0  stm32f4xx_usart.o(.text.USART_Cmd)
    [Anonymous Symbol]                       0x080006a0   Section        0  stm32f4xx_usart.o(.text.USART_GetITStatus)
    [Anonymous Symbol]                       0x080006d0   Section        0  stm32f4xx_usart.o(.text.USART_ITConfig)
    [Anonymous Symbol]                       0x08000700   Section        0  stm32f4xx_usart.o(.text.USART_Init)
    [Anonymous Symbol]                       0x080007bc   Section        0  stm32f4xx_usart.o(.text.USART_ReceiveData)
    [Anonymous Symbol]                       0x080007c4   Section        0  stm32f4xx_it.o(.text.UsageFault_Handler)
    [Anonymous Symbol]                       0x080007c8   Section        0  usart.o(.text._sys_exit)
    [Anonymous Symbol]                       0x080007cc   Section        0  delay.o(.text.delay_init)
    [Anonymous Symbol]                       0x080007f8   Section        0  delay.o(.text.delay_ms)
    [Anonymous Symbol]                       0x08000884   Section        0  usart.o(.text.fputc)
    [Anonymous Symbol]                       0x08000898   Section        0  main.o(.text.main)
    [Anonymous Symbol]                       0x080008c4   Section        0  usart.o(.text.uart1_init)
    $v0                                      0x08000952   Number         0  fpinit.o(x$fpl$fpinit)
    x$fpl$fpinit                             0x08000952   Section       26  fpinit.o(x$fpl$fpinit)
    APBAHBPrescTable                         0x0800096c   Data          16  stm32f4xx_rcc.o(.rodata.APBAHBPrescTable)
    [Anonymous Symbol]                       0x0800096c   Section        0  stm32f4xx_rcc.o(.rodata.APBAHBPrescTable)
    .bss                                     0x20000000   Section       96  libspace.o(.bss)
    fac_ms                                   0x20000180   Data           2  delay.o(.bss.fac_ms)
    [Anonymous Symbol]                       0x20000180   Section        0  delay.o(.bss.fac_ms)
    fac_us                                   0x20000182   Data           1  delay.o(.bss.fac_us)
    [Anonymous Symbol]                       0x20000182   Section        0  delay.o(.bss.fac_us)
    Heap_Mem                                 0x20000188   Data         512  startup_stm32f40_41xxx.o(HEAP)
    HEAP                                     0x20000188   Section      512  startup_stm32f40_41xxx.o(HEAP)
    Stack_Mem                                0x20000388   Data        1024  startup_stm32f40_41xxx.o(STACK)
    STACK                                    0x20000388   Section     1024  startup_stm32f40_41xxx.o(STACK)
    __initial_sp                             0x20000788   Data           0  startup_stm32f40_41xxx.o(STACK)

    Global Symbols

    Symbol Name                              Value     Ov Type        Size  Object(Section)

    BuildAttributes$$THM_ISAv4$E$P$D$K$B$S$7EM$VFPi3$EXTD16$VFPS$VFMA$PE$A:L22UL41UL21$X:L11$S22US41US21$IEEE1$IW$~IW$USESV6$~STKCKD$USESV7$~SHL$OTIME$ROPI$EBA8$UX$STANDARDLIB$REQ8$PRES8$EABIv2 0x00000000   Number         0  anon$$obj.o ABSOLUTE
    __ARM_exceptions_init                     - Undefined Weak Reference
    __alloca_initialize                       - Undefined Weak Reference
    __arm_preinit_                            - Undefined Weak Reference
    __arm_relocate_pie_                       - Undefined Weak Reference
    __cpp_initialize__aeabi_                  - Undefined Weak Reference
    __cxa_finalize                            - Undefined Weak Reference
    __rt_locale                               - Undefined Weak Reference
    __sigvec_lookup                           - Undefined Weak Reference
    _atexit_init                              - Undefined Weak Reference
    _call_atexit_fns                          - Undefined Weak Reference
    _clock_init                               - Undefined Weak Reference
    _fp_trap_init                             - Undefined Weak Reference
    _fp_trap_shutdown                         - Undefined Weak Reference
    _get_lc_collate                           - Undefined Weak Reference
    _get_lc_ctype                             - Undefined Weak Reference
    _get_lc_monetary                          - Undefined Weak Reference
    _get_lc_numeric                           - Undefined Weak Reference
    _get_lc_time                              - Undefined Weak Reference
    _getenv_init                              - Undefined Weak Reference
    _handle_redirection                       - Undefined Weak Reference
    _init_alloc                               - Undefined Weak Reference
    _init_user_alloc                          - Undefined Weak Reference
    _initio                                   - Undefined Weak Reference
    _rand_init                                - Undefined Weak Reference
    _signal_finish                            - Undefined Weak Reference
    _signal_init                              - Undefined Weak Reference
    _terminate_alloc                          - Undefined Weak Reference
    _terminate_user_alloc                     - Undefined Weak Reference
    _terminateio                              - Undefined Weak Reference
    __Vectors_Size                           0x00000188   Number         0  startup_stm32f40_41xxx.o ABSOLUTE
    __Vectors                                0x08000000   Data           4  startup_stm32f40_41xxx.o(RESET)
    __Vectors_End                            0x08000188   Data           0  startup_stm32f40_41xxx.o(RESET)
    __main                                   0x08000189   Thumb Code     8  __main.o(!!!main)
    __scatterload                            0x08000191   Thumb Code     0  __scatter.o(!!!scatter)
    __scatterload_rt2                        0x08000191   Thumb Code    84  __scatter.o(!!!scatter)
    __scatterload_rt2_thumb_only             0x08000191   Thumb Code     0  __scatter.o(!!!scatter)
    __scatterload_loop                       0x0800019b   Thumb Code     0  __scatter.o(!!!scatter)
    __scatterload_null                       0x080001ed   Thumb Code     2  __scatter.o(!!handler_null)
    __scatterload_zeroinit                   0x080001f1   Thumb Code    28  __scatter_zi.o(!!handler_zi)
    __rt_lib_init                            0x0800020d   Thumb Code     0  libinit.o(.ARM.Collect$$libinit$$00000000)
    __rt_lib_init_fp_1                       0x0800020f   Thumb Code     0  libinit2.o(.ARM.Collect$$libinit$$00000001)
    __rt_lib_init_alloca_1                   0x08000213   Thumb Code     0  libinit2.o(.ARM.Collect$$libinit$$00000030)
    __rt_lib_init_argv_1                     0x08000213   Thumb Code     0  libinit2.o(.ARM.Collect$$libinit$$0000002E)
    __rt_lib_init_atexit_1                   0x08000213   Thumb Code     0  libinit2.o(.ARM.Collect$$libinit$$0000001D)
    __rt_lib_init_clock_1                    0x08000213   Thumb Code     0  libinit2.o(.ARM.Collect$$libinit$$00000023)
    __rt_lib_init_cpp_1                      0x08000213   Thumb Code     0  libinit2.o(.ARM.Collect$$libinit$$00000034)
    __rt_lib_init_exceptions_1               0x08000213   Thumb Code     0  libinit2.o(.ARM.Collect$$libinit$$00000032)
    __rt_lib_init_fp_trap_1                  0x08000213   Thumb Code     0  libinit2.o(.ARM.Collect$$libinit$$00000021)
    __rt_lib_init_getenv_1                   0x08000213   Thumb Code     0  libinit2.o(.ARM.Collect$$libinit$$00000025)
    __rt_lib_init_heap_1                     0x08000213   Thumb Code     0  libinit2.o(.ARM.Collect$$libinit$$0000000C)
    __rt_lib_init_lc_collate_1               0x08000213   Thumb Code     0  libinit2.o(.ARM.Collect$$libinit$$00000013)
    __rt_lib_init_lc_ctype_1                 0x08000213   Thumb Code     0  libinit2.o(.ARM.Collect$$libinit$$00000015)
    __rt_lib_init_lc_monetary_1              0x08000213   Thumb Code     0  libinit2.o(.ARM.Collect$$libinit$$00000017)
    __rt_lib_init_lc_numeric_1               0x08000213   Thumb Code     0  libinit2.o(.ARM.Collect$$libinit$$00000019)
    __rt_lib_init_lc_time_1                  0x08000213   Thumb Code     0  libinit2.o(.ARM.Collect$$libinit$$0000001B)
    __rt_lib_init_preinit_1                  0x08000213   Thumb Code     0  libinit2.o(.ARM.Collect$$libinit$$00000006)
    __rt_lib_init_rand_1                     0x08000213   Thumb Code     0  libinit2.o(.ARM.Collect$$libinit$$00000010)
    __rt_lib_init_relocate_pie_1             0x08000213   Thumb Code     0  libinit2.o(.ARM.Collect$$libinit$$00000004)
    __rt_lib_init_return                     0x08000213   Thumb Code     0  libinit2.o(.ARM.Collect$$libinit$$00000035)
    __rt_lib_init_signal_1                   0x08000213   Thumb Code     0  libinit2.o(.ARM.Collect$$libinit$$0000001F)
    __rt_lib_init_stdio_1                    0x08000213   Thumb Code     0  libinit2.o(.ARM.Collect$$libinit$$00000027)
    __rt_lib_init_user_alloc_1               0x08000213   Thumb Code     0  libinit2.o(.ARM.Collect$$libinit$$0000000E)
    __rt_lib_shutdown                        0x08000215   Thumb Code     0  libshutdown.o(.ARM.Collect$$libshutdown$$00000000)
    __rt_lib_shutdown_cpp_1                  0x08000217   Thumb Code     0  libshutdown2.o(.ARM.Collect$$libshutdown$$00000002)
    __rt_lib_shutdown_fp_trap_1              0x08000217   Thumb Code     0  libshutdown2.o(.ARM.Collect$$libshutdown$$00000007)
    __rt_lib_shutdown_heap_1                 0x08000217   Thumb Code     0  libshutdown2.o(.ARM.Collect$$libshutdown$$0000000F)
    __rt_lib_shutdown_return                 0x08000217   Thumb Code     0  libshutdown2.o(.ARM.Collect$$libshutdown$$00000010)
    __rt_lib_shutdown_signal_1               0x08000217   Thumb Code     0  libshutdown2.o(.ARM.Collect$$libshutdown$$0000000A)
    __rt_lib_shutdown_stdio_1                0x08000217   Thumb Code     0  libshutdown2.o(.ARM.Collect$$libshutdown$$00000004)
    __rt_lib_shutdown_user_alloc_1           0x08000217   Thumb Code     0  libshutdown2.o(.ARM.Collect$$libshutdown$$0000000C)
    __rt_entry                               0x08000219   Thumb Code     0  __rtentry.o(.ARM.Collect$$rtentry$$00000000)
    __rt_entry_presh_1                       0x08000219   Thumb Code     0  __rtentry2.o(.ARM.Collect$$rtentry$$00000002)
    __rt_entry_sh                            0x08000219   Thumb Code     0  __rtentry4.o(.ARM.Collect$$rtentry$$00000004)
    __rt_entry_li                            0x0800021f   Thumb Code     0  __rtentry2.o(.ARM.Collect$$rtentry$$0000000A)
    __rt_entry_postsh_1                      0x0800021f   Thumb Code     0  __rtentry2.o(.ARM.Collect$$rtentry$$00000009)
    __rt_entry_main                          0x08000223   Thumb Code     0  __rtentry2.o(.ARM.Collect$$rtentry$$0000000D)
    __rt_entry_postli_1                      0x08000223   Thumb Code     0  __rtentry2.o(.ARM.Collect$$rtentry$$0000000C)
    __rt_exit                                0x0800022b   Thumb Code     0  rtexit.o(.ARM.Collect$$rtexit$$00000000)
    __rt_exit_ls                             0x0800022d   Thumb Code     0  rtexit2.o(.ARM.Collect$$rtexit$$00000003)
    __rt_exit_prels_1                        0x0800022d   Thumb Code     0  rtexit2.o(.ARM.Collect$$rtexit$$00000002)
    __rt_exit_exit                           0x08000231   Thumb Code     0  rtexit2.o(.ARM.Collect$$rtexit$$00000004)
    Reset_Handler                            0x08000239   Thumb Code     8  startup_stm32f40_41xxx.o(.text)
    SVC_Handler                              0x0800024b   Thumb Code     2  startup_stm32f40_41xxx.o(.text)
    PendSV_Handler                           0x0800024f   Thumb Code     2  startup_stm32f40_41xxx.o(.text)
    SysTick_Handler                          0x08000251   Thumb Code     2  startup_stm32f40_41xxx.o(.text)
    ADC_IRQHandler                           0x08000253   Thumb Code     0  startup_stm32f40_41xxx.o(.text)
    CAN1_RX0_IRQHandler                      0x08000253   Thumb Code     0  startup_stm32f40_41xxx.o(.text)
    CAN1_RX1_IRQHandler                      0x08000253   Thumb Code     0  startup_stm32f40_41xxx.o(.text)
    CAN1_SCE_IRQHandler                      0x08000253   Thumb Code     0  startup_stm32f40_41xxx.o(.text)
    CAN1_TX_IRQHandler                       0x08000253   Thumb Code     0  startup_stm32f40_41xxx.o(.text)
    CAN2_RX0_IRQHandler                      0x08000253   Thumb Code     0  startup_stm32f40_41xxx.o(.text)
    CAN2_RX1_IRQHandler                      0x08000253   Thumb Code     0  startup_stm32f40_41xxx.o(.text)
    CAN2_SCE_IRQHandler                      0x08000253   Thumb Code     0  startup_stm32f40_41xxx.o(.text)
    CAN2_TX_IRQHandler                       0x08000253   Thumb Code     0  startup_stm32f40_41xxx.o(.text)
    CRYP_IRQHandler                          0x08000253   Thumb Code     0  startup_stm32f40_41xxx.o(.text)
    DCMI_IRQHandler                          0x08000253   Thumb Code     0  startup_stm32f40_41xxx.o(.text)
    DMA1_Stream0_IRQHandler                  0x08000253   Thumb Code     0  startup_stm32f40_41xxx.o(.text)
    DMA1_Stream1_IRQHandler                  0x08000253   Thumb Code     0  startup_stm32f40_41xxx.o(.text)
    DMA1_Stream2_IRQHandler                  0x08000253   Thumb Code     0  startup_stm32f40_41xxx.o(.text)
    DMA1_Stream3_IRQHandler                  0x08000253   Thumb Code     0  startup_stm32f40_41xxx.o(.text)
    DMA1_Stream4_IRQHandler                  0x08000253   Thumb Code     0  startup_stm32f40_41xxx.o(.text)
    DMA1_Stream5_IRQHandler                  0x08000253   Thumb Code     0  startup_stm32f40_41xxx.o(.text)
    DMA1_Stream6_IRQHandler                  0x08000253   Thumb Code     0  startup_stm32f40_41xxx.o(.text)
    DMA1_Stream7_IRQHandler                  0x08000253   Thumb Code     0  startup_stm32f40_41xxx.o(.text)
    DMA2_Stream0_IRQHandler                  0x08000253   Thumb Code     0  startup_stm32f40_41xxx.o(.text)
    DMA2_Stream1_IRQHandler                  0x08000253   Thumb Code     0  startup_stm32f40_41xxx.o(.text)
    DMA2_Stream2_IRQHandler                  0x08000253   Thumb Code     0  startup_stm32f40_41xxx.o(.text)
    DMA2_Stream3_IRQHandler                  0x08000253   Thumb Code     0  startup_stm32f40_41xxx.o(.text)
    DMA2_Stream4_IRQHandler                  0x08000253   Thumb Code     0  startup_stm32f40_41xxx.o(.text)
    DMA2_Stream5_IRQHandler                  0x08000253   Thumb Code     0  startup_stm32f40_41xxx.o(.text)
    DMA2_Stream6_IRQHandler                  0x08000253   Thumb Code     0  startup_stm32f40_41xxx.o(.text)
    DMA2_Stream7_IRQHandler                  0x08000253   Thumb Code     0  startup_stm32f40_41xxx.o(.text)
    ETH_IRQHandler                           0x08000253   Thumb Code     0  startup_stm32f40_41xxx.o(.text)
    ETH_WKUP_IRQHandler                      0x08000253   Thumb Code     0  startup_stm32f40_41xxx.o(.text)
    EXTI0_IRQHandler                         0x08000253   Thumb Code     0  startup_stm32f40_41xxx.o(.text)
    EXTI15_10_IRQHandler                     0x08000253   Thumb Code     0  startup_stm32f40_41xxx.o(.text)
    EXTI1_IRQHandler                         0x08000253   Thumb Code     0  startup_stm32f40_41xxx.o(.text)
    EXTI2_IRQHandler                         0x08000253   Thumb Code     0  startup_stm32f40_41xxx.o(.text)
    EXTI3_IRQHandler                         0x08000253   Thumb Code     0  startup_stm32f40_41xxx.o(.text)
    EXTI4_IRQHandler                         0x08000253   Thumb Code     0  startup_stm32f40_41xxx.o(.text)
    EXTI9_5_IRQHandler                       0x08000253   Thumb Code     0  startup_stm32f40_41xxx.o(.text)
    FLASH_IRQHandler                         0x08000253   Thumb Code     0  startup_stm32f40_41xxx.o(.text)
    FPU_IRQHandler                           0x08000253   Thumb Code     0  startup_stm32f40_41xxx.o(.text)
    FSMC_IRQHandler                          0x08000253   Thumb Code     0  startup_stm32f40_41xxx.o(.text)
    HASH_RNG_IRQHandler                      0x08000253   Thumb Code     0  startup_stm32f40_41xxx.o(.text)
    I2C1_ER_IRQHandler                       0x08000253   Thumb Code     0  startup_stm32f40_41xxx.o(.text)
    I2C1_EV_IRQHandler                       0x08000253   Thumb Code     0  startup_stm32f40_41xxx.o(.text)
    I2C2_ER_IRQHandler                       0x08000253   Thumb Code     0  startup_stm32f40_41xxx.o(.text)
    I2C2_EV_IRQHandler                       0x08000253   Thumb Code     0  startup_stm32f40_41xxx.o(.text)
    I2C3_ER_IRQHandler                       0x08000253   Thumb Code     0  startup_stm32f40_41xxx.o(.text)
    I2C3_EV_IRQHandler                       0x08000253   Thumb Code     0  startup_stm32f40_41xxx.o(.text)
    OTG_FS_IRQHandler                        0x08000253   Thumb Code     0  startup_stm32f40_41xxx.o(.text)
    OTG_FS_WKUP_IRQHandler                   0x08000253   Thumb Code     0  startup_stm32f40_41xxx.o(.text)
    OTG_HS_EP1_IN_IRQHandler                 0x08000253   Thumb Code     0  startup_stm32f40_41xxx.o(.text)
    OTG_HS_EP1_OUT_IRQHandler                0x08000253   Thumb Code     0  startup_stm32f40_41xxx.o(.text)
    OTG_HS_IRQHandler                        0x08000253   Thumb Code     0  startup_stm32f40_41xxx.o(.text)
    OTG_HS_WKUP_IRQHandler                   0x08000253   Thumb Code     0  startup_stm32f40_41xxx.o(.text)
    PVD_IRQHandler                           0x08000253   Thumb Code     0  startup_stm32f40_41xxx.o(.text)
    RCC_IRQHandler                           0x08000253   Thumb Code     0  startup_stm32f40_41xxx.o(.text)
    RTC_Alarm_IRQHandler                     0x08000253   Thumb Code     0  startup_stm32f40_41xxx.o(.text)
    RTC_WKUP_IRQHandler                      0x08000253   Thumb Code     0  startup_stm32f40_41xxx.o(.text)
    SDIO_IRQHandler                          0x08000253   Thumb Code     0  startup_stm32f40_41xxx.o(.text)
    SPI1_IRQHandler                          0x08000253   Thumb Code     0  startup_stm32f40_41xxx.o(.text)
    SPI2_IRQHandler                          0x08000253   Thumb Code     0  startup_stm32f40_41xxx.o(.text)
    SPI3_IRQHandler                          0x08000253   Thumb Code     0  startup_stm32f40_41xxx.o(.text)
    TAMP_STAMP_IRQHandler                    0x08000253   Thumb Code     0  startup_stm32f40_41xxx.o(.text)
    TIM1_BRK_TIM9_IRQHandler                 0x08000253   Thumb Code     0  startup_stm32f40_41xxx.o(.text)
    TIM1_CC_IRQHandler                       0x08000253   Thumb Code     0  startup_stm32f40_41xxx.o(.text)
    TIM1_TRG_COM_TIM11_IRQHandler            0x08000253   Thumb Code     0  startup_stm32f40_41xxx.o(.text)
    TIM1_UP_TIM10_IRQHandler                 0x08000253   Thumb Code     0  startup_stm32f40_41xxx.o(.text)
    TIM2_IRQHandler                          0x08000253   Thumb Code     0  startup_stm32f40_41xxx.o(.text)
    TIM3_IRQHandler                          0x08000253   Thumb Code     0  startup_stm32f40_41xxx.o(.text)
    TIM4_IRQHandler                          0x08000253   Thumb Code     0  startup_stm32f40_41xxx.o(.text)
    TIM5_IRQHandler                          0x08000253   Thumb Code     0  startup_stm32f40_41xxx.o(.text)
    TIM6_DAC_IRQHandler                      0x08000253   Thumb Code     0  startup_stm32f40_41xxx.o(.text)
    TIM7_IRQHandler                          0x08000253   Thumb Code     0  startup_stm32f40_41xxx.o(.text)
    TIM8_BRK_TIM12_IRQHandler                0x08000253   Thumb Code     0  startup_stm32f40_41xxx.o(.text)
    TIM8_CC_IRQHandler                       0x08000253   Thumb Code     0  startup_stm32f40_41xxx.o(.text)
    TIM8_TRG_COM_TIM14_IRQHandler            0x08000253   Thumb Code     0  startup_stm32f40_41xxx.o(.text)
    TIM8_UP_TIM13_IRQHandler                 0x08000253   Thumb Code     0  startup_stm32f40_41xxx.o(.text)
    UART4_IRQHandler                         0x08000253   Thumb Code     0  startup_stm32f40_41xxx.o(.text)
    UART5_IRQHandler                         0x08000253   Thumb Code     0  startup_stm32f40_41xxx.o(.text)
    USART2_IRQHandler                        0x08000253   Thumb Code     0  startup_stm32f40_41xxx.o(.text)
    USART3_IRQHandler                        0x08000253   Thumb Code     0  startup_stm32f40_41xxx.o(.text)
    USART6_IRQHandler                        0x08000253   Thumb Code     0  startup_stm32f40_41xxx.o(.text)
    WWDG_IRQHandler                          0x08000253   Thumb Code     0  startup_stm32f40_41xxx.o(.text)
    __user_initial_stackheap                 0x08000255   Thumb Code     0  startup_stm32f40_41xxx.o(.text)
    __use_no_semihosting                     0x08000279   Thumb Code     2  use_no_semi_2.o(.text)
    puts                                     0x0800027d   Thumb Code    40  puts.o(.text)
    __use_two_region_memory                  0x080002a9   Thumb Code     2  heapauxi.o(.text)
    __rt_heap_escrow$2region                 0x080002ab   Thumb Code     2  heapauxi.o(.text)
    __rt_heap_expand$2region                 0x080002ad   Thumb Code     2  heapauxi.o(.text)
    __I$use$semihosting                      0x080002af   Thumb Code     0  use_no_semi.o(.text)
    __use_no_semihosting_swi                 0x080002af   Thumb Code     2  use_no_semi.o(.text)
    __user_setup_stackheap                   0x080002b1   Thumb Code    74  sys_stackheap_outer.o(.text)
    exit                                     0x080002fb   Thumb Code    18  exit.o(.text)
    __user_libspace                          0x0800030d   Thumb Code     8  libspace.o(.text)
    __user_perproc_libspace                  0x0800030d   Thumb Code     0  libspace.o(.text)
    __user_perthread_libspace                0x0800030d   Thumb Code     0  libspace.o(.text)
    BusFault_Handler                         0x08000315   Thumb Code     2  stm32f4xx_it.o(.text.BusFault_Handler)
    DebugMon_Handler                         0x08000319   Thumb Code     2  stm32f4xx_it.o(.text.DebugMon_Handler)
    GPIO_Init                                0x0800031d   Thumb Code   134  stm32f4xx_gpio.o(.text.GPIO_Init)
    GPIO_PinAFConfig                         0x080003a5   Thumb Code    40  stm32f4xx_gpio.o(.text.GPIO_PinAFConfig)
    HardFault_Handler                        0x080003cd   Thumb Code     2  stm32f4xx_it.o(.text.HardFault_Handler)
    MemManage_Handler                        0x080003d1   Thumb Code     2  stm32f4xx_it.o(.text.MemManage_Handler)
    NMI_Handler                              0x080003d5   Thumb Code     2  stm32f4xx_it.o(.text.NMI_Handler)
    NVIC_Init                                0x080003d9   Thumb Code    98  misc.o(.text.NVIC_Init)
    RCC_AHB1PeriphClockCmd                   0x0800043d   Thumb Code    24  stm32f4xx_rcc.o(.text.RCC_AHB1PeriphClockCmd)
    RCC_APB2PeriphClockCmd                   0x08000455   Thumb Code    24  stm32f4xx_rcc.o(.text.RCC_APB2PeriphClockCmd)
    RCC_GetClocksFreq                        0x0800046d   Thumb Code   154  stm32f4xx_rcc.o(.text.RCC_GetClocksFreq)
    SysTick_CLKSourceConfig                  0x08000509   Thumb Code    24  misc.o(.text.SysTick_CLKSourceConfig)
    SystemInit                               0x08000521   Thumb Code   250  system_stm32f4xx.o(.text.SystemInit)
    USART1_IRQHandler                        0x0800061d   Thumb Code   110  usart.o(.text.USART1_IRQHandler)
    USART_Cmd                                0x0800068d   Thumb Code    20  stm32f4xx_usart.o(.text.USART_Cmd)
    USART_GetITStatus                        0x080006a1   Thumb Code    48  stm32f4xx_usart.o(.text.USART_GetITStatus)
    USART_ITConfig                           0x080006d1   Thumb Code    46  stm32f4xx_usart.o(.text.USART_ITConfig)
    USART_Init                               0x08000701   Thumb Code   186  stm32f4xx_usart.o(.text.USART_Init)
    USART_ReceiveData                        0x080007bd   Thumb Code     8  stm32f4xx_usart.o(.text.USART_ReceiveData)
    UsageFault_Handler                       0x080007c5   Thumb Code     2  stm32f4xx_it.o(.text.UsageFault_Handler)
    _sys_exit                                0x080007c9   Thumb Code     2  usart.o(.text._sys_exit)
    delay_init                               0x080007cd   Thumb Code    42  delay.o(.text.delay_init)
    delay_ms                                 0x080007f9   Thumb Code   140  delay.o(.text.delay_ms)
    fputc                                    0x08000885   Thumb Code    20  usart.o(.text.fputc)
    main                                     0x08000899   Thumb Code    32  main.o(.text.main)
    uart1_init                               0x080008c5   Thumb Code   142  usart.o(.text.uart1_init)
    _fp_init                                 0x08000953   Thumb Code    26  fpinit.o(x$fpl$fpinit)
    __fplib_config_fpu_vfp                   0x0800096b   Thumb Code     0  fpinit.o(x$fpl$fpinit)
    __fplib_config_pureend_doubles           0x0800096b   Thumb Code     0  fpinit.o(x$fpl$fpinit)
    Region$$Table$$Base                      0x0800097c   Number         0  anon$$obj.o(Region$$Table)
    Region$$Table$$Limit                     0x0800098c   Number         0  anon$$obj.o(Region$$Table)
    __libspace_start                         0x20000000   Data          96  libspace.o(.bss)
    USART_RX_BUF                             0x20000060   Data         200  usart.o(.bss.USART_RX_BUF)
    __temporary_stack_top$libspace           0x20000060   Data           0  libspace.o(.bss)
    USART_RX_STA                             0x20000128   Data           2  usart.o(.bss.USART_RX_STA)
    __stdout                                 0x2000012c   Data          84  usart.o(.bss.__stdout)



==============================================================================

Memory Map of the image

  Image Entry point : 0x08000189

  Load Region LR_IROM1 (Base: 0x08000000, Size: 0x0000098c, Max: 0x00100000, ABSOLUTE)

    Execution Region ER_IROM1 (Exec base: 0x08000000, Load base: 0x08000000, Size: 0x0000098c, Max: 0x00100000, ABSOLUTE)

    Exec Addr    Load Addr    Size         Type   Attr      Idx    E Section Name        Object

    0x08000000   0x08000000   0x00000188   Data   RO           45    RESET               startup_stm32f40_41xxx.o
    0x08000188   0x08000188   0x00000008   Code   RO          532  * !!!main             c_w.l(__main.o)
    0x08000190   0x08000190   0x0000005c   Code   RO          693    !!!scatter          c_w.l(__scatter.o)
    0x080001ec   0x080001ec   0x00000002   Code   RO          694    !!handler_null      c_w.l(__scatter.o)
    0x080001ee   0x080001ee   0x00000002   PAD
    0x080001f0   0x080001f0   0x0000001c   Code   RO          697    !!handler_zi        c_w.l(__scatter_zi.o)
    0x0800020c   0x0800020c   0x00000002   Code   RO          561    .ARM.Collect$$libinit$$00000000  c_w.l(libinit.o)
    0x0800020e   0x0800020e   0x00000004   Code   RO          567    .ARM.Collect$$libinit$$00000001  c_w.l(libinit2.o)
    0x08000212   0x08000212   0x00000000   Code   RO          570    .ARM.Collect$$libinit$$00000004  c_w.l(libinit2.o)
    0x08000212   0x08000212   0x00000000   Code   RO          572    .ARM.Collect$$libinit$$00000006  c_w.l(libinit2.o)
    0x08000212   0x08000212   0x00000000   Code   RO          575    .ARM.Collect$$libinit$$0000000C  c_w.l(libinit2.o)
    0x08000212   0x08000212   0x00000000   Code   RO          577    .ARM.Collect$$libinit$$0000000E  c_w.l(libinit2.o)
    0x08000212   0x08000212   0x00000000   Code   RO          579    .ARM.Collect$$libinit$$00000010  c_w.l(libinit2.o)
    0x08000212   0x08000212   0x00000000   Code   RO          582    .ARM.Collect$$libinit$$00000013  c_w.l(libinit2.o)
    0x08000212   0x08000212   0x00000000   Code   RO          584    .ARM.Collect$$libinit$$00000015  c_w.l(libinit2.o)
    0x08000212   0x08000212   0x00000000   Code   RO          586    .ARM.Collect$$libinit$$00000017  c_w.l(libinit2.o)
    0x08000212   0x08000212   0x00000000   Code   RO          588    .ARM.Collect$$libinit$$00000019  c_w.l(libinit2.o)
    0x08000212   0x08000212   0x00000000   Code   RO          590    .ARM.Collect$$libinit$$0000001B  c_w.l(libinit2.o)
    0x08000212   0x08000212   0x00000000   Code   RO          592    .ARM.Collect$$libinit$$0000001D  c_w.l(libinit2.o)
    0x08000212   0x08000212   0x00000000   Code   RO          594    .ARM.Collect$$libinit$$0000001F  c_w.l(libinit2.o)
    0x08000212   0x08000212   0x00000000   Code   RO          596    .ARM.Collect$$libinit$$00000021  c_w.l(libinit2.o)
    0x08000212   0x08000212   0x00000000   Code   RO          598    .ARM.Collect$$libinit$$00000023  c_w.l(libinit2.o)
    0x08000212   0x08000212   0x00000000   Code   RO          600    .ARM.Collect$$libinit$$00000025  c_w.l(libinit2.o)
    0x08000212   0x08000212   0x00000000   Code   RO          602    .ARM.Collect$$libinit$$00000027  c_w.l(libinit2.o)
    0x08000212   0x08000212   0x00000000   Code   RO          606    .ARM.Collect$$libinit$$0000002E  c_w.l(libinit2.o)
    0x08000212   0x08000212   0x00000000   Code   RO          608    .ARM.Collect$$libinit$$00000030  c_w.l(libinit2.o)
    0x08000212   0x08000212   0x00000000   Code   RO          610    .ARM.Collect$$libinit$$00000032  c_w.l(libinit2.o)
    0x08000212   0x08000212   0x00000000   Code   RO          612    .ARM.Collect$$libinit$$00000034  c_w.l(libinit2.o)
    0x08000212   0x08000212   0x00000002   Code   RO          613    .ARM.Collect$$libinit$$00000035  c_w.l(libinit2.o)
    0x08000214   0x08000214   0x00000002   Code   RO          631    .ARM.Collect$$libshutdown$$00000000  c_w.l(libshutdown.o)
    0x08000216   0x08000216   0x00000000   Code   RO          643    .ARM.Collect$$libshutdown$$00000002  c_w.l(libshutdown2.o)
    0x08000216   0x08000216   0x00000000   Code   RO          645    .ARM.Collect$$libshutdown$$00000004  c_w.l(libshutdown2.o)
    0x08000216   0x08000216   0x00000000   Code   RO          648    .ARM.Collect$$libshutdown$$00000007  c_w.l(libshutdown2.o)
    0x08000216   0x08000216   0x00000000   Code   RO          651    .ARM.Collect$$libshutdown$$0000000A  c_w.l(libshutdown2.o)
    0x08000216   0x08000216   0x00000000   Code   RO          653    .ARM.Collect$$libshutdown$$0000000C  c_w.l(libshutdown2.o)
    0x08000216   0x08000216   0x00000000   Code   RO          656    .ARM.Collect$$libshutdown$$0000000F  c_w.l(libshutdown2.o)
    0x08000216   0x08000216   0x00000002   Code   RO          657    .ARM.Collect$$libshutdown$$00000010  c_w.l(libshutdown2.o)
    0x08000218   0x08000218   0x00000000   Code   RO          536    .ARM.Collect$$rtentry$$00000000  c_w.l(__rtentry.o)
    0x08000218   0x08000218   0x00000000   Code   RO          538    .ARM.Collect$$rtentry$$00000002  c_w.l(__rtentry2.o)
    0x08000218   0x08000218   0x00000006   Code   RO          550    .ARM.Collect$$rtentry$$00000004  c_w.l(__rtentry4.o)
    0x0800021e   0x0800021e   0x00000000   Code   RO          540    .ARM.Collect$$rtentry$$00000009  c_w.l(__rtentry2.o)
    0x0800021e   0x0800021e   0x00000004   Code   RO          541    .ARM.Collect$$rtentry$$0000000A  c_w.l(__rtentry2.o)
    0x08000222   0x08000222   0x00000000   Code   RO          543    .ARM.Collect$$rtentry$$0000000C  c_w.l(__rtentry2.o)
    0x08000222   0x08000222   0x00000008   Code   RO          544    .ARM.Collect$$rtentry$$0000000D  c_w.l(__rtentry2.o)
    0x0800022a   0x0800022a   0x00000002   Code   RO          565    .ARM.Collect$$rtexit$$00000000  c_w.l(rtexit.o)
    0x0800022c   0x0800022c   0x00000000   Code   RO          615    .ARM.Collect$$rtexit$$00000002  c_w.l(rtexit2.o)
    0x0800022c   0x0800022c   0x00000004   Code   RO          616    .ARM.Collect$$rtexit$$00000003  c_w.l(rtexit2.o)
    0x08000230   0x08000230   0x00000006   Code   RO          617    .ARM.Collect$$rtexit$$00000004  c_w.l(rtexit2.o)
    0x08000236   0x08000236   0x00000002   PAD
    0x08000238   0x08000238   0x00000040   Code   RO           46    .text               startup_stm32f40_41xxx.o
    0x08000278   0x08000278   0x00000002   Code   RO          526    .text               c_w.l(use_no_semi_2.o)
    0x0800027a   0x0800027a   0x00000002   PAD
    0x0800027c   0x0800027c   0x0000002c   Code   RO          528    .text               c_w.l(puts.o)
    0x080002a8   0x080002a8   0x00000006   Code   RO          530    .text               c_w.l(heapauxi.o)
    0x080002ae   0x080002ae   0x00000002   Code   RO          534    .text               c_w.l(use_no_semi.o)
    0x080002b0   0x080002b0   0x0000004a   Code   RO          552    .text               c_w.l(sys_stackheap_outer.o)
    0x080002fa   0x080002fa   0x00000012   Code   RO          554    .text               c_w.l(exit.o)
    0x0800030c   0x0800030c   0x00000008   Code   RO          562    .text               c_w.l(libspace.o)
    0x08000314   0x08000314   0x00000002   Code   RO           17    .text.BusFault_Handler  stm32f4xx_it.o
    0x08000316   0x08000316   0x00000002   PAD
    0x08000318   0x08000318   0x00000002   Code   RO           21    .text.DebugMon_Handler  stm32f4xx_it.o
    0x0800031a   0x0800031a   0x00000002   PAD
    0x0800031c   0x0800031c   0x00000086   Code   RO          107    .text.GPIO_Init     stm32f4xx_gpio.o
    0x080003a2   0x080003a2   0x00000002   PAD
    0x080003a4   0x080003a4   0x00000028   Code   RO          131    .text.GPIO_PinAFConfig  stm32f4xx_gpio.o
    0x080003cc   0x080003cc   0x00000002   Code   RO           13    .text.HardFault_Handler  stm32f4xx_it.o
    0x080003ce   0x080003ce   0x00000002   PAD
    0x080003d0   0x080003d0   0x00000002   Code   RO           15    .text.MemManage_Handler  stm32f4xx_it.o
    0x080003d2   0x080003d2   0x00000002   PAD
    0x080003d4   0x080003d4   0x00000002   Code   RO           11    .text.NMI_Handler   stm32f4xx_it.o
    0x080003d6   0x080003d6   0x00000002   PAD
    0x080003d8   0x080003d8   0x00000062   Code   RO          509    .text.NVIC_Init     misc.o
    0x0800043a   0x0800043a   0x00000002   PAD
    0x0800043c   0x0800043c   0x00000018   Code   RO          274    .text.RCC_AHB1PeriphClockCmd  stm32f4xx_rcc.o
    0x08000454   0x08000454   0x00000018   Code   RO          282    .text.RCC_APB2PeriphClockCmd  stm32f4xx_rcc.o
    0x0800046c   0x0800046c   0x0000009a   Code   RO          252    .text.RCC_GetClocksFreq  stm32f4xx_rcc.o
    0x08000506   0x08000506   0x00000002   PAD
    0x08000508   0x08000508   0x00000018   Code   RO          515    .text.SysTick_CLKSourceConfig  misc.o
    0x08000520   0x08000520   0x000000fa   Code   RO           30    .text.SystemInit    system_stm32f4xx.o
    0x0800061a   0x0800061a   0x00000002   PAD
    0x0800061c   0x0800061c   0x0000006e   Code   RO           92    .text.USART1_IRQHandler  usart.o
    0x0800068a   0x0800068a   0x00000002   PAD
    0x0800068c   0x0800068c   0x00000014   Code   RO          152    .text.USART_Cmd     stm32f4xx_usart.o
    0x080006a0   0x080006a0   0x00000030   Code   RO          196    .text.USART_GetITStatus  stm32f4xx_usart.o
    0x080006d0   0x080006d0   0x0000002e   Code   RO          190    .text.USART_ITConfig  stm32f4xx_usart.o
    0x080006fe   0x080006fe   0x00000002   PAD
    0x08000700   0x08000700   0x000000ba   Code   RO          144    .text.USART_Init    stm32f4xx_usart.o
    0x080007ba   0x080007ba   0x00000002   PAD
    0x080007bc   0x080007bc   0x00000008   Code   RO          162    .text.USART_ReceiveData  stm32f4xx_usart.o
    0x080007c4   0x080007c4   0x00000002   Code   RO           19    .text.UsageFault_Handler  stm32f4xx_it.o
    0x080007c6   0x080007c6   0x00000002   PAD
    0x080007c8   0x080007c8   0x00000002   Code   RO           86    .text._sys_exit     usart.o
    0x080007ca   0x080007ca   0x00000002   PAD
    0x080007cc   0x080007cc   0x0000002a   Code   RO           53    .text.delay_init    delay.o
    0x080007f6   0x080007f6   0x00000002   PAD
    0x080007f8   0x080007f8   0x0000008c   Code   RO           59    .text.delay_ms      delay.o
    0x08000884   0x08000884   0x00000014   Code   RO           88    .text.fputc         usart.o
    0x08000898   0x08000898   0x0000002c   Code   RO            2    .text.main          main.o
    0x080008c4   0x080008c4   0x0000008e   Code   RO           90    .text.uart1_init    usart.o
    0x08000952   0x08000952   0x0000001a   Code   RO          623    x$fpl$fpinit        fz_wm.l(fpinit.o)
    0x0800096c   0x0800096c   0x00000010   Data   RO          314    .rodata.APBAHBPrescTable  stm32f4xx_rcc.o
    0x0800097c   0x0800097c   0x00000010   Data   RO          692    Region$$Table       anon$$obj.o


    Execution Region RW_IRAM2 (Exec base: 0x10000000, Load base: 0x0800098c, Size: 0x00000000, Max: 0x00010000, ABSOLUTE)

    **** No section assigned to this execution region ****


    Execution Region RW_IRAM1 (Exec base: 0x20000000, Load base: 0x0800098c, Size: 0x00000788, Max: 0x00020000, ABSOLUTE)

    Exec Addr    Load Addr    Size         Type   Attr      Idx    E Section Name        Object

    0x20000000        -       0x00000060   Zero   RW          563    .bss                c_w.l(libspace.o)
    0x20000060        -       0x000000c8   Zero   RW           95    .bss.USART_RX_BUF   usart.o
    0x20000128        -       0x00000002   Zero   RW           94    .bss.USART_RX_STA   usart.o
    0x2000012a   0x0800098c   0x00000002   PAD
    0x2000012c        -       0x00000054   Zero   RW           96    .bss.__stdout       usart.o
    0x20000180        -       0x00000002   Zero   RW           62    .bss.fac_ms         delay.o
    0x20000182        -       0x00000001   Zero   RW           61    .bss.fac_us         delay.o
    0x20000183   0x0800098c   0x00000005   PAD
    0x20000188        -       0x00000200   Zero   RW           44    HEAP                startup_stm32f40_41xxx.o
    0x20000388        -       0x00000400   Zero   RW           43    STACK               startup_stm32f40_41xxx.o


==============================================================================

Image component sizes


      Code (inc. data)   RO Data    RW Data    ZI Data      Debug   Object Name

       182          0          0          0          3       2016   delay.o
        44         12          0          0          0        458   main.o
       122          0          0          0          0       3236   misc.o
        64         26        392          0       1536        844   startup_stm32f40_41xxx.o
       174          0          0          0          0       4749   stm32f4xx_gpio.o
        12          0          0          0          0        746   stm32f4xx_it.o
       202          0         16          0          0      13519   stm32f4xx_rcc.o
       308          0          0          0          0       8670   stm32f4xx_usart.o
       250          0          0          0          0       3212   system_stm32f4xx.o
       274          0          0          0        286       5450   usart.o

    ----------------------------------------------------------------------
      1662         38        424          0       1832      42900   Object Totals
         0          0         16          0          0          0   (incl. Generated)
        30          0          0          0          7          0   (incl. Padding)

    ----------------------------------------------------------------------

      Code (inc. data)   RO Data    RW Data    ZI Data      Debug   Library Member Name

         8          0          0          0          0         68   __main.o
         0          0          0          0          0          0   __rtentry.o
        12          0          0          0          0          0   __rtentry2.o
         6          0          0          0          0          0   __rtentry4.o
        94          8          0          0          0          0   __scatter.o
        28          0          0          0          0          0   __scatter_zi.o
        18          0          0          0          0         80   exit.o
         6          0          0          0          0        152   heapauxi.o
         2          0          0          0          0          0   libinit.o
         6          0          0          0          0          0   libinit2.o
         2          0          0          0          0          0   libshutdown.o
         2          0          0          0          0          0   libshutdown2.o
         8          4          0          0         96         68   libspace.o
        44          4          0          0          0         84   puts.o
         2          0          0          0          0          0   rtexit.o
        10          0          0          0          0          0   rtexit2.o
        74          0          0          0          0         80   sys_stackheap_outer.o
         2          0          0          0          0         68   use_no_semi.o
         2          0          0          0          0         68   use_no_semi_2.o
        26          0          0          0          0        116   fpinit.o

    ----------------------------------------------------------------------
       358         16          0          0         96        784   Library Totals
         6          0          0          0          0          0   (incl. Padding)

    ----------------------------------------------------------------------

      Code (inc. data)   RO Data    RW Data    ZI Data      Debug   Library Name

       326         16          0          0         96        668   c_w.l
        26          0          0          0          0        116   fz_wm.l

    ----------------------------------------------------------------------
       358         16          0          0         96        784   Library Totals

    ----------------------------------------------------------------------

==============================================================================


      Code (inc. data)   RO Data    RW Data    ZI Data      Debug   

      2020         54        424          0       1928      43316   Grand Totals
      2020         54        424          0       1928      43316   ELF Image Totals
      2020         54        424          0          0          0   ROM Totals

==============================================================================

    Total RO  Size (Code + RO Data)                 2444 (   2.39kB)
    Total RW  Size (RW Data + ZI Data)              1928 (   1.88kB)
    Total ROM Size (Code + RO Data + RW Data)       2444 (   2.39kB)

==============================================================================

